ARM GAS  C:\Users\elon1\AppData\Local\Temp\ccDsWpyI.s 			page 1


   1              		.syntax unified
   2              		.cpu cortex-m3
   3              		.fpu softvfp
   4              		.eabi_attribute 20, 1
   5              		.eabi_attribute 21, 1
   6              		.eabi_attribute 23, 3
   7              		.eabi_attribute 24, 1
   8              		.eabi_attribute 25, 1
   9              		.eabi_attribute 26, 1
  10              		.eabi_attribute 30, 4
  11              		.eabi_attribute 34, 1
  12              		.eabi_attribute 18, 4
  13              		.thumb
  14              		.syntax unified
  15              		.file	"cyfitter_cfg.c"
  16              		.text
  17              	.Ltext0:
  18              		.cfi_sections	.debug_frame
  19              		.section	.text.SetAnalogRoutingPumps,"ax",%progbits
  20              		.align	1
  21              		.global	SetAnalogRoutingPumps
  22              		.thumb
  23              		.thumb_func
  24              		.type	SetAnalogRoutingPumps, %function
  25              	SetAnalogRoutingPumps:
  26              	.LFB6:
  27              		.file 1 "Generated_Source\\PSoC5\\cyfitter_cfg.c"
   1:Generated_Source\PSoC5/cyfitter_cfg.c **** 
   2:Generated_Source\PSoC5/cyfitter_cfg.c **** /*******************************************************************************
   3:Generated_Source\PSoC5/cyfitter_cfg.c **** * File Name: cyfitter_cfg.c
   4:Generated_Source\PSoC5/cyfitter_cfg.c **** * 
   5:Generated_Source\PSoC5/cyfitter_cfg.c **** * PSoC Creator  4.4
   6:Generated_Source\PSoC5/cyfitter_cfg.c **** *
   7:Generated_Source\PSoC5/cyfitter_cfg.c **** * Description:
   8:Generated_Source\PSoC5/cyfitter_cfg.c **** * This file contains device initialization code.
   9:Generated_Source\PSoC5/cyfitter_cfg.c **** * Except for the user defined sections in CyClockStartupError(), this file should not be modified.
  10:Generated_Source\PSoC5/cyfitter_cfg.c **** * This file is automatically generated by PSoC Creator.
  11:Generated_Source\PSoC5/cyfitter_cfg.c **** *
  12:Generated_Source\PSoC5/cyfitter_cfg.c **** ********************************************************************************
  13:Generated_Source\PSoC5/cyfitter_cfg.c **** * Copyright (c) 2007-2020 Cypress Semiconductor.  All rights reserved.
  14:Generated_Source\PSoC5/cyfitter_cfg.c **** * You may use this file only in accordance with the license, terms, conditions, 
  15:Generated_Source\PSoC5/cyfitter_cfg.c **** * disclaimers, and limitations in the end user license agreement accompanying 
  16:Generated_Source\PSoC5/cyfitter_cfg.c **** * the software package with which this file was provided.
  17:Generated_Source\PSoC5/cyfitter_cfg.c **** ********************************************************************************/
  18:Generated_Source\PSoC5/cyfitter_cfg.c **** 
  19:Generated_Source\PSoC5/cyfitter_cfg.c **** #include <string.h>
  20:Generated_Source\PSoC5/cyfitter_cfg.c **** #include "cytypes.h"
  21:Generated_Source\PSoC5/cyfitter_cfg.c **** #include "cydevice_trm.h"
  22:Generated_Source\PSoC5/cyfitter_cfg.c **** #include "cyfitter.h"
  23:Generated_Source\PSoC5/cyfitter_cfg.c **** #include "CyLib.h"
  24:Generated_Source\PSoC5/cyfitter_cfg.c **** #include "cyfitter_cfg.h"
  25:Generated_Source\PSoC5/cyfitter_cfg.c **** #include "cyapicallbacks.h"
  26:Generated_Source\PSoC5/cyfitter_cfg.c **** 
  27:Generated_Source\PSoC5/cyfitter_cfg.c **** #define CY_NEED_CYCLOCKSTARTUPERROR 1
  28:Generated_Source\PSoC5/cyfitter_cfg.c **** 
  29:Generated_Source\PSoC5/cyfitter_cfg.c **** 
  30:Generated_Source\PSoC5/cyfitter_cfg.c **** #if defined(__GNUC__) || defined(__ARMCC_VERSION)
ARM GAS  C:\Users\elon1\AppData\Local\Temp\ccDsWpyI.s 			page 2


  31:Generated_Source\PSoC5/cyfitter_cfg.c ****     #define CYPACKED 
  32:Generated_Source\PSoC5/cyfitter_cfg.c ****     #define CYPACKED_ATTR __attribute__ ((packed))
  33:Generated_Source\PSoC5/cyfitter_cfg.c ****     #define CYALIGNED __attribute__ ((aligned))
  34:Generated_Source\PSoC5/cyfitter_cfg.c ****     #define CY_CFG_UNUSED __attribute__ ((unused))
  35:Generated_Source\PSoC5/cyfitter_cfg.c ****     #ifndef CY_CFG_SECTION
  36:Generated_Source\PSoC5/cyfitter_cfg.c ****         #define CY_CFG_SECTION __attribute__ ((section(".psocinit")))
  37:Generated_Source\PSoC5/cyfitter_cfg.c ****     #endif
  38:Generated_Source\PSoC5/cyfitter_cfg.c ****     
  39:Generated_Source\PSoC5/cyfitter_cfg.c ****     #if defined(__ARMCC_VERSION)
  40:Generated_Source\PSoC5/cyfitter_cfg.c ****         #define CY_CFG_MEMORY_BARRIER() __memory_changed()
  41:Generated_Source\PSoC5/cyfitter_cfg.c ****     #else
  42:Generated_Source\PSoC5/cyfitter_cfg.c ****         #define CY_CFG_MEMORY_BARRIER() __sync_synchronize()
  43:Generated_Source\PSoC5/cyfitter_cfg.c ****     #endif
  44:Generated_Source\PSoC5/cyfitter_cfg.c ****     
  45:Generated_Source\PSoC5/cyfitter_cfg.c **** #elif defined(__ICCARM__)
  46:Generated_Source\PSoC5/cyfitter_cfg.c ****     #include <intrinsics.h>
  47:Generated_Source\PSoC5/cyfitter_cfg.c **** 
  48:Generated_Source\PSoC5/cyfitter_cfg.c ****     #define CYPACKED __packed
  49:Generated_Source\PSoC5/cyfitter_cfg.c ****     #define CYPACKED_ATTR 
  50:Generated_Source\PSoC5/cyfitter_cfg.c ****     #define CYALIGNED _Pragma("data_alignment=4")
  51:Generated_Source\PSoC5/cyfitter_cfg.c ****     #define CY_CFG_UNUSED _Pragma("diag_suppress=Pe177")
  52:Generated_Source\PSoC5/cyfitter_cfg.c ****     #define CY_CFG_SECTION _Pragma("location=\".psocinit\"")
  53:Generated_Source\PSoC5/cyfitter_cfg.c ****     
  54:Generated_Source\PSoC5/cyfitter_cfg.c ****     #define CY_CFG_MEMORY_BARRIER() __DMB()
  55:Generated_Source\PSoC5/cyfitter_cfg.c ****     
  56:Generated_Source\PSoC5/cyfitter_cfg.c **** #else
  57:Generated_Source\PSoC5/cyfitter_cfg.c ****     #error Unsupported toolchain
  58:Generated_Source\PSoC5/cyfitter_cfg.c **** #endif
  59:Generated_Source\PSoC5/cyfitter_cfg.c **** 
  60:Generated_Source\PSoC5/cyfitter_cfg.c **** #ifndef CYCODE
  61:Generated_Source\PSoC5/cyfitter_cfg.c ****     #define CYCODE
  62:Generated_Source\PSoC5/cyfitter_cfg.c **** #endif
  63:Generated_Source\PSoC5/cyfitter_cfg.c **** #ifndef CYDATA
  64:Generated_Source\PSoC5/cyfitter_cfg.c ****     #define CYDATA
  65:Generated_Source\PSoC5/cyfitter_cfg.c **** #endif
  66:Generated_Source\PSoC5/cyfitter_cfg.c **** #ifndef CYFAR
  67:Generated_Source\PSoC5/cyfitter_cfg.c ****     #define CYFAR
  68:Generated_Source\PSoC5/cyfitter_cfg.c **** #endif
  69:Generated_Source\PSoC5/cyfitter_cfg.c **** #ifndef CYXDATA
  70:Generated_Source\PSoC5/cyfitter_cfg.c ****     #define CYXDATA
  71:Generated_Source\PSoC5/cyfitter_cfg.c **** #endif
  72:Generated_Source\PSoC5/cyfitter_cfg.c **** 
  73:Generated_Source\PSoC5/cyfitter_cfg.c **** 
  74:Generated_Source\PSoC5/cyfitter_cfg.c **** CY_CFG_UNUSED
  75:Generated_Source\PSoC5/cyfitter_cfg.c **** static void CYMEMZERO(void *s, size_t n);
  76:Generated_Source\PSoC5/cyfitter_cfg.c **** CY_CFG_UNUSED
  77:Generated_Source\PSoC5/cyfitter_cfg.c **** static void CYMEMZERO(void *s, size_t n)
  78:Generated_Source\PSoC5/cyfitter_cfg.c **** {
  79:Generated_Source\PSoC5/cyfitter_cfg.c **** 	(void)memset(s, 0, n);
  80:Generated_Source\PSoC5/cyfitter_cfg.c **** }
  81:Generated_Source\PSoC5/cyfitter_cfg.c **** CY_CFG_UNUSED
  82:Generated_Source\PSoC5/cyfitter_cfg.c **** static void CYCONFIGCPY(void *dest, const void *src, size_t n);
  83:Generated_Source\PSoC5/cyfitter_cfg.c **** CY_CFG_UNUSED
  84:Generated_Source\PSoC5/cyfitter_cfg.c **** static void CYCONFIGCPY(void *dest, const void *src, size_t n)
  85:Generated_Source\PSoC5/cyfitter_cfg.c **** {
  86:Generated_Source\PSoC5/cyfitter_cfg.c **** 	(void)memcpy(dest, src, n);
  87:Generated_Source\PSoC5/cyfitter_cfg.c **** }
ARM GAS  C:\Users\elon1\AppData\Local\Temp\ccDsWpyI.s 			page 3


  88:Generated_Source\PSoC5/cyfitter_cfg.c **** CY_CFG_UNUSED
  89:Generated_Source\PSoC5/cyfitter_cfg.c **** static void CYCONFIGCPYCODE(void *dest, const void *src, size_t n);
  90:Generated_Source\PSoC5/cyfitter_cfg.c **** CY_CFG_UNUSED
  91:Generated_Source\PSoC5/cyfitter_cfg.c **** static void CYCONFIGCPYCODE(void *dest, const void *src, size_t n)
  92:Generated_Source\PSoC5/cyfitter_cfg.c **** {
  93:Generated_Source\PSoC5/cyfitter_cfg.c **** 	(void)memcpy(dest, src, n);
  94:Generated_Source\PSoC5/cyfitter_cfg.c **** }
  95:Generated_Source\PSoC5/cyfitter_cfg.c **** 
  96:Generated_Source\PSoC5/cyfitter_cfg.c **** 
  97:Generated_Source\PSoC5/cyfitter_cfg.c **** 
  98:Generated_Source\PSoC5/cyfitter_cfg.c **** 
  99:Generated_Source\PSoC5/cyfitter_cfg.c **** /* Clock startup error codes                                                   */
 100:Generated_Source\PSoC5/cyfitter_cfg.c **** #define CYCLOCKSTART_NO_ERROR    0u
 101:Generated_Source\PSoC5/cyfitter_cfg.c **** #define CYCLOCKSTART_XTAL_ERROR  1u
 102:Generated_Source\PSoC5/cyfitter_cfg.c **** #define CYCLOCKSTART_32KHZ_ERROR 2u
 103:Generated_Source\PSoC5/cyfitter_cfg.c **** #define CYCLOCKSTART_PLL_ERROR   3u
 104:Generated_Source\PSoC5/cyfitter_cfg.c **** #define CYCLOCKSTART_FLL_ERROR   4u
 105:Generated_Source\PSoC5/cyfitter_cfg.c **** #define CYCLOCKSTART_WCO_ERROR   5u
 106:Generated_Source\PSoC5/cyfitter_cfg.c **** 
 107:Generated_Source\PSoC5/cyfitter_cfg.c **** 
 108:Generated_Source\PSoC5/cyfitter_cfg.c **** #ifdef CY_NEED_CYCLOCKSTARTUPERROR
 109:Generated_Source\PSoC5/cyfitter_cfg.c **** /*******************************************************************************
 110:Generated_Source\PSoC5/cyfitter_cfg.c **** * Function Name: CyClockStartupError
 111:Generated_Source\PSoC5/cyfitter_cfg.c **** ********************************************************************************
 112:Generated_Source\PSoC5/cyfitter_cfg.c **** * Summary:
 113:Generated_Source\PSoC5/cyfitter_cfg.c **** *  If an error is encountered during clock configuration (crystal startup error,
 114:Generated_Source\PSoC5/cyfitter_cfg.c **** *  PLL lock error, etc.), the system will end up here.  Unless reimplemented by
 115:Generated_Source\PSoC5/cyfitter_cfg.c **** *  the customer, this function will stop in an infinite loop.
 116:Generated_Source\PSoC5/cyfitter_cfg.c **** *
 117:Generated_Source\PSoC5/cyfitter_cfg.c **** * Parameters:
 118:Generated_Source\PSoC5/cyfitter_cfg.c **** *   void
 119:Generated_Source\PSoC5/cyfitter_cfg.c **** *
 120:Generated_Source\PSoC5/cyfitter_cfg.c **** * Return:
 121:Generated_Source\PSoC5/cyfitter_cfg.c **** *   void
 122:Generated_Source\PSoC5/cyfitter_cfg.c **** *
 123:Generated_Source\PSoC5/cyfitter_cfg.c **** *******************************************************************************/
 124:Generated_Source\PSoC5/cyfitter_cfg.c **** CY_CFG_UNUSED
 125:Generated_Source\PSoC5/cyfitter_cfg.c **** static void CyClockStartupError(uint8 errorCode);
 126:Generated_Source\PSoC5/cyfitter_cfg.c **** CY_CFG_UNUSED
 127:Generated_Source\PSoC5/cyfitter_cfg.c **** static void CyClockStartupError(uint8 errorCode)
 128:Generated_Source\PSoC5/cyfitter_cfg.c **** {
 129:Generated_Source\PSoC5/cyfitter_cfg.c ****     /* To remove the compiler warning if errorCode not used.                */
 130:Generated_Source\PSoC5/cyfitter_cfg.c ****     errorCode = errorCode;
 131:Generated_Source\PSoC5/cyfitter_cfg.c **** 
 132:Generated_Source\PSoC5/cyfitter_cfg.c ****     /* If we have a clock startup error (bad MHz crystal, PLL lock, etc.),  */
 133:Generated_Source\PSoC5/cyfitter_cfg.c ****     /* we will end up here to allow the customer to implement something to  */
 134:Generated_Source\PSoC5/cyfitter_cfg.c ****     /* deal with the clock condition.                                       */
 135:Generated_Source\PSoC5/cyfitter_cfg.c **** 
 136:Generated_Source\PSoC5/cyfitter_cfg.c **** #ifdef CY_CFG_CLOCK_STARTUP_ERROR_CALLBACK
 137:Generated_Source\PSoC5/cyfitter_cfg.c ****     CY_CFG_Clock_Startup_ErrorCallback();
 138:Generated_Source\PSoC5/cyfitter_cfg.c **** #else
 139:Generated_Source\PSoC5/cyfitter_cfg.c ****     /*  If not using CY_CFG_CLOCK_STARTUP_ERROR_CALLBACK, place your clock startup code here. */
 140:Generated_Source\PSoC5/cyfitter_cfg.c ****     /* `#START CyClockStartupError` */
 141:Generated_Source\PSoC5/cyfitter_cfg.c **** 
 142:Generated_Source\PSoC5/cyfitter_cfg.c **** 
 143:Generated_Source\PSoC5/cyfitter_cfg.c **** 
 144:Generated_Source\PSoC5/cyfitter_cfg.c ****     /* `#END` */
ARM GAS  C:\Users\elon1\AppData\Local\Temp\ccDsWpyI.s 			page 4


 145:Generated_Source\PSoC5/cyfitter_cfg.c **** 
 146:Generated_Source\PSoC5/cyfitter_cfg.c ****     while(1) {}
 147:Generated_Source\PSoC5/cyfitter_cfg.c **** #endif /* CY_CFG_CLOCK_STARTUP_ERROR_CALLBACK */
 148:Generated_Source\PSoC5/cyfitter_cfg.c **** }
 149:Generated_Source\PSoC5/cyfitter_cfg.c **** #endif
 150:Generated_Source\PSoC5/cyfitter_cfg.c **** 
 151:Generated_Source\PSoC5/cyfitter_cfg.c **** /* IOPINS0_1 Address: CYREG_PRT1_DM0 Size (bytes): 8 */
 152:Generated_Source\PSoC5/cyfitter_cfg.c **** #define BS_IOPINS0_1_VAL ((const uint8 CYFAR *)0x48000000u)
 153:Generated_Source\PSoC5/cyfitter_cfg.c **** 
 154:Generated_Source\PSoC5/cyfitter_cfg.c **** /* IOPINS0_2 Address: CYREG_PRT2_DR Size (bytes): 10 */
 155:Generated_Source\PSoC5/cyfitter_cfg.c **** #define BS_IOPINS0_2_VAL ((const uint8 CYFAR *)0x48000008u)
 156:Generated_Source\PSoC5/cyfitter_cfg.c **** 
 157:Generated_Source\PSoC5/cyfitter_cfg.c **** 
 158:Generated_Source\PSoC5/cyfitter_cfg.c **** /*******************************************************************************
 159:Generated_Source\PSoC5/cyfitter_cfg.c **** * Function Name: ClockSetup
 160:Generated_Source\PSoC5/cyfitter_cfg.c **** ********************************************************************************
 161:Generated_Source\PSoC5/cyfitter_cfg.c **** *
 162:Generated_Source\PSoC5/cyfitter_cfg.c **** * Summary:
 163:Generated_Source\PSoC5/cyfitter_cfg.c **** *  Performs the initialization of all of the clocks in the device based on the
 164:Generated_Source\PSoC5/cyfitter_cfg.c **** *  settings in the Clock tab of the DWR.  This includes enabling the requested
 165:Generated_Source\PSoC5/cyfitter_cfg.c **** *  clocks and setting the necessary dividers to produce the desired frequency. 
 166:Generated_Source\PSoC5/cyfitter_cfg.c **** *
 167:Generated_Source\PSoC5/cyfitter_cfg.c **** * Parameters:
 168:Generated_Source\PSoC5/cyfitter_cfg.c **** *  void
 169:Generated_Source\PSoC5/cyfitter_cfg.c **** *
 170:Generated_Source\PSoC5/cyfitter_cfg.c **** * Return:
 171:Generated_Source\PSoC5/cyfitter_cfg.c **** *  void
 172:Generated_Source\PSoC5/cyfitter_cfg.c **** *
 173:Generated_Source\PSoC5/cyfitter_cfg.c **** *******************************************************************************/
 174:Generated_Source\PSoC5/cyfitter_cfg.c **** static void ClockSetup(void);
 175:Generated_Source\PSoC5/cyfitter_cfg.c **** static void ClockSetup(void)
 176:Generated_Source\PSoC5/cyfitter_cfg.c **** {
 177:Generated_Source\PSoC5/cyfitter_cfg.c **** 	uint32 timeout;
 178:Generated_Source\PSoC5/cyfitter_cfg.c **** 	uint8 pllLock;
 179:Generated_Source\PSoC5/cyfitter_cfg.c **** 
 180:Generated_Source\PSoC5/cyfitter_cfg.c **** 
 181:Generated_Source\PSoC5/cyfitter_cfg.c **** 	/* Configure ILO based on settings from Clock DWR */
 182:Generated_Source\PSoC5/cyfitter_cfg.c **** 	CY_SET_XTND_REG8((void CYFAR *)(CYREG_SLOWCLK_ILO_CR0), 0x02u);
 183:Generated_Source\PSoC5/cyfitter_cfg.c **** 	CY_SET_XTND_REG8((void CYFAR *)(CYREG_CLKDIST_CR), 0x08u);
 184:Generated_Source\PSoC5/cyfitter_cfg.c **** 
 185:Generated_Source\PSoC5/cyfitter_cfg.c **** 	/* Configure IMO based on settings from Clock DWR */
 186:Generated_Source\PSoC5/cyfitter_cfg.c **** 	CY_SET_XTND_REG8((void CYFAR *)(CYREG_FASTCLK_IMO_CR), 0x03u);
 187:Generated_Source\PSoC5/cyfitter_cfg.c **** 	CY_SET_XTND_REG8((void CYFAR *)(CYREG_IMO_TR1), (CY_GET_XTND_REG8((void CYFAR *)CYREG_FLSHID_CUST_
 188:Generated_Source\PSoC5/cyfitter_cfg.c **** 
 189:Generated_Source\PSoC5/cyfitter_cfg.c **** 	/* Configure PLL based on settings from Clock DWR */
 190:Generated_Source\PSoC5/cyfitter_cfg.c **** 	CY_SET_XTND_REG16((void CYFAR *)(CYREG_FASTCLK_PLL_P), 0x0008u);
 191:Generated_Source\PSoC5/cyfitter_cfg.c **** 	CY_SET_XTND_REG16((void CYFAR *)(CYREG_FASTCLK_PLL_CFG0), 0x1251u);
 192:Generated_Source\PSoC5/cyfitter_cfg.c **** 	/* Wait up to 250us for the PLL to lock */
 193:Generated_Source\PSoC5/cyfitter_cfg.c **** 	pllLock = 0u;
 194:Generated_Source\PSoC5/cyfitter_cfg.c **** 	for (timeout = 250u / 10u; (timeout > 0u) && (pllLock != 0x03u); timeout--)
 195:Generated_Source\PSoC5/cyfitter_cfg.c **** 	{ 
 196:Generated_Source\PSoC5/cyfitter_cfg.c **** 		pllLock = 0x03u & ((uint8)((uint8)pllLock << 1) | ((CY_GET_XTND_REG8((void CYFAR *)CYREG_FASTCLK_
 197:Generated_Source\PSoC5/cyfitter_cfg.c **** 		CyDelayCycles(10u * 48u); /* Delay 10us based on 48MHz clock */
 198:Generated_Source\PSoC5/cyfitter_cfg.c **** 	}
 199:Generated_Source\PSoC5/cyfitter_cfg.c **** 	/* If we ran out of time the PLL didn't lock so go to the error function */
 200:Generated_Source\PSoC5/cyfitter_cfg.c **** 	if (timeout == 0u)
 201:Generated_Source\PSoC5/cyfitter_cfg.c **** 	{
ARM GAS  C:\Users\elon1\AppData\Local\Temp\ccDsWpyI.s 			page 5


 202:Generated_Source\PSoC5/cyfitter_cfg.c **** 		CyClockStartupError(CYCLOCKSTART_PLL_ERROR);
 203:Generated_Source\PSoC5/cyfitter_cfg.c **** 	}
 204:Generated_Source\PSoC5/cyfitter_cfg.c **** 
 205:Generated_Source\PSoC5/cyfitter_cfg.c **** 	/* Configure Bus/Master Clock based on settings from Clock DWR */
 206:Generated_Source\PSoC5/cyfitter_cfg.c **** 	CY_SET_XTND_REG16((void CYFAR *)(CYREG_CLKDIST_MSTR0), 0x0100u);
 207:Generated_Source\PSoC5/cyfitter_cfg.c **** 	CY_SET_XTND_REG8((void CYFAR *)(CYREG_CLKDIST_MSTR0), 0x07u);
 208:Generated_Source\PSoC5/cyfitter_cfg.c **** 	CY_SET_XTND_REG8((void CYFAR *)(CYREG_CLKDIST_BCFG0), 0x00u);
 209:Generated_Source\PSoC5/cyfitter_cfg.c **** 	CY_SET_XTND_REG8((void CYFAR *)(CYREG_CLKDIST_BCFG2), 0x48u);
 210:Generated_Source\PSoC5/cyfitter_cfg.c **** 	CY_SET_XTND_REG8((void CYFAR *)(CYREG_CLKDIST_MSTR0), 0x00u);
 211:Generated_Source\PSoC5/cyfitter_cfg.c **** 	CY_SET_XTND_REG8((void CYFAR *)(CYREG_CLKDIST_LD), 0x02u);
 212:Generated_Source\PSoC5/cyfitter_cfg.c **** }
 213:Generated_Source\PSoC5/cyfitter_cfg.c **** 
 214:Generated_Source\PSoC5/cyfitter_cfg.c **** 
 215:Generated_Source\PSoC5/cyfitter_cfg.c **** /* Analog API Functions */
 216:Generated_Source\PSoC5/cyfitter_cfg.c **** 
 217:Generated_Source\PSoC5/cyfitter_cfg.c **** 
 218:Generated_Source\PSoC5/cyfitter_cfg.c **** /*******************************************************************************
 219:Generated_Source\PSoC5/cyfitter_cfg.c **** * Function Name: AnalogSetDefault
 220:Generated_Source\PSoC5/cyfitter_cfg.c **** ********************************************************************************
 221:Generated_Source\PSoC5/cyfitter_cfg.c **** *
 222:Generated_Source\PSoC5/cyfitter_cfg.c **** * Summary:
 223:Generated_Source\PSoC5/cyfitter_cfg.c **** *  Sets up the analog portions of the chip to default values based on chip
 224:Generated_Source\PSoC5/cyfitter_cfg.c **** *  configuration options from the project.
 225:Generated_Source\PSoC5/cyfitter_cfg.c **** *
 226:Generated_Source\PSoC5/cyfitter_cfg.c **** * Parameters:
 227:Generated_Source\PSoC5/cyfitter_cfg.c **** *  void
 228:Generated_Source\PSoC5/cyfitter_cfg.c **** *
 229:Generated_Source\PSoC5/cyfitter_cfg.c **** * Return:
 230:Generated_Source\PSoC5/cyfitter_cfg.c **** *  void
 231:Generated_Source\PSoC5/cyfitter_cfg.c **** *
 232:Generated_Source\PSoC5/cyfitter_cfg.c **** *******************************************************************************/
 233:Generated_Source\PSoC5/cyfitter_cfg.c **** static void AnalogSetDefault(void);
 234:Generated_Source\PSoC5/cyfitter_cfg.c **** static void AnalogSetDefault(void)
 235:Generated_Source\PSoC5/cyfitter_cfg.c **** {
 236:Generated_Source\PSoC5/cyfitter_cfg.c **** 	uint8 bg_xover_inl_trim = CY_GET_XTND_REG8((void CYFAR *)(CYREG_FLSHID_MFG_CFG_BG_XOVER_INL_TRIM +
 237:Generated_Source\PSoC5/cyfitter_cfg.c **** 	CY_SET_XTND_REG8((void CYFAR *)(CYREG_BG_DFT0), (bg_xover_inl_trim & 0x07u));
 238:Generated_Source\PSoC5/cyfitter_cfg.c **** 	CY_SET_XTND_REG8((void CYFAR *)(CYREG_BG_DFT1), ((bg_xover_inl_trim >> 4) & 0x0Fu));
 239:Generated_Source\PSoC5/cyfitter_cfg.c **** 	CY_SET_XTND_REG8((void CYFAR *)CYREG_PUMP_CR0, 0x44u);
 240:Generated_Source\PSoC5/cyfitter_cfg.c **** }
 241:Generated_Source\PSoC5/cyfitter_cfg.c **** 
 242:Generated_Source\PSoC5/cyfitter_cfg.c **** 
 243:Generated_Source\PSoC5/cyfitter_cfg.c **** /*******************************************************************************
 244:Generated_Source\PSoC5/cyfitter_cfg.c **** * Function Name: SetAnalogRoutingPumps
 245:Generated_Source\PSoC5/cyfitter_cfg.c **** ********************************************************************************
 246:Generated_Source\PSoC5/cyfitter_cfg.c **** *
 247:Generated_Source\PSoC5/cyfitter_cfg.c **** * Summary:
 248:Generated_Source\PSoC5/cyfitter_cfg.c **** * Enables or disables the analog pumps feeding analog routing switches.
 249:Generated_Source\PSoC5/cyfitter_cfg.c **** * Intended to be called at startup, based on the Vdda system configuration;
 250:Generated_Source\PSoC5/cyfitter_cfg.c **** * may be called during operation when the user informs us that the Vdda voltage
 251:Generated_Source\PSoC5/cyfitter_cfg.c **** * crossed the pump threshold.
 252:Generated_Source\PSoC5/cyfitter_cfg.c **** *
 253:Generated_Source\PSoC5/cyfitter_cfg.c **** * Parameters:
 254:Generated_Source\PSoC5/cyfitter_cfg.c **** *  enabled - 1 to enable the pumps, 0 to disable the pumps
 255:Generated_Source\PSoC5/cyfitter_cfg.c **** *
 256:Generated_Source\PSoC5/cyfitter_cfg.c **** * Return:
 257:Generated_Source\PSoC5/cyfitter_cfg.c **** *  void
 258:Generated_Source\PSoC5/cyfitter_cfg.c **** *
ARM GAS  C:\Users\elon1\AppData\Local\Temp\ccDsWpyI.s 			page 6


 259:Generated_Source\PSoC5/cyfitter_cfg.c **** *******************************************************************************/
 260:Generated_Source\PSoC5/cyfitter_cfg.c **** void SetAnalogRoutingPumps(uint8 enabled)
 261:Generated_Source\PSoC5/cyfitter_cfg.c **** {
  28              		.loc 1 261 0
  29              		.cfi_startproc
  30              		@ args = 0, pretend = 0, frame = 0
  31              		@ frame_needed = 0, uses_anonymous_args = 0
  32              		@ link register save eliminated.
  33              	.LVL0:
 262:Generated_Source\PSoC5/cyfitter_cfg.c **** 	uint8 regValue = CY_GET_XTND_REG8((void CYFAR *)CYREG_PUMP_CR0);
  34              		.loc 1 262 0
  35 0000 024A     		ldr	r2, .L2
  36 0002 1378     		ldrb	r3, [r2]	@ zero_extendqisi2
  37 0004 DBB2     		uxtb	r3, r3
  38              	.LVL1:
 263:Generated_Source\PSoC5/cyfitter_cfg.c **** 	if (enabled != 0u)
 264:Generated_Source\PSoC5/cyfitter_cfg.c **** 	{
 265:Generated_Source\PSoC5/cyfitter_cfg.c **** 		regValue |= 0x00u;
 266:Generated_Source\PSoC5/cyfitter_cfg.c **** 	}
 267:Generated_Source\PSoC5/cyfitter_cfg.c **** 	else
 268:Generated_Source\PSoC5/cyfitter_cfg.c **** 	{
 269:Generated_Source\PSoC5/cyfitter_cfg.c **** 		regValue &= (uint8)~0x00u;
 270:Generated_Source\PSoC5/cyfitter_cfg.c **** 	}
 271:Generated_Source\PSoC5/cyfitter_cfg.c **** 	CY_SET_XTND_REG8((void CYFAR *)CYREG_PUMP_CR0, regValue);
  39              		.loc 1 271 0
  40 0006 1370     		strb	r3, [r2]
  41 0008 7047     		bx	lr
  42              	.L3:
  43 000a 00BF     		.align	2
  44              	.L2:
  45 000c 76580040 		.word	1073764470
  46              		.cfi_endproc
  47              	.LFE6:
  48              		.size	SetAnalogRoutingPumps, .-SetAnalogRoutingPumps
  49              		.section	.text.cyfitter_cfg,"ax",%progbits
  50              		.align	1
  51              		.global	cyfitter_cfg
  52              		.thumb
  53              		.thumb_func
  54              		.type	cyfitter_cfg, %function
  55              	cyfitter_cfg:
  56              	.LFB7:
 272:Generated_Source\PSoC5/cyfitter_cfg.c **** }
 273:Generated_Source\PSoC5/cyfitter_cfg.c **** 
 274:Generated_Source\PSoC5/cyfitter_cfg.c **** 
 275:Generated_Source\PSoC5/cyfitter_cfg.c **** 
 276:Generated_Source\PSoC5/cyfitter_cfg.c **** 
 277:Generated_Source\PSoC5/cyfitter_cfg.c **** /*******************************************************************************
 278:Generated_Source\PSoC5/cyfitter_cfg.c **** * Function Name: cyfitter_cfg
 279:Generated_Source\PSoC5/cyfitter_cfg.c **** ********************************************************************************
 280:Generated_Source\PSoC5/cyfitter_cfg.c **** * Summary:
 281:Generated_Source\PSoC5/cyfitter_cfg.c **** *  This function is called by the start-up code for the selected device. It
 282:Generated_Source\PSoC5/cyfitter_cfg.c **** *  performs all of the necessary device configuration based on the design
 283:Generated_Source\PSoC5/cyfitter_cfg.c **** *  settings.  This includes settings from the Design Wide Resources (DWR) such
 284:Generated_Source\PSoC5/cyfitter_cfg.c **** *  as Clocks and Pins as well as any component configuration that is necessary.
 285:Generated_Source\PSoC5/cyfitter_cfg.c **** *
 286:Generated_Source\PSoC5/cyfitter_cfg.c **** * Parameters:
ARM GAS  C:\Users\elon1\AppData\Local\Temp\ccDsWpyI.s 			page 7


 287:Generated_Source\PSoC5/cyfitter_cfg.c **** *   void
 288:Generated_Source\PSoC5/cyfitter_cfg.c **** *
 289:Generated_Source\PSoC5/cyfitter_cfg.c **** * Return:
 290:Generated_Source\PSoC5/cyfitter_cfg.c **** *   void
 291:Generated_Source\PSoC5/cyfitter_cfg.c **** *
 292:Generated_Source\PSoC5/cyfitter_cfg.c **** *******************************************************************************/
 293:Generated_Source\PSoC5/cyfitter_cfg.c **** 
 294:Generated_Source\PSoC5/cyfitter_cfg.c **** void cyfitter_cfg(void)
 295:Generated_Source\PSoC5/cyfitter_cfg.c **** {
  57              		.loc 1 295 0
  58              		.cfi_startproc
  59              		@ args = 0, pretend = 0, frame = 0
  60              		@ frame_needed = 0, uses_anonymous_args = 0
  61 0000 70B5     		push	{r4, r5, r6, lr}
  62              		.cfi_def_cfa_offset 16
  63              		.cfi_offset 4, -16
  64              		.cfi_offset 5, -12
  65              		.cfi_offset 6, -8
  66              		.cfi_offset 14, -4
 296:Generated_Source\PSoC5/cyfitter_cfg.c **** #ifdef CYGlobalIntDisable
 297:Generated_Source\PSoC5/cyfitter_cfg.c **** 	/* Disable interrupts by default. Let user enable if/when they want. */
 298:Generated_Source\PSoC5/cyfitter_cfg.c **** 	CYGlobalIntDisable
  67              		.loc 1 298 0
  68              		.syntax unified
  69              	@ 298 "Generated_Source\PSoC5\cyfitter_cfg.c" 1
  70 0002 72B6     		CPSID   i
  71              	@ 0 "" 2
 299:Generated_Source\PSoC5/cyfitter_cfg.c **** #endif
 300:Generated_Source\PSoC5/cyfitter_cfg.c **** 
 301:Generated_Source\PSoC5/cyfitter_cfg.c **** 	/* Enable/Disable Debug functionality based on settings from System DWR */
 302:Generated_Source\PSoC5/cyfitter_cfg.c **** 	CY_SET_XTND_REG8((void CYFAR *)CYREG_MLOGIC_DEBUG, (CY_GET_XTND_REG8((void CYFAR *)CYREG_MLOGIC_DE
  72              		.loc 1 302 0
  73              		.thumb
  74              		.syntax unified
  75 0004 414A     		ldr	r2, .L15
  76              	.LBB26:
  77              	.LBB27:
 303:Generated_Source\PSoC5/cyfitter_cfg.c **** 
 304:Generated_Source\PSoC5/cyfitter_cfg.c **** 	{
 305:Generated_Source\PSoC5/cyfitter_cfg.c **** 
 306:Generated_Source\PSoC5/cyfitter_cfg.c **** 		CYPACKED typedef struct {
 307:Generated_Source\PSoC5/cyfitter_cfg.c **** 			void CYFAR *address;
 308:Generated_Source\PSoC5/cyfitter_cfg.c **** 			uint16 size;
 309:Generated_Source\PSoC5/cyfitter_cfg.c **** 		} CYPACKED_ATTR cfg_memset_t;
 310:Generated_Source\PSoC5/cyfitter_cfg.c **** 
 311:Generated_Source\PSoC5/cyfitter_cfg.c **** 		static const cfg_memset_t CYCODE cfg_memset_list[] = {
 312:Generated_Source\PSoC5/cyfitter_cfg.c **** 			/* address, size */
 313:Generated_Source\PSoC5/cyfitter_cfg.c **** 			{(void CYFAR *)(CYREG_PRT0_DR), 16u},
 314:Generated_Source\PSoC5/cyfitter_cfg.c **** 			{(void CYFAR *)(CYREG_PRT3_DR), 64u},
 315:Generated_Source\PSoC5/cyfitter_cfg.c **** 			{(void CYFAR *)(CYREG_PRT12_DR), 16u},
 316:Generated_Source\PSoC5/cyfitter_cfg.c **** 			{(void CYFAR *)(CYREG_PRT15_DR), 16u},
 317:Generated_Source\PSoC5/cyfitter_cfg.c **** 			{(void CYFAR *)(CYDEV_UCFG_B0_P0_U0_BASE), 4096u},
 318:Generated_Source\PSoC5/cyfitter_cfg.c **** 			{(void CYFAR *)(CYDEV_UCFG_B1_P2_U0_BASE), 2048u},
 319:Generated_Source\PSoC5/cyfitter_cfg.c **** 			{(void CYFAR *)(CYDEV_UCFG_DSI0_BASE), 2560u},
 320:Generated_Source\PSoC5/cyfitter_cfg.c **** 			{(void CYFAR *)(CYDEV_UCFG_DSI12_BASE), 512u},
 321:Generated_Source\PSoC5/cyfitter_cfg.c **** 			{(void CYFAR *)(CYREG_BCTL0_MDCLK_EN), 32u},
 322:Generated_Source\PSoC5/cyfitter_cfg.c **** 		};
ARM GAS  C:\Users\elon1\AppData\Local\Temp\ccDsWpyI.s 			page 8


 323:Generated_Source\PSoC5/cyfitter_cfg.c **** 
 324:Generated_Source\PSoC5/cyfitter_cfg.c **** 		uint8 CYDATA i;
 325:Generated_Source\PSoC5/cyfitter_cfg.c **** 
 326:Generated_Source\PSoC5/cyfitter_cfg.c **** 		/* Zero out critical memory blocks before beginning configuration */
 327:Generated_Source\PSoC5/cyfitter_cfg.c **** 		for (i = 0u; i < (sizeof(cfg_memset_list)/sizeof(cfg_memset_list[0])); i++)
 328:Generated_Source\PSoC5/cyfitter_cfg.c **** 		{
 329:Generated_Source\PSoC5/cyfitter_cfg.c **** 			const cfg_memset_t CYCODE * CYDATA ms = &cfg_memset_list[i];
 330:Generated_Source\PSoC5/cyfitter_cfg.c **** 			CYMEMZERO(ms->address, (size_t)(uint32)(ms->size));
  78              		.loc 1 330 0
  79 0006 424D     		ldr	r5, .L15+4
  80              	.LBE27:
  81              	.LBE26:
 302:Generated_Source\PSoC5/cyfitter_cfg.c **** 
  82              		.loc 1 302 0
  83 0008 1378     		ldrb	r3, [r2]	@ zero_extendqisi2
  84 000a 0024     		movs	r4, #0
  85 000c 43F00403 		orr	r3, r3, #4
  86 0010 1370     		strb	r3, [r2]
  87              	.LVL2:
  88              	.LBB31:
  89              	.LBB30:
  90              		.loc 1 330 0
  91 0012 0626     		movs	r6, #6
  92              	.LVL3:
  93              	.L5:
  94              		.loc 1 330 0 is_stmt 0 discriminator 3
  95 0014 06FB0453 		mla	r3, r6, r4, r5
  96              	.LBB28:
  97              	.LBB29:
  79:Generated_Source\PSoC5/cyfitter_cfg.c **** }
  98              		.loc 1 79 0 is_stmt 1 discriminator 3
  99 0018 0021     		movs	r1, #0
 100 001a 9A88     		ldrh	r2, [r3, #4]	@ unaligned
 101 001c 1868     		ldr	r0, [r3]	@ unaligned
 102 001e 0134     		adds	r4, r4, #1
 103              	.LVL4:
 104 0020 FFF7FEFF 		bl	memset
 105              	.LVL5:
 106              	.LBE29:
 107              	.LBE28:
 108              	.LBE30:
 327:Generated_Source\PSoC5/cyfitter_cfg.c **** 		{
 109              		.loc 1 327 0 discriminator 3
 110 0024 092C     		cmp	r4, #9
 111 0026 F5D1     		bne	.L5
 331:Generated_Source\PSoC5/cyfitter_cfg.c **** 		}
 332:Generated_Source\PSoC5/cyfitter_cfg.c **** 
 333:Generated_Source\PSoC5/cyfitter_cfg.c **** 		/* Enable digital routing */
 334:Generated_Source\PSoC5/cyfitter_cfg.c **** 		CY_SET_XTND_REG8((void CYFAR *)CYREG_BCTL0_BANK_CTL, CY_GET_XTND_REG8((void CYFAR *)CYREG_BCTL0_B
 112              		.loc 1 334 0
 113 0028 3A4A     		ldr	r2, .L15+8
 114              	.LBE31:
 115              	.LBB32:
 116              	.LBB33:
  86:Generated_Source\PSoC5/cyfitter_cfg.c **** }
 117              		.loc 1 86 0
 118 002a 3B4C     		ldr	r4, .L15+12
ARM GAS  C:\Users\elon1\AppData\Local\Temp\ccDsWpyI.s 			page 9


 119              	.LVL6:
 120              	.LBE33:
 121              	.LBE32:
 122              	.LBB35:
 123              		.loc 1 334 0
 124 002c 1378     		ldrb	r3, [r2]	@ zero_extendqisi2
 125              	.LBE35:
 126              	.LBB36:
 127              	.LBB37:
 196:Generated_Source\PSoC5/cyfitter_cfg.c **** 		CyDelayCycles(10u * 48u); /* Delay 10us based on 48MHz clock */
 128              		.loc 1 196 0
 129 002e 3B4E     		ldr	r6, .L15+16
 130              	.LBE37:
 131              	.LBE36:
 132              	.LBB42:
 133              		.loc 1 334 0
 134 0030 43F00203 		orr	r3, r3, #2
 135 0034 1370     		strb	r3, [r2]
 335:Generated_Source\PSoC5/cyfitter_cfg.c **** 		CY_SET_XTND_REG8((void CYFAR *)CYREG_BCTL1_BANK_CTL, CY_GET_XTND_REG8((void CYFAR *)CYREG_BCTL1_B
 136              		.loc 1 335 0
 137 0036 137C     		ldrb	r3, [r2, #16]	@ zero_extendqisi2
 138              	.LBE42:
 139              	.LBB43:
 140              	.LBB38:
 191:Generated_Source\PSoC5/cyfitter_cfg.c **** 	/* Wait up to 250us for the PLL to lock */
 141              		.loc 1 191 0
 142 0038 1925     		movs	r5, #25
 143              	.LBE38:
 144              	.LBE43:
 145              	.LBB44:
 146              		.loc 1 335 0
 147 003a 43F00203 		orr	r3, r3, #2
 148 003e 1374     		strb	r3, [r2, #16]
 149              	.LVL7:
 150              	.LBE44:
 151              	.LBB45:
 152              	.LBB46:
  86:Generated_Source\PSoC5/cyfitter_cfg.c **** }
 153              		.loc 1 86 0
 154 0040 A2F57E42 		sub	r2, r2, #65024
 155 0044 F13A     		subs	r2, r2, #241
 156 0046 4FF09043 		mov	r3, #1207959552
 157 004a 03CB     		ldmia	r3!, {r0, r1}
 158 004c 1060     		str	r0, [r2]	@ unaligned
 159 004e 5160     		str	r1, [r2, #4]	@ unaligned
 160              	.LVL8:
 161              	.LBE46:
 162              	.LBE45:
 163              	.LBB47:
 164              	.LBB34:
 165 0050 93E80700 		ldmia	r3, {r0, r1, r2}
 166 0054 03C4     		stmia	r4!, {r0, r1}
 167 0056 2280     		strh	r2, [r4]	@ movhi
 168              	.LVL9:
 169              	.LBE34:
 170              	.LBE47:
 336:Generated_Source\PSoC5/cyfitter_cfg.c **** 	}
ARM GAS  C:\Users\elon1\AppData\Local\Temp\ccDsWpyI.s 			page 10


 337:Generated_Source\PSoC5/cyfitter_cfg.c **** 
 338:Generated_Source\PSoC5/cyfitter_cfg.c **** 
 339:Generated_Source\PSoC5/cyfitter_cfg.c **** 	/* Perform second pass device configuration. These items must be configured in specific order afte
 340:Generated_Source\PSoC5/cyfitter_cfg.c **** 	CYCONFIGCPY((void CYFAR *)(CYREG_PRT1_DM0), (const void CYFAR *)(BS_IOPINS0_1_VAL), 8u);
 341:Generated_Source\PSoC5/cyfitter_cfg.c **** 	CYCONFIGCPY((void CYFAR *)(CYREG_PRT2_DR), (const void CYFAR *)(BS_IOPINS0_2_VAL), 10u);
 342:Generated_Source\PSoC5/cyfitter_cfg.c **** 	/* Switch Boost to the precision bandgap reference from its internal reference */
 343:Generated_Source\PSoC5/cyfitter_cfg.c **** 	CY_SET_REG8((void CYXDATA *)CYREG_BOOST_CR2, (CY_GET_REG8((void CYXDATA *)CYREG_BOOST_CR2) | 0x08u
 171              		.loc 1 343 0
 172 0058 314A     		ldr	r2, .L15+20
 173              	.LBB48:
 174              	.LBB39:
 186:Generated_Source\PSoC5/cyfitter_cfg.c **** 	CY_SET_XTND_REG8((void CYFAR *)(CYREG_IMO_TR1), (CY_GET_XTND_REG8((void CYFAR *)CYREG_FLSHID_CUST_
 175              		.loc 1 186 0
 176 005a 0321     		movs	r1, #3
 177              	.LBE39:
 178              	.LBE48:
 179              		.loc 1 343 0
 180 005c 1378     		ldrb	r3, [r2]	@ zero_extendqisi2
 181              	.LBB49:
 182              	.LBB40:
 193:Generated_Source\PSoC5/cyfitter_cfg.c **** 	for (timeout = 250u / 10u; (timeout > 0u) && (pllLock != 0x03u); timeout--)
 183              		.loc 1 193 0
 184 005e 0024     		movs	r4, #0
 185              	.LBE40:
 186              	.LBE49:
 187              		.loc 1 343 0
 188 0060 43F00803 		orr	r3, r3, #8
 189 0064 1370     		strb	r3, [r2]
 344:Generated_Source\PSoC5/cyfitter_cfg.c **** 
 345:Generated_Source\PSoC5/cyfitter_cfg.c **** 	/* Set Flash Cycles based on max possible frequency in case a glitch occurs during ClockSetup(). *
 346:Generated_Source\PSoC5/cyfitter_cfg.c **** 	CY_SET_XTND_REG8((void CYFAR *)(CYREG_CACHE_CC_CTL), (((CYDEV_INSTRUCT_CACHE_ENABLED) != 0) ? 0x61
 190              		.loc 1 346 0
 191 0066 2F4B     		ldr	r3, .L15+24
 192 0068 6122     		movs	r2, #97
 193 006a 1A70     		strb	r2, [r3]
 194              	.LBB50:
 195              	.LBB41:
 182:Generated_Source\PSoC5/cyfitter_cfg.c **** 	CY_SET_XTND_REG8((void CYFAR *)(CYREG_CLKDIST_CR), 0x08u);
 196              		.loc 1 182 0
 197 006c 0222     		movs	r2, #2
 198 006e A3F5A063 		sub	r3, r3, #1280
 199 0072 1A70     		strb	r2, [r3]
 183:Generated_Source\PSoC5/cyfitter_cfg.c **** 
 200              		.loc 1 183 0
 201 0074 0822     		movs	r2, #8
 202 0076 4FF04023 		mov	r3, #1073758208
 203 007a 1A70     		strb	r2, [r3]
 186:Generated_Source\PSoC5/cyfitter_cfg.c **** 	CY_SET_XTND_REG8((void CYFAR *)(CYREG_IMO_TR1), (CY_GET_XTND_REG8((void CYFAR *)CYREG_FLSHID_CUST_
 204              		.loc 1 186 0
 205 007c 83F80012 		strb	r1, [r3, #512]
 187:Generated_Source\PSoC5/cyfitter_cfg.c **** 
 206              		.loc 1 187 0
 207 0080 294B     		ldr	r3, .L15+28
 208 0082 2A49     		ldr	r1, .L15+32
 209 0084 1B78     		ldrb	r3, [r3]	@ zero_extendqisi2
 210 0086 DBB2     		uxtb	r3, r3
 211 0088 0B70     		strb	r3, [r1]
ARM GAS  C:\Users\elon1\AppData\Local\Temp\ccDsWpyI.s 			page 11


 190:Generated_Source\PSoC5/cyfitter_cfg.c **** 	CY_SET_XTND_REG16((void CYFAR *)(CYREG_FASTCLK_PLL_CFG0), 0x1251u);
 212              		.loc 1 190 0
 213 008a 294B     		ldr	r3, .L15+36
 214 008c 1A80     		strh	r2, [r3]	@ movhi
 191:Generated_Source\PSoC5/cyfitter_cfg.c **** 	/* Wait up to 250us for the PLL to lock */
 215              		.loc 1 191 0
 216 008e 41F25122 		movw	r2, #4689
 217 0092 23F8022C 		strh	r2, [r3, #-2]	@ movhi
 218              	.LVL10:
 219              	.L7:
 196:Generated_Source\PSoC5/cyfitter_cfg.c **** 		CyDelayCycles(10u * 48u); /* Delay 10us based on 48MHz clock */
 220              		.loc 1 196 0
 221 0096 3378     		ldrb	r3, [r6]	@ zero_extendqisi2
 197:Generated_Source\PSoC5/cyfitter_cfg.c **** 	}
 222              		.loc 1 197 0
 223 0098 4FF4F070 		mov	r0, #480
 196:Generated_Source\PSoC5/cyfitter_cfg.c **** 		CyDelayCycles(10u * 48u); /* Delay 10us based on 48MHz clock */
 224              		.loc 1 196 0
 225 009c 03F00103 		and	r3, r3, #1
 226 00a0 43EA4404 		orr	r4, r3, r4, lsl #1
 227              	.LVL11:
 197:Generated_Source\PSoC5/cyfitter_cfg.c **** 	}
 228              		.loc 1 197 0
 229 00a4 FFF7FEFF 		bl	CyDelayCycles
 230              	.LVL12:
 194:Generated_Source\PSoC5/cyfitter_cfg.c **** 	{ 
 231              		.loc 1 194 0
 232 00a8 013D     		subs	r5, r5, #1
 233              	.LVL13:
 196:Generated_Source\PSoC5/cyfitter_cfg.c **** 		CyDelayCycles(10u * 48u); /* Delay 10us based on 48MHz clock */
 234              		.loc 1 196 0
 235 00aa 04F00304 		and	r4, r4, #3
 236              	.LVL14:
 194:Generated_Source\PSoC5/cyfitter_cfg.c **** 	{ 
 237              		.loc 1 194 0
 238 00ae 2BD0     		beq	.L6
 239              	.LVL15:
 240 00b0 032C     		cmp	r4, #3
 241 00b2 F0D1     		bne	.L7
 206:Generated_Source\PSoC5/cyfitter_cfg.c **** 	CY_SET_XTND_REG8((void CYFAR *)(CYREG_CLKDIST_MSTR0), 0x07u);
 242              		.loc 1 206 0
 243 00b4 1F4B     		ldr	r3, .L15+40
 244 00b6 4FF48072 		mov	r2, #256
 245 00ba 1A80     		strh	r2, [r3]	@ movhi
 208:Generated_Source\PSoC5/cyfitter_cfg.c **** 	CY_SET_XTND_REG8((void CYFAR *)(CYREG_CLKDIST_BCFG2), 0x48u);
 246              		.loc 1 208 0
 247 00bc 1E49     		ldr	r1, .L15+44
 207:Generated_Source\PSoC5/cyfitter_cfg.c **** 	CY_SET_XTND_REG8((void CYFAR *)(CYREG_CLKDIST_BCFG0), 0x00u);
 248              		.loc 1 207 0
 249 00be 0722     		movs	r2, #7
 250 00c0 1A70     		strb	r2, [r3]
 209:Generated_Source\PSoC5/cyfitter_cfg.c **** 	CY_SET_XTND_REG8((void CYFAR *)(CYREG_CLKDIST_MSTR0), 0x00u);
 251              		.loc 1 209 0
 252 00c2 4820     		movs	r0, #72
 208:Generated_Source\PSoC5/cyfitter_cfg.c **** 	CY_SET_XTND_REG8((void CYFAR *)(CYREG_CLKDIST_BCFG2), 0x48u);
 253              		.loc 1 208 0
 254 00c4 0022     		movs	r2, #0
ARM GAS  C:\Users\elon1\AppData\Local\Temp\ccDsWpyI.s 			page 12


 255 00c6 0A70     		strb	r2, [r1]
 209:Generated_Source\PSoC5/cyfitter_cfg.c **** 	CY_SET_XTND_REG8((void CYFAR *)(CYREG_CLKDIST_MSTR0), 0x00u);
 256              		.loc 1 209 0
 257 00c8 8870     		strb	r0, [r1, #2]
 210:Generated_Source\PSoC5/cyfitter_cfg.c **** 	CY_SET_XTND_REG8((void CYFAR *)(CYREG_CLKDIST_LD), 0x02u);
 258              		.loc 1 210 0
 259 00ca 1A70     		strb	r2, [r3]
 211:Generated_Source\PSoC5/cyfitter_cfg.c **** }
 260              		.loc 1 211 0
 261 00cc 0222     		movs	r2, #2
 262 00ce 03F8032C 		strb	r2, [r3, #-3]
 263              	.LVL16:
 264              	.LBE41:
 265              	.LBE50:
 347:Generated_Source\PSoC5/cyfitter_cfg.c **** 	/* Setup clocks based on selections from Clock DWR */
 348:Generated_Source\PSoC5/cyfitter_cfg.c **** 	ClockSetup();
 349:Generated_Source\PSoC5/cyfitter_cfg.c **** 	/* Set Flash Cycles based on newly configured 24.00MHz Bus Clock. */
 350:Generated_Source\PSoC5/cyfitter_cfg.c **** 	CY_SET_XTND_REG8((void CYFAR *)(CYREG_CACHE_CC_CTL), (((CYDEV_INSTRUCT_CACHE_ENABLED) != 0) ? 0x81
 266              		.loc 1 350 0
 267 00d2 8122     		movs	r2, #129
 268 00d4 83F8FC27 		strb	r2, [r3, #2044]
 351:Generated_Source\PSoC5/cyfitter_cfg.c **** 	CY_SET_XTND_REG8((void CYFAR *)(CYREG_PANTHER_WAITPIPE), 0x01u);
 269              		.loc 1 351 0
 270 00d8 0122     		movs	r2, #1
 271 00da 03F5F823 		add	r3, r3, #507904
 272 00de 1A70     		strb	r2, [r3]
 273              	.LBB51:
 274              	.LBB52:
 236:Generated_Source\PSoC5/cyfitter_cfg.c **** 	CY_SET_XTND_REG8((void CYFAR *)(CYREG_BG_DFT0), (bg_xover_inl_trim & 0x07u));
 275              		.loc 1 236 0
 276 00e0 164B     		ldr	r3, .L15+48
 237:Generated_Source\PSoC5/cyfitter_cfg.c **** 	CY_SET_XTND_REG8((void CYFAR *)(CYREG_BG_DFT1), ((bg_xover_inl_trim >> 4) & 0x0Fu));
 277              		.loc 1 237 0
 278 00e2 174A     		ldr	r2, .L15+52
 236:Generated_Source\PSoC5/cyfitter_cfg.c **** 	CY_SET_XTND_REG8((void CYFAR *)(CYREG_BG_DFT0), (bg_xover_inl_trim & 0x07u));
 279              		.loc 1 236 0
 280 00e4 1B78     		ldrb	r3, [r3]	@ zero_extendqisi2
 281              	.LBE52:
 282              	.LBE51:
 283              	.LBB54:
 284              	.LBB55:
  86:Generated_Source\PSoC5/cyfitter_cfg.c **** }
 285              		.loc 1 86 0
 286 00e6 174C     		ldr	r4, .L15+56
 287              	.LBE55:
 288              	.LBE54:
 289              	.LBB57:
 290              	.LBB53:
 236:Generated_Source\PSoC5/cyfitter_cfg.c **** 	CY_SET_XTND_REG8((void CYFAR *)(CYREG_BG_DFT0), (bg_xover_inl_trim & 0x07u));
 291              		.loc 1 236 0
 292 00e8 DBB2     		uxtb	r3, r3
 293              	.LVL17:
 237:Generated_Source\PSoC5/cyfitter_cfg.c **** 	CY_SET_XTND_REG8((void CYFAR *)(CYREG_BG_DFT1), ((bg_xover_inl_trim >> 4) & 0x0Fu));
 294              		.loc 1 237 0
 295 00ea 03F00701 		and	r1, r3, #7
 238:Generated_Source\PSoC5/cyfitter_cfg.c **** 	CY_SET_XTND_REG8((void CYFAR *)CYREG_PUMP_CR0, 0x44u);
 296              		.loc 1 238 0
ARM GAS  C:\Users\elon1\AppData\Local\Temp\ccDsWpyI.s 			page 13


 297 00ee 1B09     		lsrs	r3, r3, #4
 298              	.LVL18:
 237:Generated_Source\PSoC5/cyfitter_cfg.c **** 	CY_SET_XTND_REG8((void CYFAR *)(CYREG_BG_DFT1), ((bg_xover_inl_trim >> 4) & 0x0Fu));
 299              		.loc 1 237 0
 300 00f0 1170     		strb	r1, [r2]
 238:Generated_Source\PSoC5/cyfitter_cfg.c **** 	CY_SET_XTND_REG8((void CYFAR *)CYREG_PUMP_CR0, 0x44u);
 301              		.loc 1 238 0
 302 00f2 5370     		strb	r3, [r2, #1]
 239:Generated_Source\PSoC5/cyfitter_cfg.c **** }
 303              		.loc 1 239 0
 304 00f4 144B     		ldr	r3, .L15+60
 305 00f6 4422     		movs	r2, #68
 306 00f8 1A70     		strb	r2, [r3]
 307              	.LVL19:
 308              	.LBE53:
 309              	.LBE57:
 310              	.LBB58:
 311              	.LBB56:
  86:Generated_Source\PSoC5/cyfitter_cfg.c **** }
 312              		.loc 1 86 0
 313 00fa A3F5A653 		sub	r3, r3, #5312
 314 00fe 163B     		subs	r3, r3, #22
 315 0100 0FCB     		ldmia	r3, {r0, r1, r2, r3}
 316 0102 07C4     		stmia	r4!, {r0, r1, r2}
 317 0104 2380     		strh	r3, [r4]	@ movhi
 318              	.LVL20:
 319 0106 70BD     		pop	{r4, r5, r6, pc}
 320              	.LVL21:
 321              	.L6:
 322 0108 FEE7     		b	.L6
 323              	.L16:
 324 010a 00BF     		.align	2
 325              	.L15:
 326 010c E8460040 		.word	1073759976
 327 0110 00000000 		.word	.LANCHOR0
 328 0114 03500140 		.word	1073827843
 329 0118 20510040 		.word	1073762592
 330 011c 25420040 		.word	1073758757
 331 0120 22430040 		.word	1073759010
 332 0124 00480040 		.word	1073760256
 333 0128 08010049 		.word	1224737032
 334 012c A1460040 		.word	1073759905
 335 0130 22420040 		.word	1073758754
 336 0134 04400040 		.word	1073758212
 337 0138 06400040 		.word	1073758214
 338 013c CF010049 		.word	1224737231
 339 0140 6E580040 		.word	1073764462
 340 0144 B0430040 		.word	1073759152
 341 0148 76580040 		.word	1073764470
 342              	.LBE56:
 343              	.LBE58:
 344              		.cfi_endproc
 345              	.LFE7:
 346              		.size	cyfitter_cfg, .-cyfitter_cfg
 347              		.section	.rodata
 348              		.set	.LANCHOR0,. + 0
 349              		.type	cfg_memset_list.4992, %object
ARM GAS  C:\Users\elon1\AppData\Local\Temp\ccDsWpyI.s 			page 14


 350              		.size	cfg_memset_list.4992, 54
 351              	cfg_memset_list.4992:
 352 0000 00510040 		.4byte	1073762560
 353 0004 1000     		.2byte	16
 354 0006 30510040 		.4byte	1073762608
 355 000a 4000     		.2byte	64
 356 000c C0510040 		.4byte	1073762752
 357 0010 1000     		.2byte	16
 358 0012 F0510040 		.4byte	1073762800
 359 0016 1000     		.2byte	16
 360 0018 00000140 		.4byte	1073807360
 361 001c 0010     		.2byte	4096
 362 001e 00140140 		.4byte	1073812480
 363 0022 0008     		.2byte	2048
 364 0024 00400140 		.4byte	1073823744
 365 0028 000A     		.2byte	2560
 366 002a 004C0140 		.4byte	1073826816
 367 002e 0002     		.2byte	512
 368 0030 00500140 		.4byte	1073827840
 369 0034 2000     		.2byte	32
 370              		.text
 371              	.Letext0:
 372              		.file 2 "c:\\program files (x86)\\cypress\\psoc creator\\4.4\\psoc creator\\import\\gnu\\arm\\5.4.
 373              		.file 3 "Generated_Source\\PSoC5\\cytypes.h"
 374              		.file 4 "Generated_Source\\PSoC5\\CyLib.h"
 375              		.section	.debug_info,"",%progbits
 376              	.Ldebug_info0:
 377 0000 90030000 		.4byte	0x390
 378 0004 0400     		.2byte	0x4
 379 0006 00000000 		.4byte	.Ldebug_abbrev0
 380 000a 04       		.byte	0x4
 381 000b 01       		.uleb128 0x1
 382 000c B1000000 		.4byte	.LASF37
 383 0010 0C       		.byte	0xc
 384 0011 2C000000 		.4byte	.LASF38
 385 0015 81010000 		.4byte	.LASF39
 386 0019 C0000000 		.4byte	.Ldebug_ranges0+0xc0
 387 001d 00000000 		.4byte	0
 388 0021 00000000 		.4byte	.Ldebug_line0
 389 0025 02       		.uleb128 0x2
 390 0026 04       		.byte	0x4
 391 0027 05       		.byte	0x5
 392 0028 696E7400 		.ascii	"int\000"
 393 002c 03       		.uleb128 0x3
 394 002d 14000000 		.4byte	.LASF12
 395 0031 02       		.byte	0x2
 396 0032 D8       		.byte	0xd8
 397 0033 37000000 		.4byte	0x37
 398 0037 04       		.uleb128 0x4
 399 0038 04       		.byte	0x4
 400 0039 07       		.byte	0x7
 401 003a FE010000 		.4byte	.LASF0
 402 003e 04       		.uleb128 0x4
 403 003f 08       		.byte	0x8
 404 0040 05       		.byte	0x5
 405 0041 40020000 		.4byte	.LASF1
 406 0045 04       		.uleb128 0x4
ARM GAS  C:\Users\elon1\AppData\Local\Temp\ccDsWpyI.s 			page 15


 407 0046 08       		.byte	0x8
 408 0047 04       		.byte	0x4
 409 0048 76020000 		.4byte	.LASF2
 410 004c 04       		.uleb128 0x4
 411 004d 01       		.byte	0x1
 412 004e 06       		.byte	0x6
 413 004f 94020000 		.4byte	.LASF3
 414 0053 04       		.uleb128 0x4
 415 0054 01       		.byte	0x1
 416 0055 08       		.byte	0x8
 417 0056 65010000 		.4byte	.LASF4
 418 005a 04       		.uleb128 0x4
 419 005b 02       		.byte	0x2
 420 005c 05       		.byte	0x5
 421 005d 56020000 		.4byte	.LASF5
 422 0061 04       		.uleb128 0x4
 423 0062 02       		.byte	0x2
 424 0063 07       		.byte	0x7
 425 0064 6D000000 		.4byte	.LASF6
 426 0068 04       		.uleb128 0x4
 427 0069 04       		.byte	0x4
 428 006a 05       		.byte	0x5
 429 006b 68020000 		.4byte	.LASF7
 430 006f 04       		.uleb128 0x4
 431 0070 04       		.byte	0x4
 432 0071 07       		.byte	0x7
 433 0072 EC010000 		.4byte	.LASF8
 434 0076 04       		.uleb128 0x4
 435 0077 08       		.byte	0x8
 436 0078 07       		.byte	0x7
 437 0079 13020000 		.4byte	.LASF9
 438 007d 04       		.uleb128 0x4
 439 007e 04       		.byte	0x4
 440 007f 07       		.byte	0x7
 441 0080 37020000 		.4byte	.LASF10
 442 0084 05       		.uleb128 0x5
 443 0085 04       		.byte	0x4
 444 0086 04       		.uleb128 0x4
 445 0087 01       		.byte	0x1
 446 0088 08       		.byte	0x8
 447 0089 71020000 		.4byte	.LASF11
 448 008d 06       		.uleb128 0x6
 449 008e 3F010000 		.4byte	.LASF13
 450 0092 03       		.byte	0x3
 451 0093 E801     		.2byte	0x1e8
 452 0095 53000000 		.4byte	0x53
 453 0099 06       		.uleb128 0x6
 454 009a D4010000 		.4byte	.LASF14
 455 009e 03       		.byte	0x3
 456 009f E901     		.2byte	0x1e9
 457 00a1 61000000 		.4byte	0x61
 458 00a5 06       		.uleb128 0x6
 459 00a6 E5010000 		.4byte	.LASF15
 460 00aa 03       		.byte	0x3
 461 00ab EA01     		.2byte	0x1ea
 462 00ad 6F000000 		.4byte	0x6f
 463 00b1 04       		.uleb128 0x4
ARM GAS  C:\Users\elon1\AppData\Local\Temp\ccDsWpyI.s 			page 16


 464 00b2 04       		.byte	0x4
 465 00b3 04       		.byte	0x4
 466 00b4 88000000 		.4byte	.LASF16
 467 00b8 04       		.uleb128 0x4
 468 00b9 08       		.byte	0x8
 469 00ba 04       		.byte	0x4
 470 00bb 7A010000 		.4byte	.LASF17
 471 00bf 06       		.uleb128 0x6
 472 00c0 AC000000 		.4byte	.LASF18
 473 00c4 03       		.byte	0x3
 474 00c5 9202     		.2byte	0x292
 475 00c7 CB000000 		.4byte	0xcb
 476 00cb 07       		.uleb128 0x7
 477 00cc 8D000000 		.4byte	0x8d
 478 00d0 06       		.uleb128 0x6
 479 00d1 00000000 		.4byte	.LASF19
 480 00d5 03       		.byte	0x3
 481 00d6 9302     		.2byte	0x293
 482 00d8 DC000000 		.4byte	0xdc
 483 00dc 07       		.uleb128 0x7
 484 00dd 99000000 		.4byte	0x99
 485 00e1 08       		.uleb128 0x8
 486 00e2 8E000000 		.4byte	.LASF20
 487 00e6 01       		.byte	0x1
 488 00e7 7F       		.byte	0x7f
 489 00e8 01       		.byte	0x1
 490 00e9 F9000000 		.4byte	0xf9
 491 00ed 09       		.uleb128 0x9
 492 00ee DB010000 		.4byte	.LASF22
 493 00f2 01       		.byte	0x1
 494 00f3 7F       		.byte	0x7f
 495 00f4 8D000000 		.4byte	0x8d
 496 00f8 00       		.byte	0
 497 00f9 08       		.uleb128 0x8
 498 00fa A9020000 		.4byte	.LASF21
 499 00fe 01       		.byte	0x1
 500 00ff 54       		.byte	0x54
 501 0100 01       		.byte	0x1
 502 0101 25010000 		.4byte	0x125
 503 0105 09       		.uleb128 0x9
 504 0106 A2000000 		.4byte	.LASF23
 505 010a 01       		.byte	0x1
 506 010b 54       		.byte	0x54
 507 010c 84000000 		.4byte	0x84
 508 0110 0A       		.uleb128 0xa
 509 0111 73726300 		.ascii	"src\000"
 510 0115 01       		.byte	0x1
 511 0116 54       		.byte	0x54
 512 0117 25010000 		.4byte	0x125
 513 011b 0A       		.uleb128 0xa
 514 011c 6E00     		.ascii	"n\000"
 515 011e 01       		.byte	0x1
 516 011f 54       		.byte	0x54
 517 0120 2C000000 		.4byte	0x2c
 518 0124 00       		.byte	0
 519 0125 0B       		.uleb128 0xb
 520 0126 04       		.byte	0x4
ARM GAS  C:\Users\elon1\AppData\Local\Temp\ccDsWpyI.s 			page 17


 521 0127 2B010000 		.4byte	0x12b
 522 012b 0C       		.uleb128 0xc
 523 012c 0D       		.uleb128 0xd
 524 012d 4F010000 		.4byte	.LASF30
 525 0131 01       		.byte	0x1
 526 0132 0401     		.2byte	0x104
 527 0134 00000000 		.4byte	.LFB6
 528 0138 10000000 		.4byte	.LFE6-.LFB6
 529 013c 01       		.uleb128 0x1
 530 013d 9C       		.byte	0x9c
 531 013e 5F010000 		.4byte	0x15f
 532 0142 0E       		.uleb128 0xe
 533 0143 60020000 		.4byte	.LASF40
 534 0147 01       		.byte	0x1
 535 0148 0401     		.2byte	0x104
 536 014a 8D000000 		.4byte	0x8d
 537 014e 01       		.uleb128 0x1
 538 014f 50       		.byte	0x50
 539 0150 0F       		.uleb128 0xf
 540 0151 A0020000 		.4byte	.LASF35
 541 0155 01       		.byte	0x1
 542 0156 0601     		.2byte	0x106
 543 0158 8D000000 		.4byte	0x8d
 544 015c 01       		.uleb128 0x1
 545 015d 53       		.byte	0x53
 546 015e 00       		.byte	0
 547 015f 08       		.uleb128 0x8
 548 0160 45010000 		.4byte	.LASF24
 549 0164 01       		.byte	0x1
 550 0165 4D       		.byte	0x4d
 551 0166 01       		.byte	0x1
 552 0167 7E010000 		.4byte	0x17e
 553 016b 0A       		.uleb128 0xa
 554 016c 7300     		.ascii	"s\000"
 555 016e 01       		.byte	0x1
 556 016f 4D       		.byte	0x4d
 557 0170 84000000 		.4byte	0x84
 558 0174 0A       		.uleb128 0xa
 559 0175 6E00     		.ascii	"n\000"
 560 0177 01       		.byte	0x1
 561 0178 4D       		.byte	0x4d
 562 0179 2C000000 		.4byte	0x2c
 563 017d 00       		.byte	0
 564 017e 08       		.uleb128 0x8
 565 017f 1B000000 		.4byte	.LASF25
 566 0183 01       		.byte	0x1
 567 0184 EA       		.byte	0xea
 568 0185 01       		.byte	0x1
 569 0186 96010000 		.4byte	0x196
 570 018a 10       		.uleb128 0x10
 571 018b 82020000 		.4byte	.LASF27
 572 018f 01       		.byte	0x1
 573 0190 EC       		.byte	0xec
 574 0191 8D000000 		.4byte	0x8d
 575 0195 00       		.byte	0
 576 0196 08       		.uleb128 0x8
 577 0197 62000000 		.4byte	.LASF26
ARM GAS  C:\Users\elon1\AppData\Local\Temp\ccDsWpyI.s 			page 18


 578 019b 01       		.byte	0x1
 579 019c AF       		.byte	0xaf
 580 019d 01       		.byte	0x1
 581 019e B9010000 		.4byte	0x1b9
 582 01a2 10       		.uleb128 0x10
 583 01a3 4E020000 		.4byte	.LASF28
 584 01a7 01       		.byte	0x1
 585 01a8 B1       		.byte	0xb1
 586 01a9 A5000000 		.4byte	0xa5
 587 01ad 10       		.uleb128 0x10
 588 01ae 80000000 		.4byte	.LASF29
 589 01b2 01       		.byte	0x1
 590 01b3 B2       		.byte	0xb2
 591 01b4 8D000000 		.4byte	0x8d
 592 01b8 00       		.byte	0
 593 01b9 0D       		.uleb128 0xd
 594 01ba C7010000 		.4byte	.LASF31
 595 01be 01       		.byte	0x1
 596 01bf 2601     		.2byte	0x126
 597 01c1 00000000 		.4byte	.LFB7
 598 01c5 4C010000 		.4byte	.LFE7-.LFB7
 599 01c9 01       		.uleb128 0x1
 600 01ca 9C       		.byte	0x9c
 601 01cb 7F030000 		.4byte	0x37f
 602 01cf 11       		.uleb128 0x11
 603 01d0 00000000 		.4byte	.Ldebug_ranges0+0
 604 01d4 90020000 		.4byte	0x290
 605 01d8 12       		.uleb128 0x12
 606 01d9 06       		.byte	0x6
 607 01da 01       		.byte	0x1
 608 01db 3201     		.2byte	0x132
 609 01dd FC010000 		.4byte	0x1fc
 610 01e1 13       		.uleb128 0x13
 611 01e2 0B020000 		.4byte	.LASF32
 612 01e6 01       		.byte	0x1
 613 01e7 3301     		.2byte	0x133
 614 01e9 84000000 		.4byte	0x84
 615 01ed 00       		.byte	0
 616 01ee 13       		.uleb128 0x13
 617 01ef A7000000 		.4byte	.LASF33
 618 01f3 01       		.byte	0x1
 619 01f4 3401     		.2byte	0x134
 620 01f6 99000000 		.4byte	0x99
 621 01fa 04       		.byte	0x4
 622 01fb 00       		.byte	0
 623 01fc 06       		.uleb128 0x6
 624 01fd 2A020000 		.4byte	.LASF34
 625 0201 01       		.byte	0x1
 626 0202 3501     		.2byte	0x135
 627 0204 D8010000 		.4byte	0x1d8
 628 0208 14       		.uleb128 0x14
 629 0209 18020000 		.4byte	0x218
 630 020d 18020000 		.4byte	0x218
 631 0211 15       		.uleb128 0x15
 632 0212 7D000000 		.4byte	0x7d
 633 0216 08       		.byte	0x8
 634 0217 00       		.byte	0
ARM GAS  C:\Users\elon1\AppData\Local\Temp\ccDsWpyI.s 			page 19


 635 0218 16       		.uleb128 0x16
 636 0219 FC010000 		.4byte	0x1fc
 637 021d 0F       		.uleb128 0xf
 638 021e 52000000 		.4byte	.LASF36
 639 0222 01       		.byte	0x1
 640 0223 3701     		.2byte	0x137
 641 0225 2F020000 		.4byte	0x22f
 642 0229 05       		.uleb128 0x5
 643 022a 03       		.byte	0x3
 644 022b 00000000 		.4byte	cfg_memset_list.4992
 645 022f 16       		.uleb128 0x16
 646 0230 08020000 		.4byte	0x208
 647 0234 17       		.uleb128 0x17
 648 0235 6900     		.ascii	"i\000"
 649 0237 01       		.byte	0x1
 650 0238 4401     		.2byte	0x144
 651 023a 8D000000 		.4byte	0x8d
 652 023e 00000000 		.4byte	.LLST0
 653 0242 18       		.uleb128 0x18
 654 0243 30000000 		.4byte	.Ldebug_ranges0+0x30
 655 0247 17       		.uleb128 0x17
 656 0248 6D7300   		.ascii	"ms\000"
 657 024b 01       		.byte	0x1
 658 024c 4901     		.2byte	0x149
 659 024e 56020000 		.4byte	0x256
 660 0252 1F000000 		.4byte	.LLST1
 661 0256 0B       		.uleb128 0xb
 662 0257 04       		.byte	0x4
 663 0258 18020000 		.4byte	0x218
 664 025c 19       		.uleb128 0x19
 665 025d 5F010000 		.4byte	0x15f
 666 0261 18000000 		.4byte	.LBB28
 667 0265 0C000000 		.4byte	.LBE28-.LBB28
 668 0269 01       		.byte	0x1
 669 026a 4A01     		.2byte	0x14a
 670 026c 1A       		.uleb128 0x1a
 671 026d 74010000 		.4byte	0x174
 672 0271 51000000 		.4byte	.LLST2
 673 0275 1A       		.uleb128 0x1a
 674 0276 6B010000 		.4byte	0x16b
 675 027a 8F000000 		.4byte	.LLST3
 676 027e 1B       		.uleb128 0x1b
 677 027f 24000000 		.4byte	.LVL5
 678 0283 7F030000 		.4byte	0x37f
 679 0287 1C       		.uleb128 0x1c
 680 0288 01       		.uleb128 0x1
 681 0289 51       		.byte	0x51
 682 028a 01       		.uleb128 0x1
 683 028b 30       		.byte	0x30
 684 028c 00       		.byte	0
 685 028d 00       		.byte	0
 686 028e 00       		.byte	0
 687 028f 00       		.byte	0
 688 0290 1D       		.uleb128 0x1d
 689 0291 F9000000 		.4byte	0xf9
 690 0295 2A000000 		.4byte	.LBB32
 691 0299 48000000 		.4byte	.Ldebug_ranges0+0x48
ARM GAS  C:\Users\elon1\AppData\Local\Temp\ccDsWpyI.s 			page 20


 692 029d 01       		.byte	0x1
 693 029e 5501     		.2byte	0x155
 694 02a0 C0020000 		.4byte	0x2c0
 695 02a4 1A       		.uleb128 0x1a
 696 02a5 1B010000 		.4byte	0x11b
 697 02a9 BF000000 		.4byte	.LLST4
 698 02ad 1A       		.uleb128 0x1a
 699 02ae 10010000 		.4byte	0x110
 700 02b2 D3000000 		.4byte	.LLST5
 701 02b6 1A       		.uleb128 0x1a
 702 02b7 05010000 		.4byte	0x105
 703 02bb EB000000 		.4byte	.LLST6
 704 02bf 00       		.byte	0
 705 02c0 1D       		.uleb128 0x1d
 706 02c1 96010000 		.4byte	0x196
 707 02c5 2E000000 		.4byte	.LBB36
 708 02c9 60000000 		.4byte	.Ldebug_ranges0+0x60
 709 02cd 01       		.byte	0x1
 710 02ce 5C01     		.2byte	0x15c
 711 02d0 FE020000 		.4byte	0x2fe
 712 02d4 18       		.uleb128 0x18
 713 02d5 60000000 		.4byte	.Ldebug_ranges0+0x60
 714 02d9 1E       		.uleb128 0x1e
 715 02da A2010000 		.4byte	0x1a2
 716 02de 03010000 		.4byte	.LLST7
 717 02e2 1E       		.uleb128 0x1e
 718 02e3 AD010000 		.4byte	0x1ad
 719 02e7 30010000 		.4byte	.LLST8
 720 02eb 1B       		.uleb128 0x1b
 721 02ec A8000000 		.4byte	.LVL12
 722 02f0 88030000 		.4byte	0x388
 723 02f4 1C       		.uleb128 0x1c
 724 02f5 01       		.uleb128 0x1
 725 02f6 50       		.byte	0x50
 726 02f7 03       		.uleb128 0x3
 727 02f8 0A       		.byte	0xa
 728 02f9 E001     		.2byte	0x1e0
 729 02fb 00       		.byte	0
 730 02fc 00       		.byte	0
 731 02fd 00       		.byte	0
 732 02fe 1F       		.uleb128 0x1f
 733 02ff F9000000 		.4byte	0xf9
 734 0303 40000000 		.4byte	.LBB45
 735 0307 10000000 		.4byte	.LBE45-.LBB45
 736 030b 01       		.byte	0x1
 737 030c 5401     		.2byte	0x154
 738 030e 2E030000 		.4byte	0x32e
 739 0312 1A       		.uleb128 0x1a
 740 0313 1B010000 		.4byte	0x11b
 741 0317 59010000 		.4byte	.LLST9
 742 031b 1A       		.uleb128 0x1a
 743 031c 10010000 		.4byte	0x110
 744 0320 6D010000 		.4byte	.LLST10
 745 0324 1A       		.uleb128 0x1a
 746 0325 05010000 		.4byte	0x105
 747 0329 83010000 		.4byte	.LLST11
 748 032d 00       		.byte	0
ARM GAS  C:\Users\elon1\AppData\Local\Temp\ccDsWpyI.s 			page 21


 749 032e 1D       		.uleb128 0x1d
 750 032f 7E010000 		.4byte	0x17e
 751 0333 E0000000 		.4byte	.LBB51
 752 0337 90000000 		.4byte	.Ldebug_ranges0+0x90
 753 033b 01       		.byte	0x1
 754 033c 6201     		.2byte	0x162
 755 033e 52030000 		.4byte	0x352
 756 0342 18       		.uleb128 0x18
 757 0343 90000000 		.4byte	.Ldebug_ranges0+0x90
 758 0347 1E       		.uleb128 0x1e
 759 0348 8A010000 		.4byte	0x18a
 760 034c 9B010000 		.4byte	.LLST12
 761 0350 00       		.byte	0
 762 0351 00       		.byte	0
 763 0352 20       		.uleb128 0x20
 764 0353 F9000000 		.4byte	0xf9
 765 0357 E6000000 		.4byte	.LBB54
 766 035b A8000000 		.4byte	.Ldebug_ranges0+0xa8
 767 035f 01       		.byte	0x1
 768 0360 6501     		.2byte	0x165
 769 0362 1A       		.uleb128 0x1a
 770 0363 1B010000 		.4byte	0x11b
 771 0367 AE010000 		.4byte	.LLST13
 772 036b 1A       		.uleb128 0x1a
 773 036c 10010000 		.4byte	0x110
 774 0370 C2010000 		.4byte	.LLST14
 775 0374 1A       		.uleb128 0x1a
 776 0375 05010000 		.4byte	0x105
 777 0379 DA010000 		.4byte	.LLST15
 778 037d 00       		.byte	0
 779 037e 00       		.byte	0
 780 037f 21       		.uleb128 0x21
 781 0380 73010000 		.4byte	.LASF41
 782 0384 73010000 		.4byte	.LASF41
 783 0388 22       		.uleb128 0x22
 784 0389 06000000 		.4byte	.LASF42
 785 038d 06000000 		.4byte	.LASF42
 786 0391 04       		.byte	0x4
 787 0392 79       		.byte	0x79
 788 0393 00       		.byte	0
 789              		.section	.debug_abbrev,"",%progbits
 790              	.Ldebug_abbrev0:
 791 0000 01       		.uleb128 0x1
 792 0001 11       		.uleb128 0x11
 793 0002 01       		.byte	0x1
 794 0003 25       		.uleb128 0x25
 795 0004 0E       		.uleb128 0xe
 796 0005 13       		.uleb128 0x13
 797 0006 0B       		.uleb128 0xb
 798 0007 03       		.uleb128 0x3
 799 0008 0E       		.uleb128 0xe
 800 0009 1B       		.uleb128 0x1b
 801 000a 0E       		.uleb128 0xe
 802 000b 55       		.uleb128 0x55
 803 000c 17       		.uleb128 0x17
 804 000d 11       		.uleb128 0x11
 805 000e 01       		.uleb128 0x1
ARM GAS  C:\Users\elon1\AppData\Local\Temp\ccDsWpyI.s 			page 22


 806 000f 10       		.uleb128 0x10
 807 0010 17       		.uleb128 0x17
 808 0011 00       		.byte	0
 809 0012 00       		.byte	0
 810 0013 02       		.uleb128 0x2
 811 0014 24       		.uleb128 0x24
 812 0015 00       		.byte	0
 813 0016 0B       		.uleb128 0xb
 814 0017 0B       		.uleb128 0xb
 815 0018 3E       		.uleb128 0x3e
 816 0019 0B       		.uleb128 0xb
 817 001a 03       		.uleb128 0x3
 818 001b 08       		.uleb128 0x8
 819 001c 00       		.byte	0
 820 001d 00       		.byte	0
 821 001e 03       		.uleb128 0x3
 822 001f 16       		.uleb128 0x16
 823 0020 00       		.byte	0
 824 0021 03       		.uleb128 0x3
 825 0022 0E       		.uleb128 0xe
 826 0023 3A       		.uleb128 0x3a
 827 0024 0B       		.uleb128 0xb
 828 0025 3B       		.uleb128 0x3b
 829 0026 0B       		.uleb128 0xb
 830 0027 49       		.uleb128 0x49
 831 0028 13       		.uleb128 0x13
 832 0029 00       		.byte	0
 833 002a 00       		.byte	0
 834 002b 04       		.uleb128 0x4
 835 002c 24       		.uleb128 0x24
 836 002d 00       		.byte	0
 837 002e 0B       		.uleb128 0xb
 838 002f 0B       		.uleb128 0xb
 839 0030 3E       		.uleb128 0x3e
 840 0031 0B       		.uleb128 0xb
 841 0032 03       		.uleb128 0x3
 842 0033 0E       		.uleb128 0xe
 843 0034 00       		.byte	0
 844 0035 00       		.byte	0
 845 0036 05       		.uleb128 0x5
 846 0037 0F       		.uleb128 0xf
 847 0038 00       		.byte	0
 848 0039 0B       		.uleb128 0xb
 849 003a 0B       		.uleb128 0xb
 850 003b 00       		.byte	0
 851 003c 00       		.byte	0
 852 003d 06       		.uleb128 0x6
 853 003e 16       		.uleb128 0x16
 854 003f 00       		.byte	0
 855 0040 03       		.uleb128 0x3
 856 0041 0E       		.uleb128 0xe
 857 0042 3A       		.uleb128 0x3a
 858 0043 0B       		.uleb128 0xb
 859 0044 3B       		.uleb128 0x3b
 860 0045 05       		.uleb128 0x5
 861 0046 49       		.uleb128 0x49
 862 0047 13       		.uleb128 0x13
ARM GAS  C:\Users\elon1\AppData\Local\Temp\ccDsWpyI.s 			page 23


 863 0048 00       		.byte	0
 864 0049 00       		.byte	0
 865 004a 07       		.uleb128 0x7
 866 004b 35       		.uleb128 0x35
 867 004c 00       		.byte	0
 868 004d 49       		.uleb128 0x49
 869 004e 13       		.uleb128 0x13
 870 004f 00       		.byte	0
 871 0050 00       		.byte	0
 872 0051 08       		.uleb128 0x8
 873 0052 2E       		.uleb128 0x2e
 874 0053 01       		.byte	0x1
 875 0054 03       		.uleb128 0x3
 876 0055 0E       		.uleb128 0xe
 877 0056 3A       		.uleb128 0x3a
 878 0057 0B       		.uleb128 0xb
 879 0058 3B       		.uleb128 0x3b
 880 0059 0B       		.uleb128 0xb
 881 005a 27       		.uleb128 0x27
 882 005b 19       		.uleb128 0x19
 883 005c 20       		.uleb128 0x20
 884 005d 0B       		.uleb128 0xb
 885 005e 01       		.uleb128 0x1
 886 005f 13       		.uleb128 0x13
 887 0060 00       		.byte	0
 888 0061 00       		.byte	0
 889 0062 09       		.uleb128 0x9
 890 0063 05       		.uleb128 0x5
 891 0064 00       		.byte	0
 892 0065 03       		.uleb128 0x3
 893 0066 0E       		.uleb128 0xe
 894 0067 3A       		.uleb128 0x3a
 895 0068 0B       		.uleb128 0xb
 896 0069 3B       		.uleb128 0x3b
 897 006a 0B       		.uleb128 0xb
 898 006b 49       		.uleb128 0x49
 899 006c 13       		.uleb128 0x13
 900 006d 00       		.byte	0
 901 006e 00       		.byte	0
 902 006f 0A       		.uleb128 0xa
 903 0070 05       		.uleb128 0x5
 904 0071 00       		.byte	0
 905 0072 03       		.uleb128 0x3
 906 0073 08       		.uleb128 0x8
 907 0074 3A       		.uleb128 0x3a
 908 0075 0B       		.uleb128 0xb
 909 0076 3B       		.uleb128 0x3b
 910 0077 0B       		.uleb128 0xb
 911 0078 49       		.uleb128 0x49
 912 0079 13       		.uleb128 0x13
 913 007a 00       		.byte	0
 914 007b 00       		.byte	0
 915 007c 0B       		.uleb128 0xb
 916 007d 0F       		.uleb128 0xf
 917 007e 00       		.byte	0
 918 007f 0B       		.uleb128 0xb
 919 0080 0B       		.uleb128 0xb
ARM GAS  C:\Users\elon1\AppData\Local\Temp\ccDsWpyI.s 			page 24


 920 0081 49       		.uleb128 0x49
 921 0082 13       		.uleb128 0x13
 922 0083 00       		.byte	0
 923 0084 00       		.byte	0
 924 0085 0C       		.uleb128 0xc
 925 0086 26       		.uleb128 0x26
 926 0087 00       		.byte	0
 927 0088 00       		.byte	0
 928 0089 00       		.byte	0
 929 008a 0D       		.uleb128 0xd
 930 008b 2E       		.uleb128 0x2e
 931 008c 01       		.byte	0x1
 932 008d 3F       		.uleb128 0x3f
 933 008e 19       		.uleb128 0x19
 934 008f 03       		.uleb128 0x3
 935 0090 0E       		.uleb128 0xe
 936 0091 3A       		.uleb128 0x3a
 937 0092 0B       		.uleb128 0xb
 938 0093 3B       		.uleb128 0x3b
 939 0094 05       		.uleb128 0x5
 940 0095 27       		.uleb128 0x27
 941 0096 19       		.uleb128 0x19
 942 0097 11       		.uleb128 0x11
 943 0098 01       		.uleb128 0x1
 944 0099 12       		.uleb128 0x12
 945 009a 06       		.uleb128 0x6
 946 009b 40       		.uleb128 0x40
 947 009c 18       		.uleb128 0x18
 948 009d 9742     		.uleb128 0x2117
 949 009f 19       		.uleb128 0x19
 950 00a0 01       		.uleb128 0x1
 951 00a1 13       		.uleb128 0x13
 952 00a2 00       		.byte	0
 953 00a3 00       		.byte	0
 954 00a4 0E       		.uleb128 0xe
 955 00a5 05       		.uleb128 0x5
 956 00a6 00       		.byte	0
 957 00a7 03       		.uleb128 0x3
 958 00a8 0E       		.uleb128 0xe
 959 00a9 3A       		.uleb128 0x3a
 960 00aa 0B       		.uleb128 0xb
 961 00ab 3B       		.uleb128 0x3b
 962 00ac 05       		.uleb128 0x5
 963 00ad 49       		.uleb128 0x49
 964 00ae 13       		.uleb128 0x13
 965 00af 02       		.uleb128 0x2
 966 00b0 18       		.uleb128 0x18
 967 00b1 00       		.byte	0
 968 00b2 00       		.byte	0
 969 00b3 0F       		.uleb128 0xf
 970 00b4 34       		.uleb128 0x34
 971 00b5 00       		.byte	0
 972 00b6 03       		.uleb128 0x3
 973 00b7 0E       		.uleb128 0xe
 974 00b8 3A       		.uleb128 0x3a
 975 00b9 0B       		.uleb128 0xb
 976 00ba 3B       		.uleb128 0x3b
ARM GAS  C:\Users\elon1\AppData\Local\Temp\ccDsWpyI.s 			page 25


 977 00bb 05       		.uleb128 0x5
 978 00bc 49       		.uleb128 0x49
 979 00bd 13       		.uleb128 0x13
 980 00be 02       		.uleb128 0x2
 981 00bf 18       		.uleb128 0x18
 982 00c0 00       		.byte	0
 983 00c1 00       		.byte	0
 984 00c2 10       		.uleb128 0x10
 985 00c3 34       		.uleb128 0x34
 986 00c4 00       		.byte	0
 987 00c5 03       		.uleb128 0x3
 988 00c6 0E       		.uleb128 0xe
 989 00c7 3A       		.uleb128 0x3a
 990 00c8 0B       		.uleb128 0xb
 991 00c9 3B       		.uleb128 0x3b
 992 00ca 0B       		.uleb128 0xb
 993 00cb 49       		.uleb128 0x49
 994 00cc 13       		.uleb128 0x13
 995 00cd 00       		.byte	0
 996 00ce 00       		.byte	0
 997 00cf 11       		.uleb128 0x11
 998 00d0 0B       		.uleb128 0xb
 999 00d1 01       		.byte	0x1
 1000 00d2 55       		.uleb128 0x55
 1001 00d3 17       		.uleb128 0x17
 1002 00d4 01       		.uleb128 0x1
 1003 00d5 13       		.uleb128 0x13
 1004 00d6 00       		.byte	0
 1005 00d7 00       		.byte	0
 1006 00d8 12       		.uleb128 0x12
 1007 00d9 13       		.uleb128 0x13
 1008 00da 01       		.byte	0x1
 1009 00db 0B       		.uleb128 0xb
 1010 00dc 0B       		.uleb128 0xb
 1011 00dd 3A       		.uleb128 0x3a
 1012 00de 0B       		.uleb128 0xb
 1013 00df 3B       		.uleb128 0x3b
 1014 00e0 05       		.uleb128 0x5
 1015 00e1 01       		.uleb128 0x1
 1016 00e2 13       		.uleb128 0x13
 1017 00e3 00       		.byte	0
 1018 00e4 00       		.byte	0
 1019 00e5 13       		.uleb128 0x13
 1020 00e6 0D       		.uleb128 0xd
 1021 00e7 00       		.byte	0
 1022 00e8 03       		.uleb128 0x3
 1023 00e9 0E       		.uleb128 0xe
 1024 00ea 3A       		.uleb128 0x3a
 1025 00eb 0B       		.uleb128 0xb
 1026 00ec 3B       		.uleb128 0x3b
 1027 00ed 05       		.uleb128 0x5
 1028 00ee 49       		.uleb128 0x49
 1029 00ef 13       		.uleb128 0x13
 1030 00f0 38       		.uleb128 0x38
 1031 00f1 0B       		.uleb128 0xb
 1032 00f2 00       		.byte	0
 1033 00f3 00       		.byte	0
ARM GAS  C:\Users\elon1\AppData\Local\Temp\ccDsWpyI.s 			page 26


 1034 00f4 14       		.uleb128 0x14
 1035 00f5 01       		.uleb128 0x1
 1036 00f6 01       		.byte	0x1
 1037 00f7 49       		.uleb128 0x49
 1038 00f8 13       		.uleb128 0x13
 1039 00f9 01       		.uleb128 0x1
 1040 00fa 13       		.uleb128 0x13
 1041 00fb 00       		.byte	0
 1042 00fc 00       		.byte	0
 1043 00fd 15       		.uleb128 0x15
 1044 00fe 21       		.uleb128 0x21
 1045 00ff 00       		.byte	0
 1046 0100 49       		.uleb128 0x49
 1047 0101 13       		.uleb128 0x13
 1048 0102 2F       		.uleb128 0x2f
 1049 0103 0B       		.uleb128 0xb
 1050 0104 00       		.byte	0
 1051 0105 00       		.byte	0
 1052 0106 16       		.uleb128 0x16
 1053 0107 26       		.uleb128 0x26
 1054 0108 00       		.byte	0
 1055 0109 49       		.uleb128 0x49
 1056 010a 13       		.uleb128 0x13
 1057 010b 00       		.byte	0
 1058 010c 00       		.byte	0
 1059 010d 17       		.uleb128 0x17
 1060 010e 34       		.uleb128 0x34
 1061 010f 00       		.byte	0
 1062 0110 03       		.uleb128 0x3
 1063 0111 08       		.uleb128 0x8
 1064 0112 3A       		.uleb128 0x3a
 1065 0113 0B       		.uleb128 0xb
 1066 0114 3B       		.uleb128 0x3b
 1067 0115 05       		.uleb128 0x5
 1068 0116 49       		.uleb128 0x49
 1069 0117 13       		.uleb128 0x13
 1070 0118 02       		.uleb128 0x2
 1071 0119 17       		.uleb128 0x17
 1072 011a 00       		.byte	0
 1073 011b 00       		.byte	0
 1074 011c 18       		.uleb128 0x18
 1075 011d 0B       		.uleb128 0xb
 1076 011e 01       		.byte	0x1
 1077 011f 55       		.uleb128 0x55
 1078 0120 17       		.uleb128 0x17
 1079 0121 00       		.byte	0
 1080 0122 00       		.byte	0
 1081 0123 19       		.uleb128 0x19
 1082 0124 1D       		.uleb128 0x1d
 1083 0125 01       		.byte	0x1
 1084 0126 31       		.uleb128 0x31
 1085 0127 13       		.uleb128 0x13
 1086 0128 11       		.uleb128 0x11
 1087 0129 01       		.uleb128 0x1
 1088 012a 12       		.uleb128 0x12
 1089 012b 06       		.uleb128 0x6
 1090 012c 58       		.uleb128 0x58
ARM GAS  C:\Users\elon1\AppData\Local\Temp\ccDsWpyI.s 			page 27


 1091 012d 0B       		.uleb128 0xb
 1092 012e 59       		.uleb128 0x59
 1093 012f 05       		.uleb128 0x5
 1094 0130 00       		.byte	0
 1095 0131 00       		.byte	0
 1096 0132 1A       		.uleb128 0x1a
 1097 0133 05       		.uleb128 0x5
 1098 0134 00       		.byte	0
 1099 0135 31       		.uleb128 0x31
 1100 0136 13       		.uleb128 0x13
 1101 0137 02       		.uleb128 0x2
 1102 0138 17       		.uleb128 0x17
 1103 0139 00       		.byte	0
 1104 013a 00       		.byte	0
 1105 013b 1B       		.uleb128 0x1b
 1106 013c 898201   		.uleb128 0x4109
 1107 013f 01       		.byte	0x1
 1108 0140 11       		.uleb128 0x11
 1109 0141 01       		.uleb128 0x1
 1110 0142 31       		.uleb128 0x31
 1111 0143 13       		.uleb128 0x13
 1112 0144 00       		.byte	0
 1113 0145 00       		.byte	0
 1114 0146 1C       		.uleb128 0x1c
 1115 0147 8A8201   		.uleb128 0x410a
 1116 014a 00       		.byte	0
 1117 014b 02       		.uleb128 0x2
 1118 014c 18       		.uleb128 0x18
 1119 014d 9142     		.uleb128 0x2111
 1120 014f 18       		.uleb128 0x18
 1121 0150 00       		.byte	0
 1122 0151 00       		.byte	0
 1123 0152 1D       		.uleb128 0x1d
 1124 0153 1D       		.uleb128 0x1d
 1125 0154 01       		.byte	0x1
 1126 0155 31       		.uleb128 0x31
 1127 0156 13       		.uleb128 0x13
 1128 0157 52       		.uleb128 0x52
 1129 0158 01       		.uleb128 0x1
 1130 0159 55       		.uleb128 0x55
 1131 015a 17       		.uleb128 0x17
 1132 015b 58       		.uleb128 0x58
 1133 015c 0B       		.uleb128 0xb
 1134 015d 59       		.uleb128 0x59
 1135 015e 05       		.uleb128 0x5
 1136 015f 01       		.uleb128 0x1
 1137 0160 13       		.uleb128 0x13
 1138 0161 00       		.byte	0
 1139 0162 00       		.byte	0
 1140 0163 1E       		.uleb128 0x1e
 1141 0164 34       		.uleb128 0x34
 1142 0165 00       		.byte	0
 1143 0166 31       		.uleb128 0x31
 1144 0167 13       		.uleb128 0x13
 1145 0168 02       		.uleb128 0x2
 1146 0169 17       		.uleb128 0x17
 1147 016a 00       		.byte	0
ARM GAS  C:\Users\elon1\AppData\Local\Temp\ccDsWpyI.s 			page 28


 1148 016b 00       		.byte	0
 1149 016c 1F       		.uleb128 0x1f
 1150 016d 1D       		.uleb128 0x1d
 1151 016e 01       		.byte	0x1
 1152 016f 31       		.uleb128 0x31
 1153 0170 13       		.uleb128 0x13
 1154 0171 11       		.uleb128 0x11
 1155 0172 01       		.uleb128 0x1
 1156 0173 12       		.uleb128 0x12
 1157 0174 06       		.uleb128 0x6
 1158 0175 58       		.uleb128 0x58
 1159 0176 0B       		.uleb128 0xb
 1160 0177 59       		.uleb128 0x59
 1161 0178 05       		.uleb128 0x5
 1162 0179 01       		.uleb128 0x1
 1163 017a 13       		.uleb128 0x13
 1164 017b 00       		.byte	0
 1165 017c 00       		.byte	0
 1166 017d 20       		.uleb128 0x20
 1167 017e 1D       		.uleb128 0x1d
 1168 017f 01       		.byte	0x1
 1169 0180 31       		.uleb128 0x31
 1170 0181 13       		.uleb128 0x13
 1171 0182 52       		.uleb128 0x52
 1172 0183 01       		.uleb128 0x1
 1173 0184 55       		.uleb128 0x55
 1174 0185 17       		.uleb128 0x17
 1175 0186 58       		.uleb128 0x58
 1176 0187 0B       		.uleb128 0xb
 1177 0188 59       		.uleb128 0x59
 1178 0189 05       		.uleb128 0x5
 1179 018a 00       		.byte	0
 1180 018b 00       		.byte	0
 1181 018c 21       		.uleb128 0x21
 1182 018d 2E       		.uleb128 0x2e
 1183 018e 00       		.byte	0
 1184 018f 3F       		.uleb128 0x3f
 1185 0190 19       		.uleb128 0x19
 1186 0191 3C       		.uleb128 0x3c
 1187 0192 19       		.uleb128 0x19
 1188 0193 6E       		.uleb128 0x6e
 1189 0194 0E       		.uleb128 0xe
 1190 0195 03       		.uleb128 0x3
 1191 0196 0E       		.uleb128 0xe
 1192 0197 00       		.byte	0
 1193 0198 00       		.byte	0
 1194 0199 22       		.uleb128 0x22
 1195 019a 2E       		.uleb128 0x2e
 1196 019b 00       		.byte	0
 1197 019c 3F       		.uleb128 0x3f
 1198 019d 19       		.uleb128 0x19
 1199 019e 3C       		.uleb128 0x3c
 1200 019f 19       		.uleb128 0x19
 1201 01a0 6E       		.uleb128 0x6e
 1202 01a1 0E       		.uleb128 0xe
 1203 01a2 03       		.uleb128 0x3
 1204 01a3 0E       		.uleb128 0xe
ARM GAS  C:\Users\elon1\AppData\Local\Temp\ccDsWpyI.s 			page 29


 1205 01a4 3A       		.uleb128 0x3a
 1206 01a5 0B       		.uleb128 0xb
 1207 01a6 3B       		.uleb128 0x3b
 1208 01a7 0B       		.uleb128 0xb
 1209 01a8 00       		.byte	0
 1210 01a9 00       		.byte	0
 1211 01aa 00       		.byte	0
 1212              		.section	.debug_loc,"",%progbits
 1213              	.Ldebug_loc0:
 1214              	.LLST0:
 1215 0000 12000000 		.4byte	.LVL2
 1216 0004 14000000 		.4byte	.LVL3
 1217 0008 0200     		.2byte	0x2
 1218 000a 30       		.byte	0x30
 1219 000b 9F       		.byte	0x9f
 1220 000c 14000000 		.4byte	.LVL3
 1221 0010 20000000 		.4byte	.LVL4
 1222 0014 0100     		.2byte	0x1
 1223 0016 54       		.byte	0x54
 1224 0017 00000000 		.4byte	0
 1225 001b 00000000 		.4byte	0
 1226              	.LLST1:
 1227 001f 14000000 		.4byte	.LVL3
 1228 0023 20000000 		.4byte	.LVL4
 1229 0027 0B00     		.2byte	0xb
 1230 0029 74       		.byte	0x74
 1231 002a 00       		.sleb128 0
 1232 002b 36       		.byte	0x36
 1233 002c 1E       		.byte	0x1e
 1234 002d 03       		.byte	0x3
 1235 002e 00000000 		.4byte	cfg_memset_list.4992
 1236 0032 22       		.byte	0x22
 1237 0033 9F       		.byte	0x9f
 1238 0034 20000000 		.4byte	.LVL4
 1239 0038 2C000000 		.4byte	.LVL6
 1240 003c 0B00     		.2byte	0xb
 1241 003e 74       		.byte	0x74
 1242 003f 7F       		.sleb128 -1
 1243 0040 36       		.byte	0x36
 1244 0041 1E       		.byte	0x1e
 1245 0042 03       		.byte	0x3
 1246 0043 00000000 		.4byte	cfg_memset_list.4992
 1247 0047 22       		.byte	0x22
 1248 0048 9F       		.byte	0x9f
 1249 0049 00000000 		.4byte	0
 1250 004d 00000000 		.4byte	0
 1251              	.LLST2:
 1252 0051 14000000 		.4byte	.LVL3
 1253 0055 20000000 		.4byte	.LVL4
 1254 0059 1100     		.2byte	0x11
 1255 005b 74       		.byte	0x74
 1256 005c 00       		.sleb128 0
 1257 005d 36       		.byte	0x36
 1258 005e 1E       		.byte	0x1e
 1259 005f 03       		.byte	0x3
 1260 0060 04000000 		.4byte	cfg_memset_list.4992+4
 1261 0064 22       		.byte	0x22
ARM GAS  C:\Users\elon1\AppData\Local\Temp\ccDsWpyI.s 			page 30


 1262 0065 94       		.byte	0x94
 1263 0066 02       		.byte	0x2
 1264 0067 0A       		.byte	0xa
 1265 0068 FFFF     		.2byte	0xffff
 1266 006a 1A       		.byte	0x1a
 1267 006b 9F       		.byte	0x9f
 1268 006c 20000000 		.4byte	.LVL4
 1269 0070 24000000 		.4byte	.LVL5
 1270 0074 1100     		.2byte	0x11
 1271 0076 74       		.byte	0x74
 1272 0077 7F       		.sleb128 -1
 1273 0078 36       		.byte	0x36
 1274 0079 1E       		.byte	0x1e
 1275 007a 03       		.byte	0x3
 1276 007b 04000000 		.4byte	cfg_memset_list.4992+4
 1277 007f 22       		.byte	0x22
 1278 0080 94       		.byte	0x94
 1279 0081 02       		.byte	0x2
 1280 0082 0A       		.byte	0xa
 1281 0083 FFFF     		.2byte	0xffff
 1282 0085 1A       		.byte	0x1a
 1283 0086 9F       		.byte	0x9f
 1284 0087 00000000 		.4byte	0
 1285 008b 00000000 		.4byte	0
 1286              	.LLST3:
 1287 008f 14000000 		.4byte	.LVL3
 1288 0093 20000000 		.4byte	.LVL4
 1289 0097 0A00     		.2byte	0xa
 1290 0099 74       		.byte	0x74
 1291 009a 00       		.sleb128 0
 1292 009b 36       		.byte	0x36
 1293 009c 1E       		.byte	0x1e
 1294 009d 03       		.byte	0x3
 1295 009e 00000000 		.4byte	cfg_memset_list.4992
 1296 00a2 22       		.byte	0x22
 1297 00a3 20000000 		.4byte	.LVL4
 1298 00a7 24000000 		.4byte	.LVL5
 1299 00ab 0A00     		.2byte	0xa
 1300 00ad 74       		.byte	0x74
 1301 00ae 7F       		.sleb128 -1
 1302 00af 36       		.byte	0x36
 1303 00b0 1E       		.byte	0x1e
 1304 00b1 03       		.byte	0x3
 1305 00b2 00000000 		.4byte	cfg_memset_list.4992
 1306 00b6 22       		.byte	0x22
 1307 00b7 00000000 		.4byte	0
 1308 00bb 00000000 		.4byte	0
 1309              	.LLST4:
 1310 00bf 50000000 		.4byte	.LVL8
 1311 00c3 58000000 		.4byte	.LVL9
 1312 00c7 0200     		.2byte	0x2
 1313 00c9 3A       		.byte	0x3a
 1314 00ca 9F       		.byte	0x9f
 1315 00cb 00000000 		.4byte	0
 1316 00cf 00000000 		.4byte	0
 1317              	.LLST5:
 1318 00d3 50000000 		.4byte	.LVL8
ARM GAS  C:\Users\elon1\AppData\Local\Temp\ccDsWpyI.s 			page 31


 1319 00d7 58000000 		.4byte	.LVL9
 1320 00db 0600     		.2byte	0x6
 1321 00dd 0C       		.byte	0xc
 1322 00de 08000048 		.4byte	0x48000008
 1323 00e2 9F       		.byte	0x9f
 1324 00e3 00000000 		.4byte	0
 1325 00e7 00000000 		.4byte	0
 1326              	.LLST6:
 1327 00eb 50000000 		.4byte	.LVL8
 1328 00ef 58000000 		.4byte	.LVL9
 1329 00f3 0600     		.2byte	0x6
 1330 00f5 0C       		.byte	0xc
 1331 00f6 20510040 		.4byte	0x40005120
 1332 00fa 9F       		.byte	0x9f
 1333 00fb 00000000 		.4byte	0
 1334 00ff 00000000 		.4byte	0
 1335              	.LLST7:
 1336 0103 96000000 		.4byte	.LVL10
 1337 0107 AA000000 		.4byte	.LVL13
 1338 010b 0100     		.2byte	0x1
 1339 010d 55       		.byte	0x55
 1340 010e AA000000 		.4byte	.LVL13
 1341 0112 AE000000 		.4byte	.LVL14
 1342 0116 0300     		.2byte	0x3
 1343 0118 75       		.byte	0x75
 1344 0119 01       		.sleb128 1
 1345 011a 9F       		.byte	0x9f
 1346 011b B0000000 		.4byte	.LVL15
 1347 011f D2000000 		.4byte	.LVL16
 1348 0123 0300     		.2byte	0x3
 1349 0125 75       		.byte	0x75
 1350 0126 7F       		.sleb128 -1
 1351 0127 9F       		.byte	0x9f
 1352 0128 00000000 		.4byte	0
 1353 012c 00000000 		.4byte	0
 1354              	.LLST8:
 1355 0130 96000000 		.4byte	.LVL10
 1356 0134 A4000000 		.4byte	.LVL11
 1357 0138 0100     		.2byte	0x1
 1358 013a 54       		.byte	0x54
 1359 013b AE000000 		.4byte	.LVL14
 1360 013f D2000000 		.4byte	.LVL16
 1361 0143 0100     		.2byte	0x1
 1362 0145 54       		.byte	0x54
 1363 0146 08010000 		.4byte	.LVL21
 1364 014a 4C010000 		.4byte	.LFE7
 1365 014e 0100     		.2byte	0x1
 1366 0150 54       		.byte	0x54
 1367 0151 00000000 		.4byte	0
 1368 0155 00000000 		.4byte	0
 1369              	.LLST9:
 1370 0159 40000000 		.4byte	.LVL7
 1371 015d 50000000 		.4byte	.LVL8
 1372 0161 0200     		.2byte	0x2
 1373 0163 38       		.byte	0x38
 1374 0164 9F       		.byte	0x9f
 1375 0165 00000000 		.4byte	0
ARM GAS  C:\Users\elon1\AppData\Local\Temp\ccDsWpyI.s 			page 32


 1376 0169 00000000 		.4byte	0
 1377              	.LLST10:
 1378 016d 40000000 		.4byte	.LVL7
 1379 0171 50000000 		.4byte	.LVL8
 1380 0175 0400     		.2byte	0x4
 1381 0177 42       		.byte	0x42
 1382 0178 4A       		.byte	0x4a
 1383 0179 24       		.byte	0x24
 1384 017a 9F       		.byte	0x9f
 1385 017b 00000000 		.4byte	0
 1386 017f 00000000 		.4byte	0
 1387              	.LLST11:
 1388 0183 40000000 		.4byte	.LVL7
 1389 0187 50000000 		.4byte	.LVL8
 1390 018b 0600     		.2byte	0x6
 1391 018d 0C       		.byte	0xc
 1392 018e 12510040 		.4byte	0x40005112
 1393 0192 9F       		.byte	0x9f
 1394 0193 00000000 		.4byte	0
 1395 0197 00000000 		.4byte	0
 1396              	.LLST12:
 1397 019b EA000000 		.4byte	.LVL17
 1398 019f F0000000 		.4byte	.LVL18
 1399 01a3 0100     		.2byte	0x1
 1400 01a5 53       		.byte	0x53
 1401 01a6 00000000 		.4byte	0
 1402 01aa 00000000 		.4byte	0
 1403              	.LLST13:
 1404 01ae FA000000 		.4byte	.LVL19
 1405 01b2 06010000 		.4byte	.LVL20
 1406 01b6 0200     		.2byte	0x2
 1407 01b8 3E       		.byte	0x3e
 1408 01b9 9F       		.byte	0x9f
 1409 01ba 00000000 		.4byte	0
 1410 01be 00000000 		.4byte	0
 1411              	.LLST14:
 1412 01c2 FA000000 		.4byte	.LVL19
 1413 01c6 06010000 		.4byte	.LVL20
 1414 01ca 0600     		.2byte	0x6
 1415 01cc 0C       		.byte	0xc
 1416 01cd A0430040 		.4byte	0x400043a0
 1417 01d1 9F       		.byte	0x9f
 1418 01d2 00000000 		.4byte	0
 1419 01d6 00000000 		.4byte	0
 1420              	.LLST15:
 1421 01da FA000000 		.4byte	.LVL19
 1422 01de 06010000 		.4byte	.LVL20
 1423 01e2 0600     		.2byte	0x6
 1424 01e4 0C       		.byte	0xc
 1425 01e5 B0430040 		.4byte	0x400043b0
 1426 01e9 9F       		.byte	0x9f
 1427 01ea 00000000 		.4byte	0
 1428 01ee 00000000 		.4byte	0
 1429              		.section	.debug_aranges,"",%progbits
 1430 0000 24000000 		.4byte	0x24
 1431 0004 0200     		.2byte	0x2
 1432 0006 00000000 		.4byte	.Ldebug_info0
ARM GAS  C:\Users\elon1\AppData\Local\Temp\ccDsWpyI.s 			page 33


 1433 000a 04       		.byte	0x4
 1434 000b 00       		.byte	0
 1435 000c 0000     		.2byte	0
 1436 000e 0000     		.2byte	0
 1437 0010 00000000 		.4byte	.LFB6
 1438 0014 10000000 		.4byte	.LFE6-.LFB6
 1439 0018 00000000 		.4byte	.LFB7
 1440 001c 4C010000 		.4byte	.LFE7-.LFB7
 1441 0020 00000000 		.4byte	0
 1442 0024 00000000 		.4byte	0
 1443              		.section	.debug_ranges,"",%progbits
 1444              	.Ldebug_ranges0:
 1445 0000 06000000 		.4byte	.LBB26
 1446 0004 08000000 		.4byte	.LBE26
 1447 0008 12000000 		.4byte	.LBB31
 1448 000c 2A000000 		.4byte	.LBE31
 1449 0010 2C000000 		.4byte	.LBB35
 1450 0014 2E000000 		.4byte	.LBE35
 1451 0018 30000000 		.4byte	.LBB42
 1452 001c 38000000 		.4byte	.LBE42
 1453 0020 3A000000 		.4byte	.LBB44
 1454 0024 40000000 		.4byte	.LBE44
 1455 0028 00000000 		.4byte	0
 1456 002c 00000000 		.4byte	0
 1457 0030 06000000 		.4byte	.LBB27
 1458 0034 08000000 		.4byte	.LBE27
 1459 0038 12000000 		.4byte	.LBB30
 1460 003c 24000000 		.4byte	.LBE30
 1461 0040 00000000 		.4byte	0
 1462 0044 00000000 		.4byte	0
 1463 0048 2A000000 		.4byte	.LBB32
 1464 004c 2C000000 		.4byte	.LBE32
 1465 0050 50000000 		.4byte	.LBB47
 1466 0054 58000000 		.4byte	.LBE47
 1467 0058 00000000 		.4byte	0
 1468 005c 00000000 		.4byte	0
 1469 0060 2E000000 		.4byte	.LBB36
 1470 0064 30000000 		.4byte	.LBE36
 1471 0068 38000000 		.4byte	.LBB43
 1472 006c 3A000000 		.4byte	.LBE43
 1473 0070 5A000000 		.4byte	.LBB48
 1474 0074 5C000000 		.4byte	.LBE48
 1475 0078 5E000000 		.4byte	.LBB49
 1476 007c 60000000 		.4byte	.LBE49
 1477 0080 6C000000 		.4byte	.LBB50
 1478 0084 D2000000 		.4byte	.LBE50
 1479 0088 00000000 		.4byte	0
 1480 008c 00000000 		.4byte	0
 1481 0090 E0000000 		.4byte	.LBB51
 1482 0094 E6000000 		.4byte	.LBE51
 1483 0098 E8000000 		.4byte	.LBB57
 1484 009c FA000000 		.4byte	.LBE57
 1485 00a0 00000000 		.4byte	0
 1486 00a4 00000000 		.4byte	0
 1487 00a8 E6000000 		.4byte	.LBB54
 1488 00ac E8000000 		.4byte	.LBE54
 1489 00b0 FA000000 		.4byte	.LBB58
ARM GAS  C:\Users\elon1\AppData\Local\Temp\ccDsWpyI.s 			page 34


 1490 00b4 4C010000 		.4byte	.LBE58
 1491 00b8 00000000 		.4byte	0
 1492 00bc 00000000 		.4byte	0
 1493 00c0 00000000 		.4byte	.LFB6
 1494 00c4 10000000 		.4byte	.LFE6
 1495 00c8 00000000 		.4byte	.LFB7
 1496 00cc 4C010000 		.4byte	.LFE7
 1497 00d0 00000000 		.4byte	0
 1498 00d4 00000000 		.4byte	0
 1499              		.section	.debug_line,"",%progbits
 1500              	.Ldebug_line0:
 1501 0000 8B010000 		.section	.debug_str,"MS",%progbits,1
 1501      0200D600 
 1501      00000201 
 1501      FB0E0D00 
 1501      01010101 
 1502              	.LASF19:
 1503 0000 72656731 		.ascii	"reg16\000"
 1503      3600
 1504              	.LASF42:
 1505 0006 43794465 		.ascii	"CyDelayCycles\000"
 1505      6C617943 
 1505      79636C65 
 1505      7300
 1506              	.LASF12:
 1507 0014 73697A65 		.ascii	"size_t\000"
 1507      5F7400
 1508              	.LASF25:
 1509 001b 416E616C 		.ascii	"AnalogSetDefault\000"
 1509      6F675365 
 1509      74446566 
 1509      61756C74 
 1509      00
 1510              	.LASF38:
 1511 002c 47656E65 		.ascii	"Generated_Source\\PSoC5\\cyfitter_cfg.c\000"
 1511      72617465 
 1511      645F536F 
 1511      75726365 
 1511      5C50536F 
 1512              	.LASF36:
 1513 0052 6366675F 		.ascii	"cfg_memset_list\000"
 1513      6D656D73 
 1513      65745F6C 
 1513      69737400 
 1514              	.LASF26:
 1515 0062 436C6F63 		.ascii	"ClockSetup\000"
 1515      6B536574 
 1515      757000
 1516              	.LASF6:
 1517 006d 73686F72 		.ascii	"short unsigned int\000"
 1517      7420756E 
 1517      7369676E 
 1517      65642069 
 1517      6E7400
 1518              	.LASF29:
 1519 0080 706C6C4C 		.ascii	"pllLock\000"
 1519      6F636B00 
ARM GAS  C:\Users\elon1\AppData\Local\Temp\ccDsWpyI.s 			page 35


 1520              	.LASF16:
 1521 0088 666C6F61 		.ascii	"float\000"
 1521      7400
 1522              	.LASF20:
 1523 008e 4379436C 		.ascii	"CyClockStartupError\000"
 1523      6F636B53 
 1523      74617274 
 1523      75704572 
 1523      726F7200 
 1524              	.LASF23:
 1525 00a2 64657374 		.ascii	"dest\000"
 1525      00
 1526              	.LASF33:
 1527 00a7 73697A65 		.ascii	"size\000"
 1527      00
 1528              	.LASF18:
 1529 00ac 72656738 		.ascii	"reg8\000"
 1529      00
 1530              	.LASF37:
 1531 00b1 474E5520 		.ascii	"GNU C11 5.4.1 20160609 (release) [ARM/embedded-5-br"
 1531      43313120 
 1531      352E342E 
 1531      31203230 
 1531      31363036 
 1532 00e4 616E6368 		.ascii	"anch revision 237715] -mcpu=cortex-m3 -mthumb -g -O"
 1532      20726576 
 1532      6973696F 
 1532      6E203233 
 1532      37373135 
 1533 0117 73202D66 		.ascii	"s -ffunction-sections -ffat-lto-objects\000"
 1533      66756E63 
 1533      74696F6E 
 1533      2D736563 
 1533      74696F6E 
 1534              	.LASF13:
 1535 013f 75696E74 		.ascii	"uint8\000"
 1535      3800
 1536              	.LASF24:
 1537 0145 43594D45 		.ascii	"CYMEMZERO\000"
 1537      4D5A4552 
 1537      4F00
 1538              	.LASF30:
 1539 014f 53657441 		.ascii	"SetAnalogRoutingPumps\000"
 1539      6E616C6F 
 1539      67526F75 
 1539      74696E67 
 1539      50756D70 
 1540              	.LASF4:
 1541 0165 756E7369 		.ascii	"unsigned char\000"
 1541      676E6564 
 1541      20636861 
 1541      7200
 1542              	.LASF41:
 1543 0173 6D656D73 		.ascii	"memset\000"
 1543      657400
 1544              	.LASF17:
 1545 017a 646F7562 		.ascii	"double\000"
ARM GAS  C:\Users\elon1\AppData\Local\Temp\ccDsWpyI.s 			page 36


 1545      6C6500
 1546              	.LASF39:
 1547 0181 433A5C55 		.ascii	"C:\\Users\\elon1\\Desktop\\programs\\psoc\\Workspac"
 1547      73657273 
 1547      5C656C6F 
 1547      6E315C44 
 1547      65736B74 
 1548 01ae 6530315C 		.ascii	"e01\\eylons_project.cydsn\000"
 1548      65796C6F 
 1548      6E735F70 
 1548      726F6A65 
 1548      63742E63 
 1549              	.LASF31:
 1550 01c7 63796669 		.ascii	"cyfitter_cfg\000"
 1550      74746572 
 1550      5F636667 
 1550      00
 1551              	.LASF14:
 1552 01d4 75696E74 		.ascii	"uint16\000"
 1552      313600
 1553              	.LASF22:
 1554 01db 6572726F 		.ascii	"errorCode\000"
 1554      72436F64 
 1554      6500
 1555              	.LASF15:
 1556 01e5 75696E74 		.ascii	"uint32\000"
 1556      333200
 1557              	.LASF8:
 1558 01ec 6C6F6E67 		.ascii	"long unsigned int\000"
 1558      20756E73 
 1558      69676E65 
 1558      6420696E 
 1558      7400
 1559              	.LASF0:
 1560 01fe 756E7369 		.ascii	"unsigned int\000"
 1560      676E6564 
 1560      20696E74 
 1560      00
 1561              	.LASF32:
 1562 020b 61646472 		.ascii	"address\000"
 1562      65737300 
 1563              	.LASF9:
 1564 0213 6C6F6E67 		.ascii	"long long unsigned int\000"
 1564      206C6F6E 
 1564      6720756E 
 1564      7369676E 
 1564      65642069 
 1565              	.LASF34:
 1566 022a 6366675F 		.ascii	"cfg_memset_t\000"
 1566      6D656D73 
 1566      65745F74 
 1566      00
 1567              	.LASF10:
 1568 0237 73697A65 		.ascii	"sizetype\000"
 1568      74797065 
 1568      00
 1569              	.LASF1:
ARM GAS  C:\Users\elon1\AppData\Local\Temp\ccDsWpyI.s 			page 37


 1570 0240 6C6F6E67 		.ascii	"long long int\000"
 1570      206C6F6E 
 1570      6720696E 
 1570      7400
 1571              	.LASF28:
 1572 024e 74696D65 		.ascii	"timeout\000"
 1572      6F757400 
 1573              	.LASF5:
 1574 0256 73686F72 		.ascii	"short int\000"
 1574      7420696E 
 1574      7400
 1575              	.LASF40:
 1576 0260 656E6162 		.ascii	"enabled\000"
 1576      6C656400 
 1577              	.LASF7:
 1578 0268 6C6F6E67 		.ascii	"long int\000"
 1578      20696E74 
 1578      00
 1579              	.LASF11:
 1580 0271 63686172 		.ascii	"char\000"
 1580      00
 1581              	.LASF2:
 1582 0276 6C6F6E67 		.ascii	"long double\000"
 1582      20646F75 
 1582      626C6500 
 1583              	.LASF27:
 1584 0282 62675F78 		.ascii	"bg_xover_inl_trim\000"
 1584      6F766572 
 1584      5F696E6C 
 1584      5F747269 
 1584      6D00
 1585              	.LASF3:
 1586 0294 7369676E 		.ascii	"signed char\000"
 1586      65642063 
 1586      68617200 
 1587              	.LASF35:
 1588 02a0 72656756 		.ascii	"regValue\000"
 1588      616C7565 
 1588      00
 1589              	.LASF21:
 1590 02a9 4359434F 		.ascii	"CYCONFIGCPY\000"
 1590      4E464947 
 1590      43505900 
 1591              		.ident	"GCC: (GNU Tools for ARM Embedded Processors) 5.4.1 20160609 (release) [ARM/embedded-5-bran
