Archive member included to satisfy reference by file (symbol)

.\CortexM3\ARM_GCC_541\Debug\eylons_project.a(CyLib.o)
                              .\CortexM3\ARM_GCC_541\Debug\Cm3Start.o (CyHalt)
.\CortexM3\ARM_GCC_541\Debug\eylons_project.a(cyPm.o)
                              .\CortexM3\ARM_GCC_541\Debug\eylons_project.a(CyLib.o) (CyPmReadStatus)
.\CortexM3\ARM_GCC_541\Debug\eylons_project.a(pulse_out.o)
                              .\CortexM3\ARM_GCC_541\Debug\main.o (pulse_out_Write)
.\CortexM3\ARM_GCC_541\Debug\eylons_project.a(direction_out.o)
                              .\CortexM3\ARM_GCC_541\Debug\main.o (direction_out_Write)
.\CortexM3\ARM_GCC_541\Debug\eylons_project.a(sensor_left.o)
                              .\CortexM3\ARM_GCC_541\Debug\main.o (sensor_left_Read)
.\CortexM3\ARM_GCC_541\Debug\eylons_project.a(sensor_right.o)
                              .\CortexM3\ARM_GCC_541\Debug\main.o (sensor_right_Read)
.\CortexM3\ARM_GCC_541\Debug\eylons_project.a(operation_input.o)
                              .\CortexM3\ARM_GCC_541\Debug\main.o (operation_input_Read)
.\CortexM3\ARM_GCC_541\Debug\eylons_project.a(VDAC8_1.o)
                              .\CortexM3\ARM_GCC_541\Debug\main.o (VDAC8_1_SetValue)
.\CortexM3\ARM_GCC_541\Debug\eylons_project.a(Opamp_1.o)
                              .\CortexM3\ARM_GCC_541\Debug\main.o (Opamp_1_Init)
.\CortexM3\ARM_GCC_541\Debug\eylons_project.a(leds_enable.o)
                              .\CortexM3\ARM_GCC_541\Debug\main.o (leds_enable_Write)
.\CortexM3\ARM_GCC_541\Debug\eylons_project.a(PWM_1.o)
                              .\CortexM3\ARM_GCC_541\Debug\main.o (PWM_1_Start)
.\CortexM3\ARM_GCC_541\Debug\eylons_project.a(CyBootAsmGnu.o)
                              .\CortexM3\ARM_GCC_541\Debug\cyfitter_cfg.o (CyDelayCycles)
.\CortexM3\ARM_GCC_541\Debug\eylons_project.a(CyFlash.o)
                              .\CortexM3\ARM_GCC_541\Debug\eylons_project.a(cyPm.o) (CyFlash_SetWaitCycles)
.\CortexM3\ARM_GCC_541\Debug\eylons_project.a(CySpc.o)
                              .\CortexM3\ARM_GCC_541\Debug\eylons_project.a(CyFlash.o) (CySpcStart)
c:/program files (x86)/cypress/psoc creator/4.4/psoc creator/import/gnu/arm/5.4.1/bin/../lib/gcc/arm-none-eabi/5.4.1/../../../../arm-none-eabi/lib/armv7-m\libg_nano.a(lib_a-errno.o)
                              .\CortexM3\ARM_GCC_541\Debug\Cm3Start.o (__errno)
c:/program files (x86)/cypress/psoc creator/4.4/psoc creator/import/gnu/arm/5.4.1/bin/../lib/gcc/arm-none-eabi/5.4.1/../../../../arm-none-eabi/lib/armv7-m\libg_nano.a(lib_a-exit.o)
                              c:/program files (x86)/cypress/psoc creator/4.4/psoc creator/import/gnu/arm/5.4.1/bin/../lib/gcc/arm-none-eabi/5.4.1/../../../../arm-none-eabi/lib/armv7-m/crt0.o (exit)
c:/program files (x86)/cypress/psoc creator/4.4/psoc creator/import/gnu/arm/5.4.1/bin/../lib/gcc/arm-none-eabi/5.4.1/../../../../arm-none-eabi/lib/armv7-m\libg_nano.a(lib_a-impure.o)
                              c:/program files (x86)/cypress/psoc creator/4.4/psoc creator/import/gnu/arm/5.4.1/bin/../lib/gcc/arm-none-eabi/5.4.1/../../../../arm-none-eabi/lib/armv7-m\libg_nano.a(lib_a-exit.o) (_global_impure_ptr)
c:/program files (x86)/cypress/psoc creator/4.4/psoc creator/import/gnu/arm/5.4.1/bin/../lib/gcc/arm-none-eabi/5.4.1/../../../../arm-none-eabi/lib/armv7-m\libg_nano.a(lib_a-init.o)
                              c:/program files (x86)/cypress/psoc creator/4.4/psoc creator/import/gnu/arm/5.4.1/bin/../lib/gcc/arm-none-eabi/5.4.1/../../../../arm-none-eabi/lib/armv7-m/crt0.o (__libc_init_array)
c:/program files (x86)/cypress/psoc creator/4.4/psoc creator/import/gnu/arm/5.4.1/bin/../lib/gcc/arm-none-eabi/5.4.1/../../../../arm-none-eabi/lib/armv7-m\libg_nano.a(lib_a-memcpy-stub.o)
                              .\CortexM3\ARM_GCC_541\Debug\cyfitter_cfg.o (memcpy)
c:/program files (x86)/cypress/psoc creator/4.4/psoc creator/import/gnu/arm/5.4.1/bin/../lib/gcc/arm-none-eabi/5.4.1/../../../../arm-none-eabi/lib/armv7-m\libg_nano.a(lib_a-memset.o)
                              c:/program files (x86)/cypress/psoc creator/4.4/psoc creator/import/gnu/arm/5.4.1/bin/../lib/gcc/arm-none-eabi/5.4.1/../../../../arm-none-eabi/lib/armv7-m/crt0.o (memset)

Allocating common symbols
Common symbol       size              file

current_delay       0x4               .\CortexM3\ARM_GCC_541\Debug\main.o
first_moving_state  0x4               .\CortexM3\ARM_GCC_541\Debug\main.o
dieTemperature      0x2               .\CortexM3\ARM_GCC_541\Debug\eylons_project.a(CyFlash.o)

Discarded input sections

 .text          0x00000000        0x0 c:/program files (x86)/cypress/psoc creator/4.4/psoc creator/import/gnu/arm/5.4.1/bin/../lib/gcc/arm-none-eabi/5.4.1/armv7-m/crti.o
 .data          0x00000000        0x0 c:/program files (x86)/cypress/psoc creator/4.4/psoc creator/import/gnu/arm/5.4.1/bin/../lib/gcc/arm-none-eabi/5.4.1/armv7-m/crti.o
 .bss           0x00000000        0x0 c:/program files (x86)/cypress/psoc creator/4.4/psoc creator/import/gnu/arm/5.4.1/bin/../lib/gcc/arm-none-eabi/5.4.1/armv7-m/crti.o
 .data          0x00000000        0x4 c:/program files (x86)/cypress/psoc creator/4.4/psoc creator/import/gnu/arm/5.4.1/bin/../lib/gcc/arm-none-eabi/5.4.1/armv7-m/crtbegin.o
 .text          0x00000000       0x74 c:/program files (x86)/cypress/psoc creator/4.4/psoc creator/import/gnu/arm/5.4.1/bin/../lib/gcc/arm-none-eabi/5.4.1/../../../../arm-none-eabi/lib/armv7-m/crt0.o
 .data          0x00000000        0x0 c:/program files (x86)/cypress/psoc creator/4.4/psoc creator/import/gnu/arm/5.4.1/bin/../lib/gcc/arm-none-eabi/5.4.1/../../../../arm-none-eabi/lib/armv7-m/crt0.o
 .bss           0x00000000        0x0 c:/program files (x86)/cypress/psoc creator/4.4/psoc creator/import/gnu/arm/5.4.1/bin/../lib/gcc/arm-none-eabi/5.4.1/../../../../arm-none-eabi/lib/armv7-m/crt0.o
 .ARM.extab     0x00000000        0x0 c:/program files (x86)/cypress/psoc creator/4.4/psoc creator/import/gnu/arm/5.4.1/bin/../lib/gcc/arm-none-eabi/5.4.1/../../../../arm-none-eabi/lib/armv7-m/crt0.o
 .ARM.exidx     0x00000000        0x8 c:/program files (x86)/cypress/psoc creator/4.4/psoc creator/import/gnu/arm/5.4.1/bin/../lib/gcc/arm-none-eabi/5.4.1/../../../../arm-none-eabi/lib/armv7-m/crt0.o
 .text          0x00000000        0x0 .\CortexM3\ARM_GCC_541\Debug\main.o
 .data          0x00000000        0x0 .\CortexM3\ARM_GCC_541\Debug\main.o
 .rodata        0x00000000       0x1c .\CortexM3\ARM_GCC_541\Debug\main.o
 .text          0x00000000        0x0 .\CortexM3\ARM_GCC_541\Debug\cyfitter_cfg.o
 .data          0x00000000        0x0 .\CortexM3\ARM_GCC_541\Debug\cyfitter_cfg.o
 .bss           0x00000000        0x0 .\CortexM3\ARM_GCC_541\Debug\cyfitter_cfg.o
 .text.SetAnalogRoutingPumps
                0x00000000       0x1c .\CortexM3\ARM_GCC_541\Debug\cyfitter_cfg.o
 .text          0x00000000        0x0 .\CortexM3\ARM_GCC_541\Debug\cymetadata.o
 .data          0x00000000        0x0 .\CortexM3\ARM_GCC_541\Debug\cymetadata.o
 .bss           0x00000000        0x0 .\CortexM3\ARM_GCC_541\Debug\cymetadata.o
 .text          0x00000000        0x0 .\CortexM3\ARM_GCC_541\Debug\Cm3Start.o
 .data          0x00000000        0x4 .\CortexM3\ARM_GCC_541\Debug\Cm3Start.o
 .bss           0x00000000        0x0 .\CortexM3\ARM_GCC_541\Debug\Cm3Start.o
 .text._exit    0x00000000        0xc .\CortexM3\ARM_GCC_541\Debug\Cm3Start.o
 .text._sbrk    0x00000000       0x30 .\CortexM3\ARM_GCC_541\Debug\Cm3Start.o
 .text          0x00000000        0x0 .\CortexM3\ARM_GCC_541\Debug\eylons_project.a(CyLib.o)
 .bss           0x00000000       0x1c .\CortexM3\ARM_GCC_541\Debug\eylons_project.a(CyLib.o)
 .text.CyUSB_PowerOnCheck
                0x00000000       0x48 .\CortexM3\ARM_GCC_541\Debug\eylons_project.a(CyLib.o)
 .text.CyBusClk_Internal_SetDivider
                0x00000000       0x48 .\CortexM3\ARM_GCC_541\Debug\eylons_project.a(CyLib.o)
 .text.CyPLL_OUT_Stop
                0x00000000       0x10 .\CortexM3\ARM_GCC_541\Debug\eylons_project.a(CyLib.o)
 .text.CyIMO_Stop
                0x00000000       0x1c .\CortexM3\ARM_GCC_541\Debug\eylons_project.a(CyLib.o)
 .text.CyIMO_EnableDoubler
                0x00000000       0x10 .\CortexM3\ARM_GCC_541\Debug\eylons_project.a(CyLib.o)
 .text.CyIMO_DisableDoubler
                0x00000000       0x10 .\CortexM3\ARM_GCC_541\Debug\eylons_project.a(CyLib.o)
 .text.CyMasterClk_SetSource
                0x00000000       0x18 .\CortexM3\ARM_GCC_541\Debug\eylons_project.a(CyLib.o)
 .text.CyMasterClk_SetDivider
                0x00000000        0xc .\CortexM3\ARM_GCC_541\Debug\eylons_project.a(CyLib.o)
 .text.CyBusClk_SetDivider
                0x00000000       0x70 .\CortexM3\ARM_GCC_541\Debug\eylons_project.a(CyLib.o)
 .text.CyUsbClk_SetSource
                0x00000000       0x18 .\CortexM3\ARM_GCC_541\Debug\eylons_project.a(CyLib.o)
 .text.CyILO_Start1K
                0x00000000       0x10 .\CortexM3\ARM_GCC_541\Debug\eylons_project.a(CyLib.o)
 .text.CyILO_Stop1K
                0x00000000       0x10 .\CortexM3\ARM_GCC_541\Debug\eylons_project.a(CyLib.o)
 .text.CyILO_Start100K
                0x00000000       0x10 .\CortexM3\ARM_GCC_541\Debug\eylons_project.a(CyLib.o)
 .text.CyILO_Stop100K
                0x00000000       0x10 .\CortexM3\ARM_GCC_541\Debug\eylons_project.a(CyLib.o)
 .text.CyPLL_OUT_Start
                0x00000000       0x78 .\CortexM3\ARM_GCC_541\Debug\eylons_project.a(CyLib.o)
 .text.CyIMO_Start
                0x00000000       0x60 .\CortexM3\ARM_GCC_541\Debug\eylons_project.a(CyLib.o)
 .text.CyILO_Enable33K
                0x00000000       0x10 .\CortexM3\ARM_GCC_541\Debug\eylons_project.a(CyLib.o)
 .text.CyILO_Disable33K
                0x00000000       0x10 .\CortexM3\ARM_GCC_541\Debug\eylons_project.a(CyLib.o)
 .text.CyILO_SetSource
                0x00000000       0x18 .\CortexM3\ARM_GCC_541\Debug\eylons_project.a(CyLib.o)
 .text.CyILO_SetPowerMode
                0x00000000       0x24 .\CortexM3\ARM_GCC_541\Debug\eylons_project.a(CyLib.o)
 .text.CyXTAL_32KHZ_Stop
                0x00000000       0x30 .\CortexM3\ARM_GCC_541\Debug\eylons_project.a(CyLib.o)
 .text.CyXTAL_32KHZ_ReadStatus
                0x00000000       0x10 .\CortexM3\ARM_GCC_541\Debug\eylons_project.a(CyLib.o)
 .text.CyXTAL_Start
                0x00000000       0xac .\CortexM3\ARM_GCC_541\Debug\eylons_project.a(CyLib.o)
 .text.CyXTAL_Stop
                0x00000000       0x10 .\CortexM3\ARM_GCC_541\Debug\eylons_project.a(CyLib.o)
 .text.CyXTAL_EnableErrStatus
                0x00000000       0x10 .\CortexM3\ARM_GCC_541\Debug\eylons_project.a(CyLib.o)
 .text.CyXTAL_DisableErrStatus
                0x00000000       0x10 .\CortexM3\ARM_GCC_541\Debug\eylons_project.a(CyLib.o)
 .text.CyXTAL_ReadStatus
                0x00000000       0x18 .\CortexM3\ARM_GCC_541\Debug\eylons_project.a(CyLib.o)
 .text.CyXTAL_EnableFaultRecovery
                0x00000000       0x10 .\CortexM3\ARM_GCC_541\Debug\eylons_project.a(CyLib.o)
 .text.CyXTAL_DisableFaultRecovery
                0x00000000       0x10 .\CortexM3\ARM_GCC_541\Debug\eylons_project.a(CyLib.o)
 .text.CyXTAL_SetStartup
                0x00000000       0x18 .\CortexM3\ARM_GCC_541\Debug\eylons_project.a(CyLib.o)
 .text.CyXTAL_SetFbVoltage
                0x00000000       0x18 .\CortexM3\ARM_GCC_541\Debug\eylons_project.a(CyLib.o)
 .text.CyXTAL_SetWdVoltage
                0x00000000       0x18 .\CortexM3\ARM_GCC_541\Debug\eylons_project.a(CyLib.o)
 .text.CyHalt   0x00000000        0x4 .\CortexM3\ARM_GCC_541\Debug\eylons_project.a(CyLib.o)
 .text.CyPLL_OUT_SetPQ
                0x00000000       0x60 .\CortexM3\ARM_GCC_541\Debug\eylons_project.a(CyLib.o)
 .text.CyPLL_OUT_SetSource
                0x00000000       0x34 .\CortexM3\ARM_GCC_541\Debug\eylons_project.a(CyLib.o)
 .text.CyIMO_SetTrimValue
                0x00000000       0xcc .\CortexM3\ARM_GCC_541\Debug\eylons_project.a(CyLib.o)
 .text.CyIMO_SetFreq
                0x00000000       0xf4 .\CortexM3\ARM_GCC_541\Debug\eylons_project.a(CyLib.o)
 .text.CyIMO_SetSource
                0x00000000       0x58 .\CortexM3\ARM_GCC_541\Debug\eylons_project.a(CyLib.o)
 .text.CySoftwareReset
                0x00000000       0x10 .\CortexM3\ARM_GCC_541\Debug\eylons_project.a(CyLib.o)
 .text.CyDelay  0x00000000       0x2c .\CortexM3\ARM_GCC_541\Debug\eylons_project.a(CyLib.o)
 .text.CyXTAL_32KHZ_SetPowerMode
                0x00000000       0x84 .\CortexM3\ARM_GCC_541\Debug\eylons_project.a(CyLib.o)
 .text.CyXTAL_32KHZ_Start
                0x00000000       0x74 .\CortexM3\ARM_GCC_541\Debug\eylons_project.a(CyLib.o)
 .text.CyDelayFreq
                0x00000000       0x4c .\CortexM3\ARM_GCC_541\Debug\eylons_project.a(CyLib.o)
 .text.CyWdtStart
                0x00000000       0x40 .\CortexM3\ARM_GCC_541\Debug\eylons_project.a(CyLib.o)
 .text.CyWdtClear
                0x00000000        0xc .\CortexM3\ARM_GCC_541\Debug\eylons_project.a(CyLib.o)
 .text.CyVdStickyStatus
                0x00000000       0x2c .\CortexM3\ARM_GCC_541\Debug\eylons_project.a(CyLib.o)
 .text.CyVdLvDigitEnable
                0x00000000       0x84 .\CortexM3\ARM_GCC_541\Debug\eylons_project.a(CyLib.o)
 .text.CyVdLvAnalogEnable
                0x00000000       0x80 .\CortexM3\ARM_GCC_541\Debug\eylons_project.a(CyLib.o)
 .text.CyVdLvDigitDisable
                0x00000000       0x30 .\CortexM3\ARM_GCC_541\Debug\eylons_project.a(CyLib.o)
 .text.CyVdLvAnalogDisable
                0x00000000       0x28 .\CortexM3\ARM_GCC_541\Debug\eylons_project.a(CyLib.o)
 .text.CyVdHvAnalogEnable
                0x00000000       0x54 .\CortexM3\ARM_GCC_541\Debug\eylons_project.a(CyLib.o)
 .text.CyVdHvAnalogDisable
                0x00000000       0x20 .\CortexM3\ARM_GCC_541\Debug\eylons_project.a(CyLib.o)
 .text.CyVdRealTimeStatus
                0x00000000       0x1c .\CortexM3\ARM_GCC_541\Debug\eylons_project.a(CyLib.o)
 .text.CyDisableInts
                0x00000000       0x1c .\CortexM3\ARM_GCC_541\Debug\eylons_project.a(CyLib.o)
 .text.CyEnableInts
                0x00000000       0x18 .\CortexM3\ARM_GCC_541\Debug\eylons_project.a(CyLib.o)
 .text.CyFlushCache
                0x00000000       0x44 .\CortexM3\ARM_GCC_541\Debug\eylons_project.a(CyLib.o)
 .text.CyIntSetSysVector
                0x00000000       0x28 .\CortexM3\ARM_GCC_541\Debug\eylons_project.a(CyLib.o)
 .text.CyIntGetSysVector
                0x00000000       0x20 .\CortexM3\ARM_GCC_541\Debug\eylons_project.a(CyLib.o)
 .text.CyIntSetVector
                0x00000000       0x28 .\CortexM3\ARM_GCC_541\Debug\eylons_project.a(CyLib.o)
 .text.CyIntGetVector
                0x00000000       0x24 .\CortexM3\ARM_GCC_541\Debug\eylons_project.a(CyLib.o)
 .text.CyIntSetPriority
                0x00000000       0x30 .\CortexM3\ARM_GCC_541\Debug\eylons_project.a(CyLib.o)
 .text.CyIntGetPriority
                0x00000000       0x20 .\CortexM3\ARM_GCC_541\Debug\eylons_project.a(CyLib.o)
 .text.CyIntGetState
                0x00000000       0x24 .\CortexM3\ARM_GCC_541\Debug\eylons_project.a(CyLib.o)
 .text.CySysTickStop
                0x00000000       0x10 .\CortexM3\ARM_GCC_541\Debug\eylons_project.a(CyLib.o)
 .text.CySysTickEnableInterrupt
                0x00000000       0x10 .\CortexM3\ARM_GCC_541\Debug\eylons_project.a(CyLib.o)
 .text.CySysTickEnable
                0x00000000       0x18 .\CortexM3\ARM_GCC_541\Debug\eylons_project.a(CyLib.o)
 .text.CySysTickDisableInterrupt
                0x00000000       0x10 .\CortexM3\ARM_GCC_541\Debug\eylons_project.a(CyLib.o)
 .text.CySysTickSetReload
                0x00000000       0x10 .\CortexM3\ARM_GCC_541\Debug\eylons_project.a(CyLib.o)
 .text.CySysTickGetReload
                0x00000000       0x10 .\CortexM3\ARM_GCC_541\Debug\eylons_project.a(CyLib.o)
 .text.CySysTickGetValue
                0x00000000       0x10 .\CortexM3\ARM_GCC_541\Debug\eylons_project.a(CyLib.o)
 .text.CySysTickSetClockSource
                0x00000000       0x20 .\CortexM3\ARM_GCC_541\Debug\eylons_project.a(CyLib.o)
 .text.CySysTickGetClockSource
                0x00000000       0x10 .\CortexM3\ARM_GCC_541\Debug\eylons_project.a(CyLib.o)
 .text.CySysTickGetCountFlag
                0x00000000       0x10 .\CortexM3\ARM_GCC_541\Debug\eylons_project.a(CyLib.o)
 .text.CySysTickServiceCallbacks
                0x00000000       0x28 .\CortexM3\ARM_GCC_541\Debug\eylons_project.a(CyLib.o)
 .text.CySysTickClear
                0x00000000        0xc .\CortexM3\ARM_GCC_541\Debug\eylons_project.a(CyLib.o)
 .text.CySysTickInit
                0x00000000       0x58 .\CortexM3\ARM_GCC_541\Debug\eylons_project.a(CyLib.o)
 .text.CySysTickStart
                0x00000000       0x1c .\CortexM3\ARM_GCC_541\Debug\eylons_project.a(CyLib.o)
 .text.CySysTickSetCallback
                0x00000000       0x10 .\CortexM3\ARM_GCC_541\Debug\eylons_project.a(CyLib.o)
 .text.CySysTickGetCallback
                0x00000000       0x10 .\CortexM3\ARM_GCC_541\Debug\eylons_project.a(CyLib.o)
 .text.CyGetUniqueId
                0x00000000       0x70 .\CortexM3\ARM_GCC_541\Debug\eylons_project.a(CyLib.o)
 .text          0x00000000        0x0 .\CortexM3\ARM_GCC_541\Debug\eylons_project.a(cyPm.o)
 .data          0x00000000        0x0 .\CortexM3\ARM_GCC_541\Debug\eylons_project.a(cyPm.o)
 .bss           0x00000000       0x43 .\CortexM3\ARM_GCC_541\Debug\eylons_project.a(cyPm.o)
 .text.CyPmHibSlpSaveSet
                0x00000000      0x1dc .\CortexM3\ARM_GCC_541\Debug\eylons_project.a(cyPm.o)
 .text.CyPmHibSlpRestore
                0x00000000       0xd8 .\CortexM3\ARM_GCC_541\Debug\eylons_project.a(cyPm.o)
 .text.CyPmHviLviSaveDisable
                0x00000000       0xa0 .\CortexM3\ARM_GCC_541\Debug\eylons_project.a(cyPm.o)
 .text.CyPmHibSaveSet
                0x00000000       0x98 .\CortexM3\ARM_GCC_541\Debug\eylons_project.a(cyPm.o)
 .text.CyPmHviLviRestore
                0x00000000       0x48 .\CortexM3\ARM_GCC_541\Debug\eylons_project.a(cyPm.o)
 .text.CyPmHibRestore
                0x00000000       0x60 .\CortexM3\ARM_GCC_541\Debug\eylons_project.a(cyPm.o)
 .text.CyPmSaveClocks
                0x00000000      0x218 .\CortexM3\ARM_GCC_541\Debug\eylons_project.a(cyPm.o)
 .text.CyPmRestoreClocks
                0x00000000      0x24c .\CortexM3\ARM_GCC_541\Debug\eylons_project.a(cyPm.o)
 .text.CyPmAltAct
                0x00000000       0x6c .\CortexM3\ARM_GCC_541\Debug\eylons_project.a(cyPm.o)
 .text.CyPmSleep
                0x00000000       0xf4 .\CortexM3\ARM_GCC_541\Debug\eylons_project.a(cyPm.o)
 .text.CyPmHibernateEx
                0x00000000       0xf4 .\CortexM3\ARM_GCC_541\Debug\eylons_project.a(cyPm.o)
 .text.CyPmHibernate
                0x00000000        0xc .\CortexM3\ARM_GCC_541\Debug\eylons_project.a(cyPm.o)
 .text.CyPmReadStatus
                0x00000000       0x30 .\CortexM3\ARM_GCC_541\Debug\eylons_project.a(cyPm.o)
 .text.CyPmCtwSetInterval
                0x00000000       0x5c .\CortexM3\ARM_GCC_541\Debug\eylons_project.a(cyPm.o)
 .text.CyPmOppsSet
                0x00000000       0x2c .\CortexM3\ARM_GCC_541\Debug\eylons_project.a(cyPm.o)
 .text.CyPmFtwSetInterval
                0x00000000       0x5c .\CortexM3\ARM_GCC_541\Debug\eylons_project.a(cyPm.o)
 .rodata        0x00000000        0xf .\CortexM3\ARM_GCC_541\Debug\eylons_project.a(cyPm.o)
 .text          0x00000000        0x0 .\CortexM3\ARM_GCC_541\Debug\eylons_project.a(pulse_out.o)
 .data          0x00000000        0x0 .\CortexM3\ARM_GCC_541\Debug\eylons_project.a(pulse_out.o)
 .bss           0x00000000        0x0 .\CortexM3\ARM_GCC_541\Debug\eylons_project.a(pulse_out.o)
 .text.pulse_out_SetDriveMode
                0x00000000       0x18 .\CortexM3\ARM_GCC_541\Debug\eylons_project.a(pulse_out.o)
 .text.pulse_out_ReadDataReg
                0x00000000       0x10 .\CortexM3\ARM_GCC_541\Debug\eylons_project.a(pulse_out.o)
 .text          0x00000000        0x0 .\CortexM3\ARM_GCC_541\Debug\eylons_project.a(direction_out.o)
 .data          0x00000000        0x0 .\CortexM3\ARM_GCC_541\Debug\eylons_project.a(direction_out.o)
 .bss           0x00000000        0x0 .\CortexM3\ARM_GCC_541\Debug\eylons_project.a(direction_out.o)
 .text.direction_out_SetDriveMode
                0x00000000       0x18 .\CortexM3\ARM_GCC_541\Debug\eylons_project.a(direction_out.o)
 .text.direction_out_Read
                0x00000000       0x10 .\CortexM3\ARM_GCC_541\Debug\eylons_project.a(direction_out.o)
 .text.direction_out_ReadDataReg
                0x00000000       0x10 .\CortexM3\ARM_GCC_541\Debug\eylons_project.a(direction_out.o)
 .text          0x00000000        0x0 .\CortexM3\ARM_GCC_541\Debug\eylons_project.a(sensor_left.o)
 .data          0x00000000        0x0 .\CortexM3\ARM_GCC_541\Debug\eylons_project.a(sensor_left.o)
 .bss           0x00000000        0x0 .\CortexM3\ARM_GCC_541\Debug\eylons_project.a(sensor_left.o)
 .text.sensor_left_Write
                0x00000000       0x18 .\CortexM3\ARM_GCC_541\Debug\eylons_project.a(sensor_left.o)
 .text.sensor_left_SetDriveMode
                0x00000000       0x18 .\CortexM3\ARM_GCC_541\Debug\eylons_project.a(sensor_left.o)
 .text.sensor_left_ReadDataReg
                0x00000000       0x10 .\CortexM3\ARM_GCC_541\Debug\eylons_project.a(sensor_left.o)
 .text          0x00000000        0x0 .\CortexM3\ARM_GCC_541\Debug\eylons_project.a(sensor_right.o)
 .data          0x00000000        0x0 .\CortexM3\ARM_GCC_541\Debug\eylons_project.a(sensor_right.o)
 .bss           0x00000000        0x0 .\CortexM3\ARM_GCC_541\Debug\eylons_project.a(sensor_right.o)
 .text.sensor_right_Write
                0x00000000       0x18 .\CortexM3\ARM_GCC_541\Debug\eylons_project.a(sensor_right.o)
 .text.sensor_right_SetDriveMode
                0x00000000       0x18 .\CortexM3\ARM_GCC_541\Debug\eylons_project.a(sensor_right.o)
 .text.sensor_right_ReadDataReg
                0x00000000       0x10 .\CortexM3\ARM_GCC_541\Debug\eylons_project.a(sensor_right.o)
 .text          0x00000000        0x0 .\CortexM3\ARM_GCC_541\Debug\eylons_project.a(operation_input.o)
 .data          0x00000000        0x0 .\CortexM3\ARM_GCC_541\Debug\eylons_project.a(operation_input.o)
 .bss           0x00000000        0x0 .\CortexM3\ARM_GCC_541\Debug\eylons_project.a(operation_input.o)
 .text.operation_input_Write
                0x00000000       0x18 .\CortexM3\ARM_GCC_541\Debug\eylons_project.a(operation_input.o)
 .text.operation_input_SetDriveMode
                0x00000000       0x18 .\CortexM3\ARM_GCC_541\Debug\eylons_project.a(operation_input.o)
 .text.operation_input_ReadDataReg
                0x00000000       0x10 .\CortexM3\ARM_GCC_541\Debug\eylons_project.a(operation_input.o)
 .text          0x00000000        0x0 .\CortexM3\ARM_GCC_541\Debug\eylons_project.a(VDAC8_1.o)
 .data          0x00000000        0x0 .\CortexM3\ARM_GCC_541\Debug\eylons_project.a(VDAC8_1.o)
 .text.VDAC8_1_Stop
                0x00000000       0x1c .\CortexM3\ARM_GCC_541\Debug\eylons_project.a(VDAC8_1.o)
 .text          0x00000000        0x0 .\CortexM3\ARM_GCC_541\Debug\eylons_project.a(Opamp_1.o)
 .data          0x00000000        0x0 .\CortexM3\ARM_GCC_541\Debug\eylons_project.a(Opamp_1.o)
 .text.Opamp_1_Stop
                0x00000000       0x34 .\CortexM3\ARM_GCC_541\Debug\eylons_project.a(Opamp_1.o)
 .text          0x00000000        0x0 .\CortexM3\ARM_GCC_541\Debug\eylons_project.a(leds_enable.o)
 .data          0x00000000        0x0 .\CortexM3\ARM_GCC_541\Debug\eylons_project.a(leds_enable.o)
 .bss           0x00000000        0x0 .\CortexM3\ARM_GCC_541\Debug\eylons_project.a(leds_enable.o)
 .text.leds_enable_SetDriveMode
                0x00000000       0x18 .\CortexM3\ARM_GCC_541\Debug\eylons_project.a(leds_enable.o)
 .text.leds_enable_Read
                0x00000000       0x10 .\CortexM3\ARM_GCC_541\Debug\eylons_project.a(leds_enable.o)
 .text.leds_enable_ReadDataReg
                0x00000000       0x10 .\CortexM3\ARM_GCC_541\Debug\eylons_project.a(leds_enable.o)
 .text          0x00000000        0x0 .\CortexM3\ARM_GCC_541\Debug\eylons_project.a(PWM_1.o)
 .data          0x00000000        0x0 .\CortexM3\ARM_GCC_541\Debug\eylons_project.a(PWM_1.o)
 .text.PWM_1_Enable
                0x00000000        0x4 .\CortexM3\ARM_GCC_541\Debug\eylons_project.a(PWM_1.o)
 .text.PWM_1_Stop
                0x00000000        0x4 .\CortexM3\ARM_GCC_541\Debug\eylons_project.a(PWM_1.o)
 .text.PWM_1_ReadCounter
                0x00000000       0x14 .\CortexM3\ARM_GCC_541\Debug\eylons_project.a(PWM_1.o)
 .text.PWM_1_ReadCapture
                0x00000000        0xc .\CortexM3\ARM_GCC_541\Debug\eylons_project.a(PWM_1.o)
 .text.PWM_1_ReadCompare
                0x00000000        0xc .\CortexM3\ARM_GCC_541\Debug\eylons_project.a(PWM_1.o)
 .text.PWM_1_ReadPeriod
                0x00000000        0xc .\CortexM3\ARM_GCC_541\Debug\eylons_project.a(PWM_1.o)
 .data          0x00000000        0x0 .\CortexM3\ARM_GCC_541\Debug\eylons_project.a(CyBootAsmGnu.o)
 .bss           0x00000000        0x0 .\CortexM3\ARM_GCC_541\Debug\eylons_project.a(CyBootAsmGnu.o)
 .text          0x00000000        0x0 .\CortexM3\ARM_GCC_541\Debug\eylons_project.a(CyFlash.o)
 .data          0x00000000        0x0 .\CortexM3\ARM_GCC_541\Debug\eylons_project.a(CyFlash.o)
 .bss           0x00000000        0x0 .\CortexM3\ARM_GCC_541\Debug\eylons_project.a(CyFlash.o)
 .text.CySetTempInt
                0x00000000       0x60 .\CortexM3\ARM_GCC_541\Debug\eylons_project.a(CyFlash.o)
 .text.CyFlash_Start
                0x00000000       0x54 .\CortexM3\ARM_GCC_541\Debug\eylons_project.a(CyFlash.o)
 .text.CyFlash_Stop
                0x00000000       0x24 .\CortexM3\ARM_GCC_541\Debug\eylons_project.a(CyFlash.o)
 .text.CyFlash_EraseRow
                0x00000000       0x78 .\CortexM3\ARM_GCC_541\Debug\eylons_project.a(CyFlash.o)
 .text.CyFlashGetSpcAlgorithm
                0x00000000       0x4c .\CortexM3\ARM_GCC_541\Debug\eylons_project.a(CyFlash.o)
 .text.CySetTemp
                0x00000000       0x14 .\CortexM3\ARM_GCC_541\Debug\eylons_project.a(CyFlash.o)
 .text.CySetFlashEEBuffer
                0x00000000       0x20 .\CortexM3\ARM_GCC_541\Debug\eylons_project.a(CyFlash.o)
 .text.CyWriteRowFull
                0x00000000       0xf8 .\CortexM3\ARM_GCC_541\Debug\eylons_project.a(CyFlash.o)
 .text.CyWriteRowData
                0x00000000       0x14 .\CortexM3\ARM_GCC_541\Debug\eylons_project.a(CyFlash.o)
 .text.CyFlash_SetWaitCycles
                0x00000000       0x7c .\CortexM3\ARM_GCC_541\Debug\eylons_project.a(CyFlash.o)
 .text.CyEEPROM_Start
                0x00000000       0x54 .\CortexM3\ARM_GCC_541\Debug\eylons_project.a(CyFlash.o)
 .text.CyEEPROM_Stop
                0x00000000       0x24 .\CortexM3\ARM_GCC_541\Debug\eylons_project.a(CyFlash.o)
 .text.CyEEPROM_ReadReserve
                0x00000000       0x1c .\CortexM3\ARM_GCC_541\Debug\eylons_project.a(CyFlash.o)
 .text.CyEEPROM_ReadRelease
                0x00000000       0x10 .\CortexM3\ARM_GCC_541\Debug\eylons_project.a(CyFlash.o)
 COMMON         0x00000000        0x2 .\CortexM3\ARM_GCC_541\Debug\eylons_project.a(CyFlash.o)
 .text          0x00000000        0x0 .\CortexM3\ARM_GCC_541\Debug\eylons_project.a(CySpc.o)
 .data          0x00000000        0x0 .\CortexM3\ARM_GCC_541\Debug\eylons_project.a(CySpc.o)
 .bss           0x00000000        0x8 .\CortexM3\ARM_GCC_541\Debug\eylons_project.a(CySpc.o)
 .text.CySpcStart
                0x00000000       0x24 .\CortexM3\ARM_GCC_541\Debug\eylons_project.a(CySpc.o)
 .text.CySpcStop
                0x00000000       0x24 .\CortexM3\ARM_GCC_541\Debug\eylons_project.a(CySpc.o)
 .text.CySpcReadData
                0x00000000       0x34 .\CortexM3\ARM_GCC_541\Debug\eylons_project.a(CySpc.o)
 .text.CySpcLoadMultiByte
                0x00000000       0x78 .\CortexM3\ARM_GCC_541\Debug\eylons_project.a(CySpc.o)
 .text.CySpcLoadRow
                0x00000000       0x50 .\CortexM3\ARM_GCC_541\Debug\eylons_project.a(CySpc.o)
 .text.CySpcLoadRowFull
                0x00000000       0x80 .\CortexM3\ARM_GCC_541\Debug\eylons_project.a(CySpc.o)
 .text.CySpcWriteRow
                0x00000000       0x4c .\CortexM3\ARM_GCC_541\Debug\eylons_project.a(CySpc.o)
 .text.CySpcEraseSector
                0x00000000       0x3c .\CortexM3\ARM_GCC_541\Debug\eylons_project.a(CySpc.o)
 .text.CySpcEraseRow
                0x00000000       0x4c .\CortexM3\ARM_GCC_541\Debug\eylons_project.a(CySpc.o)
 .text.CySpcGetTemp
                0x00000000       0x3c .\CortexM3\ARM_GCC_541\Debug\eylons_project.a(CySpc.o)
 .text.CySpcLock
                0x00000000       0x4c .\CortexM3\ARM_GCC_541\Debug\eylons_project.a(CySpc.o)
 .text.CySpcUnlock
                0x00000000       0x38 .\CortexM3\ARM_GCC_541\Debug\eylons_project.a(CySpc.o)
 .text.CySpcGetAlgorithm
                0x00000000       0x28 .\CortexM3\ARM_GCC_541\Debug\eylons_project.a(CySpc.o)
 .text          0x00000000        0x0 c:/program files (x86)/cypress/psoc creator/4.4/psoc creator/import/gnu/arm/5.4.1/bin/../lib/gcc/arm-none-eabi/5.4.1/../../../../arm-none-eabi/lib/armv7-m\libg_nano.a(lib_a-errno.o)
 .data          0x00000000        0x0 c:/program files (x86)/cypress/psoc creator/4.4/psoc creator/import/gnu/arm/5.4.1/bin/../lib/gcc/arm-none-eabi/5.4.1/../../../../arm-none-eabi/lib/armv7-m\libg_nano.a(lib_a-errno.o)
 .bss           0x00000000        0x0 c:/program files (x86)/cypress/psoc creator/4.4/psoc creator/import/gnu/arm/5.4.1/bin/../lib/gcc/arm-none-eabi/5.4.1/../../../../arm-none-eabi/lib/armv7-m\libg_nano.a(lib_a-errno.o)
 .text          0x00000000        0x0 c:/program files (x86)/cypress/psoc creator/4.4/psoc creator/import/gnu/arm/5.4.1/bin/../lib/gcc/arm-none-eabi/5.4.1/../../../../arm-none-eabi/lib/armv7-m\libg_nano.a(lib_a-exit.o)
 .data          0x00000000        0x0 c:/program files (x86)/cypress/psoc creator/4.4/psoc creator/import/gnu/arm/5.4.1/bin/../lib/gcc/arm-none-eabi/5.4.1/../../../../arm-none-eabi/lib/armv7-m\libg_nano.a(lib_a-exit.o)
 .bss           0x00000000        0x0 c:/program files (x86)/cypress/psoc creator/4.4/psoc creator/import/gnu/arm/5.4.1/bin/../lib/gcc/arm-none-eabi/5.4.1/../../../../arm-none-eabi/lib/armv7-m\libg_nano.a(lib_a-exit.o)
 .text.exit     0x00000000       0x28 c:/program files (x86)/cypress/psoc creator/4.4/psoc creator/import/gnu/arm/5.4.1/bin/../lib/gcc/arm-none-eabi/5.4.1/../../../../arm-none-eabi/lib/armv7-m\libg_nano.a(lib_a-exit.o)
 .text          0x00000000        0x0 c:/program files (x86)/cypress/psoc creator/4.4/psoc creator/import/gnu/arm/5.4.1/bin/../lib/gcc/arm-none-eabi/5.4.1/../../../../arm-none-eabi/lib/armv7-m\libg_nano.a(lib_a-impure.o)
 .data          0x00000000        0x0 c:/program files (x86)/cypress/psoc creator/4.4/psoc creator/import/gnu/arm/5.4.1/bin/../lib/gcc/arm-none-eabi/5.4.1/../../../../arm-none-eabi/lib/armv7-m\libg_nano.a(lib_a-impure.o)
 .bss           0x00000000        0x0 c:/program files (x86)/cypress/psoc creator/4.4/psoc creator/import/gnu/arm/5.4.1/bin/../lib/gcc/arm-none-eabi/5.4.1/../../../../arm-none-eabi/lib/armv7-m\libg_nano.a(lib_a-impure.o)
 .rodata._global_impure_ptr
                0x00000000        0x4 c:/program files (x86)/cypress/psoc creator/4.4/psoc creator/import/gnu/arm/5.4.1/bin/../lib/gcc/arm-none-eabi/5.4.1/../../../../arm-none-eabi/lib/armv7-m\libg_nano.a(lib_a-impure.o)
 .text          0x00000000        0x0 c:/program files (x86)/cypress/psoc creator/4.4/psoc creator/import/gnu/arm/5.4.1/bin/../lib/gcc/arm-none-eabi/5.4.1/../../../../arm-none-eabi/lib/armv7-m\libg_nano.a(lib_a-init.o)
 .data          0x00000000        0x0 c:/program files (x86)/cypress/psoc creator/4.4/psoc creator/import/gnu/arm/5.4.1/bin/../lib/gcc/arm-none-eabi/5.4.1/../../../../arm-none-eabi/lib/armv7-m\libg_nano.a(lib_a-init.o)
 .bss           0x00000000        0x0 c:/program files (x86)/cypress/psoc creator/4.4/psoc creator/import/gnu/arm/5.4.1/bin/../lib/gcc/arm-none-eabi/5.4.1/../../../../arm-none-eabi/lib/armv7-m\libg_nano.a(lib_a-init.o)
 .text          0x00000000        0x0 c:/program files (x86)/cypress/psoc creator/4.4/psoc creator/import/gnu/arm/5.4.1/bin/../lib/gcc/arm-none-eabi/5.4.1/../../../../arm-none-eabi/lib/armv7-m\libg_nano.a(lib_a-memcpy-stub.o)
 .data          0x00000000        0x0 c:/program files (x86)/cypress/psoc creator/4.4/psoc creator/import/gnu/arm/5.4.1/bin/../lib/gcc/arm-none-eabi/5.4.1/../../../../arm-none-eabi/lib/armv7-m\libg_nano.a(lib_a-memcpy-stub.o)
 .bss           0x00000000        0x0 c:/program files (x86)/cypress/psoc creator/4.4/psoc creator/import/gnu/arm/5.4.1/bin/../lib/gcc/arm-none-eabi/5.4.1/../../../../arm-none-eabi/lib/armv7-m\libg_nano.a(lib_a-memcpy-stub.o)
 .text          0x00000000        0x0 c:/program files (x86)/cypress/psoc creator/4.4/psoc creator/import/gnu/arm/5.4.1/bin/../lib/gcc/arm-none-eabi/5.4.1/../../../../arm-none-eabi/lib/armv7-m\libg_nano.a(lib_a-memset.o)
 .data          0x00000000        0x0 c:/program files (x86)/cypress/psoc creator/4.4/psoc creator/import/gnu/arm/5.4.1/bin/../lib/gcc/arm-none-eabi/5.4.1/../../../../arm-none-eabi/lib/armv7-m\libg_nano.a(lib_a-memset.o)
 .bss           0x00000000        0x0 c:/program files (x86)/cypress/psoc creator/4.4/psoc creator/import/gnu/arm/5.4.1/bin/../lib/gcc/arm-none-eabi/5.4.1/../../../../arm-none-eabi/lib/armv7-m\libg_nano.a(lib_a-memset.o)
 .text          0x00000000        0x0 c:/program files (x86)/cypress/psoc creator/4.4/psoc creator/import/gnu/arm/5.4.1/bin/../lib/gcc/arm-none-eabi/5.4.1/armv7-m/crtend.o
 .data          0x00000000        0x0 c:/program files (x86)/cypress/psoc creator/4.4/psoc creator/import/gnu/arm/5.4.1/bin/../lib/gcc/arm-none-eabi/5.4.1/armv7-m/crtend.o
 .bss           0x00000000        0x0 c:/program files (x86)/cypress/psoc creator/4.4/psoc creator/import/gnu/arm/5.4.1/bin/../lib/gcc/arm-none-eabi/5.4.1/armv7-m/crtend.o
 .text          0x00000000        0x0 c:/program files (x86)/cypress/psoc creator/4.4/psoc creator/import/gnu/arm/5.4.1/bin/../lib/gcc/arm-none-eabi/5.4.1/armv7-m/crtn.o
 .data          0x00000000        0x0 c:/program files (x86)/cypress/psoc creator/4.4/psoc creator/import/gnu/arm/5.4.1/bin/../lib/gcc/arm-none-eabi/5.4.1/armv7-m/crtn.o
 .bss           0x00000000        0x0 c:/program files (x86)/cypress/psoc creator/4.4/psoc creator/import/gnu/arm/5.4.1/bin/../lib/gcc/arm-none-eabi/5.4.1/armv7-m/crtn.o

Memory Configuration

Name             Origin             Length             Attributes
rom              0x00000000         0x00040000         xr
ram              0x1fff8000         0x00010000         xrw
*default*        0x00000000         0xffffffff

Linker script and memory map

LOAD c:/program files (x86)/cypress/psoc creator/4.4/psoc creator/import/gnu/arm/5.4.1/bin/../lib/gcc/arm-none-eabi/5.4.1/armv7-m/crti.o
LOAD c:/program files (x86)/cypress/psoc creator/4.4/psoc creator/import/gnu/arm/5.4.1/bin/../lib/gcc/arm-none-eabi/5.4.1/armv7-m/crtbegin.o
LOAD c:/program files (x86)/cypress/psoc creator/4.4/psoc creator/import/gnu/arm/5.4.1/bin/../lib/gcc/arm-none-eabi/5.4.1/../../../../arm-none-eabi/lib/armv7-m/crt0.o
START GROUP
LOAD .\CortexM3\ARM_GCC_541\Debug\main.o
LOAD .\CortexM3\ARM_GCC_541\Debug\cyfitter_cfg.o
LOAD .\CortexM3\ARM_GCC_541\Debug\cymetadata.o
LOAD .\CortexM3\ARM_GCC_541\Debug\Cm3Start.o
LOAD .\CortexM3\ARM_GCC_541\Debug\eylons_project.a
LOAD C:\Program Files (x86)\Cypress\PSoC Creator\4.4\PSoC Creator\psoc\content\cycomponentlibrary\CyComponentLibrary.cylib\CortexM3\ARM_GCC_541\Debug\CyComponentLibrary.a
END GROUP
START GROUP
LOAD c:/program files (x86)/cypress/psoc creator/4.4/psoc creator/import/gnu/arm/5.4.1/bin/../lib/gcc/arm-none-eabi/5.4.1/armv7-m\libgcc.a
LOAD c:/program files (x86)/cypress/psoc creator/4.4/psoc creator/import/gnu/arm/5.4.1/bin/../lib/gcc/arm-none-eabi/5.4.1/../../../../arm-none-eabi/lib/armv7-m\libg_nano.a
LOAD c:/program files (x86)/cypress/psoc creator/4.4/psoc creator/import/gnu/arm/5.4.1/bin/../lib/gcc/arm-none-eabi/5.4.1/../../../../arm-none-eabi/lib/armv7-m\libc_nano.a
END GROUP
START GROUP
LOAD c:/program files (x86)/cypress/psoc creator/4.4/psoc creator/import/gnu/arm/5.4.1/bin/../lib/gcc/arm-none-eabi/5.4.1/armv7-m\libgcc.a
LOAD c:/program files (x86)/cypress/psoc creator/4.4/psoc creator/import/gnu/arm/5.4.1/bin/../lib/gcc/arm-none-eabi/5.4.1/../../../../arm-none-eabi/lib/armv7-m\libc_nano.a
END GROUP
LOAD c:/program files (x86)/cypress/psoc creator/4.4/psoc creator/import/gnu/arm/5.4.1/bin/../lib/gcc/arm-none-eabi/5.4.1/armv7-m/crtend.o
LOAD c:/program files (x86)/cypress/psoc creator/4.4/psoc creator/import/gnu/arm/5.4.1/bin/../lib/gcc/arm-none-eabi/5.4.1/armv7-m/crtn.o
START GROUP
LOAD c:/program files (x86)/cypress/psoc creator/4.4/psoc creator/import/gnu/arm/5.4.1/bin/../lib/gcc/arm-none-eabi/5.4.1/armv7-m\libgcc.a
LOAD c:/program files (x86)/cypress/psoc creator/4.4/psoc creator/import/gnu/arm/5.4.1/bin/../lib/gcc/arm-none-eabi/5.4.1/../../../../arm-none-eabi/lib/armv7-m\libc.a
LOAD c:/program files (x86)/cypress/psoc creator/4.4/psoc creator/import/gnu/arm/5.4.1/bin/../lib/gcc/arm-none-eabi/5.4.1/../../../../arm-none-eabi/lib/armv7-m\libnosys.a
END GROUP
                0x00000000                CY_APPL_ORIGIN = 0x0
                0x00000100                CY_FLASH_ROW_SIZE = 0x100
                0x00000020                CY_ECC_ROW_SIZE = 0x20
                0x00000000                CY_EE_IN_BTLDR = 0x0
                0x00000000                CY_APPL_LOADABLE = 0x0
                0x00000800                CY_EE_SIZE = 0x800
                0x00000001                CY_APPL_NUM = 0x1
                0x00000001                CY_APPL_MAX = 0x1
                0x00000040                CY_METADATA_SIZE = 0x40
                0x00000000                CY_APPL_LOADABLE = 0x0
                0x00000000                CY_CHECKSUM_EXCLUDE_SIZE = ALIGN (0x0, CY_FLASH_ROW_SIZE)
                [!provide]                PROVIDE (__cy_heap_start, _end)
                0x00000001                PROVIDE (__cy_region_num, ((__cy_regions_end - __cy_regions) / 0x10))
                0x20008000                PROVIDE (__cy_stack, (ORIGIN (ram) + LENGTH (ram)))
                [!provide]                PROVIDE (__cy_heap_end, (__cy_stack - 0x800))

.cybootloader   0x00000000        0x0
 *(.cybootloader)
                0x00000000                appl1_start = CY_APPL_ORIGIN?CY_APPL_ORIGIN:ALIGN (CY_FLASH_ROW_SIZE)
                0x0001ff00                appl2_start = (appl1_start + ALIGN ((((LENGTH (rom) - appl1_start) - (0x2 * CY_FLASH_ROW_SIZE)) / 0x2), CY_FLASH_ROW_SIZE))
                0x00000000                appl_start = (CY_APPL_NUM == 0x1)?appl1_start:appl2_start
                0x00000000                ecc_offset = ((appl_start / CY_FLASH_ROW_SIZE) * CY_ECC_ROW_SIZE)
                0x00000000                ee_offset = (CY_APPL_LOADABLE && ! (CY_EE_IN_BTLDR))?((CY_EE_SIZE / CY_APPL_MAX) * (CY_APPL_NUM - 0x1)):0x0
                0x00000800                ee_size = (CY_APPL_LOADABLE && ! (CY_EE_IN_BTLDR))?(CY_EE_SIZE / CY_APPL_MAX):CY_EE_SIZE
                [!provide]                PROVIDE (CY_ECC_OFFSET, ecc_offset)

.text           0x00000000      0x87e
 CREATE_OBJECT_SYMBOLS
                0x00000000                PROVIDE (__cy_interrupt_vector, RomVectors)
 *(.romvectors)
 .romvectors    0x00000000       0x10 .\CortexM3\ARM_GCC_541\Debug\Cm3Start.o
                0x00000000                RomVectors
                0x00000001                ASSERT ((. != __cy_interrupt_vector), No interrupt vector)
                0x00000001                ASSERT (CY_APPL_ORIGIN?(SIZEOF (.cybootloader) <= CY_APPL_ORIGIN):0x1, Wrong image location)
                0x00000010                PROVIDE (__cy_reset, Reset)
 *(.text.Reset)
 .text.Reset    0x00000010       0x18 .\CortexM3\ARM_GCC_541\Debug\Cm3Start.o
                0x00000010                Reset
                0x00000001                ASSERT ((. != __cy_reset), No reset code)
 *(.dma_init)
                0x00000001                ASSERT ((((appl_start + .) <= 0x10000) || 0x1), DMA Init must be within the first 64k of flash)
 *(.text .text.* .gnu.linkonce.t.*)
 .text          0x00000028       0x5c c:/program files (x86)/cypress/psoc creator/4.4/psoc creator/import/gnu/arm/5.4.1/bin/../lib/gcc/arm-none-eabi/5.4.1/armv7-m/crtbegin.o
 .text.main     0x00000084      0x200 .\CortexM3\ARM_GCC_541\Debug\main.o
                0x00000084                main
 .text.CyClockStartupError
                0x00000284        0x4 .\CortexM3\ARM_GCC_541\Debug\cyfitter_cfg.o
 .text.cfg_write_bytes32
                0x00000288       0x34 .\CortexM3\ARM_GCC_541\Debug\cyfitter_cfg.o
 .text.AnalogSetDefault
                0x000002bc       0x48 .\CortexM3\ARM_GCC_541\Debug\cyfitter_cfg.o
 .text.CYMEMZERO
                0x00000304        0xc .\CortexM3\ARM_GCC_541\Debug\cyfitter_cfg.o
 .text.ClockSetup
                0x00000310       0xc4 .\CortexM3\ARM_GCC_541\Debug\cyfitter_cfg.o
 .text.CYCONFIGCPY
                0x000003d4        0x8 .\CortexM3\ARM_GCC_541\Debug\cyfitter_cfg.o
 .text.cyfitter_cfg
                0x000003dc       0xf0 .\CortexM3\ARM_GCC_541\Debug\cyfitter_cfg.o
                0x000003dc                cyfitter_cfg
 .text.IntDefaultHandler
                0x000004cc       0x10 .\CortexM3\ARM_GCC_541\Debug\Cm3Start.o
                0x000004cc                IntDefaultHandler
 .text.Start_c  0x000004dc       0x4c .\CortexM3\ARM_GCC_541\Debug\Cm3Start.o
                0x000004dc                Start_c
 .text.initialize_psoc
                0x00000528       0x68 .\CortexM3\ARM_GCC_541\Debug\Cm3Start.o
                0x00000528                initialize_psoc
 .text.CyDelayUs
                0x00000590       0x14 .\CortexM3\ARM_GCC_541\Debug\eylons_project.a(CyLib.o)
                0x00000590                CyDelayUs
 .text.pulse_out_Write
                0x000005a4       0x18 .\CortexM3\ARM_GCC_541\Debug\eylons_project.a(pulse_out.o)
                0x000005a4                pulse_out_Write
 .text.pulse_out_Read
                0x000005bc       0x10 .\CortexM3\ARM_GCC_541\Debug\eylons_project.a(pulse_out.o)
                0x000005bc                pulse_out_Read
 .text.direction_out_Write
                0x000005cc       0x18 .\CortexM3\ARM_GCC_541\Debug\eylons_project.a(direction_out.o)
                0x000005cc                direction_out_Write
 .text.sensor_left_Read
                0x000005e4       0x10 .\CortexM3\ARM_GCC_541\Debug\eylons_project.a(sensor_left.o)
                0x000005e4                sensor_left_Read
 .text.sensor_right_Read
                0x000005f4       0x10 .\CortexM3\ARM_GCC_541\Debug\eylons_project.a(sensor_right.o)
                0x000005f4                sensor_right_Read
 .text.operation_input_Read
                0x00000604       0x10 .\CortexM3\ARM_GCC_541\Debug\eylons_project.a(operation_input.o)
                0x00000604                operation_input_Read
 .text.VDAC8_1_Enable
                0x00000614       0x1c .\CortexM3\ARM_GCC_541\Debug\eylons_project.a(VDAC8_1.o)
                0x00000614                VDAC8_1_Enable
 .text.VDAC8_1_SetSpeed
                0x00000630       0x1c .\CortexM3\ARM_GCC_541\Debug\eylons_project.a(VDAC8_1.o)
                0x00000630                VDAC8_1_SetSpeed
 .text.VDAC8_1_SetValue
                0x0000064c        0xc .\CortexM3\ARM_GCC_541\Debug\eylons_project.a(VDAC8_1.o)
                0x0000064c                VDAC8_1_SetValue
 .text.VDAC8_1_DacTrim
                0x00000658       0x24 .\CortexM3\ARM_GCC_541\Debug\eylons_project.a(VDAC8_1.o)
                0x00000658                VDAC8_1_DacTrim
 .text.VDAC8_1_SetRange
                0x0000067c       0x20 .\CortexM3\ARM_GCC_541\Debug\eylons_project.a(VDAC8_1.o)
                0x0000067c                VDAC8_1_SetRange
 .text.VDAC8_1_Init
                0x0000069c       0x2c .\CortexM3\ARM_GCC_541\Debug\eylons_project.a(VDAC8_1.o)
                0x0000069c                VDAC8_1_Init
 .text.VDAC8_1_Start
                0x000006c8       0x24 .\CortexM3\ARM_GCC_541\Debug\eylons_project.a(VDAC8_1.o)
                0x000006c8                VDAC8_1_Start
 .text.Opamp_1_Enable
                0x000006ec       0x28 .\CortexM3\ARM_GCC_541\Debug\eylons_project.a(Opamp_1.o)
                0x000006ec                Opamp_1_Enable
 .text.Opamp_1_SetPower
                0x00000714       0x1c .\CortexM3\ARM_GCC_541\Debug\eylons_project.a(Opamp_1.o)
                0x00000714                Opamp_1_SetPower
 .text.Opamp_1_Init
                0x00000730        0xc .\CortexM3\ARM_GCC_541\Debug\eylons_project.a(Opamp_1.o)
                0x00000730                Opamp_1_Init
 .text.Opamp_1_Start
                0x0000073c       0x1c .\CortexM3\ARM_GCC_541\Debug\eylons_project.a(Opamp_1.o)
                0x0000073c                Opamp_1_Start
 .text.leds_enable_Write
                0x00000758       0x18 .\CortexM3\ARM_GCC_541\Debug\eylons_project.a(leds_enable.o)
                0x00000758                leds_enable_Write
 .text.PWM_1_WriteCounter
                0x00000770        0xc .\CortexM3\ARM_GCC_541\Debug\eylons_project.a(PWM_1.o)
                0x00000770                PWM_1_WriteCounter
 .text.PWM_1_WritePeriod
                0x0000077c        0xc .\CortexM3\ARM_GCC_541\Debug\eylons_project.a(PWM_1.o)
                0x0000077c                PWM_1_WritePeriod
 .text.PWM_1_WriteCompare
                0x00000788        0xc .\CortexM3\ARM_GCC_541\Debug\eylons_project.a(PWM_1.o)
                0x00000788                PWM_1_WriteCompare
 .text.PWM_1_Init
                0x00000794       0x34 .\CortexM3\ARM_GCC_541\Debug\eylons_project.a(PWM_1.o)
                0x00000794                PWM_1_Init
 .text.PWM_1_Start
                0x000007c8       0x18 .\CortexM3\ARM_GCC_541\Debug\eylons_project.a(PWM_1.o)
                0x000007c8                PWM_1_Start
 .text          0x000007e0       0x20 .\CortexM3\ARM_GCC_541\Debug\eylons_project.a(CyBootAsmGnu.o)
                0x000007e0                CyDelayCycles
                0x000007f0                CyEnterCriticalSection
                0x000007f8                CyExitCriticalSection
 .text.__errno  0x00000800        0xc c:/program files (x86)/cypress/psoc creator/4.4/psoc creator/import/gnu/arm/5.4.1/bin/../lib/gcc/arm-none-eabi/5.4.1/../../../../arm-none-eabi/lib/armv7-m\libg_nano.a(lib_a-errno.o)
                0x00000800                __errno
 .text.__libc_init_array
                0x0000080c       0x4c c:/program files (x86)/cypress/psoc creator/4.4/psoc creator/import/gnu/arm/5.4.1/bin/../lib/gcc/arm-none-eabi/5.4.1/../../../../arm-none-eabi/lib/armv7-m\libg_nano.a(lib_a-init.o)
                0x0000080c                __libc_init_array
 .text.memcpy   0x00000858       0x16 c:/program files (x86)/cypress/psoc creator/4.4/psoc creator/import/gnu/arm/5.4.1/bin/../lib/gcc/arm-none-eabi/5.4.1/../../../../arm-none-eabi/lib/armv7-m\libg_nano.a(lib_a-memcpy-stub.o)
                0x00000858                memcpy
 .text.memset   0x0000086e       0x10 c:/program files (x86)/cypress/psoc creator/4.4/psoc creator/import/gnu/arm/5.4.1/bin/../lib/gcc/arm-none-eabi/5.4.1/../../../../arm-none-eabi/lib/armv7-m\libg_nano.a(lib_a-memset.o)
                0x0000086e                memset
 *(.plt)
 *(.gnu.warning)
 *(.glue_7t)
 .glue_7t       0x0000087e        0x0 linker stubs
 *(.glue_7)
 .glue_7        0x0000087e        0x0 linker stubs
 *(.vfp11_veneer)
 .vfp11_veneer  0x0000087e        0x0 linker stubs
 *(.bootloader)
 *(.ARM.extab* .gnu.linkonce.armextab.*)
 *(.gcc_except_table)

.v4_bx          0x00000880        0x0
 .v4_bx         0x00000880        0x0 linker stubs

.iplt           0x00000880        0x0
 .iplt          0x00000880        0x0 c:/program files (x86)/cypress/psoc creator/4.4/psoc creator/import/gnu/arm/5.4.1/bin/../lib/gcc/arm-none-eabi/5.4.1/armv7-m/crtbegin.o

.eh_frame_hdr
 *(.eh_frame_hdr)

.eh_frame       0x00000880        0x4
 *(.eh_frame)
 .eh_frame      0x00000880        0x0 c:/program files (x86)/cypress/psoc creator/4.4/psoc creator/import/gnu/arm/5.4.1/bin/../lib/gcc/arm-none-eabi/5.4.1/armv7-m/crtbegin.o
 .eh_frame      0x00000880        0x4 c:/program files (x86)/cypress/psoc creator/4.4/psoc creator/import/gnu/arm/5.4.1/bin/../lib/gcc/arm-none-eabi/5.4.1/armv7-m/crtend.o
                [!provide]                PROVIDE (__exidx_start, .)

.ARM.exidx
 *(.ARM.exidx* .gnu.linkonce.armexidx.*)
                0x00000884                __exidx_end = .

.rodata         0x00000884       0x6c
 *(.rodata .rodata.* .gnu.linkonce.r.*)
 .rodata        0x00000884       0x30 .\CortexM3\ARM_GCC_541\Debug\cyfitter_cfg.o
 .rodata.str1.1
                0x000008b4        0x2 c:/program files (x86)/cypress/psoc creator/4.4/psoc creator/import/gnu/arm/5.4.1/bin/../lib/gcc/arm-none-eabi/5.4.1/../../../../arm-none-eabi/lib/armv7-m\libg_nano.a(lib_a-impure.o)
                0x000008b8                . = ALIGN (0x4)
 *fill*         0x000008b6        0x2 
 *(.init)
 .init          0x000008b8        0x4 c:/program files (x86)/cypress/psoc creator/4.4/psoc creator/import/gnu/arm/5.4.1/bin/../lib/gcc/arm-none-eabi/5.4.1/armv7-m/crti.o
                0x000008b8                _init
 .init          0x000008bc        0x8 c:/program files (x86)/cypress/psoc creator/4.4/psoc creator/import/gnu/arm/5.4.1/bin/../lib/gcc/arm-none-eabi/5.4.1/armv7-m/crtn.o
                0x000008c4                . = ALIGN (0x4)
                0x000008c4                __preinit_array_start = .
 *(.preinit_array)
                0x000008c4                __preinit_array_end = .
                0x000008c4                . = ALIGN (0x4)
                0x000008c4                __init_array_start = .
 *(SORT(.init_array.*))
 *(.init_array)
 .init_array    0x000008c4        0x4 c:/program files (x86)/cypress/psoc creator/4.4/psoc creator/import/gnu/arm/5.4.1/bin/../lib/gcc/arm-none-eabi/5.4.1/armv7-m/crtbegin.o
 .init_array    0x000008c8        0x4 .\CortexM3\ARM_GCC_541\Debug\Cm3Start.o
                0x000008cc                __init_array_end = .
                0x000008cc                . = ALIGN (0x4)
 *(.fini)
 .fini          0x000008cc        0x4 c:/program files (x86)/cypress/psoc creator/4.4/psoc creator/import/gnu/arm/5.4.1/bin/../lib/gcc/arm-none-eabi/5.4.1/armv7-m/crti.o
                0x000008cc                _fini
 .fini          0x000008d0        0x8 c:/program files (x86)/cypress/psoc creator/4.4/psoc creator/import/gnu/arm/5.4.1/bin/../lib/gcc/arm-none-eabi/5.4.1/armv7-m/crtn.o
                0x000008d8                . = ALIGN (0x4)
                0x000008d8                __fini_array_start = .
 *(.fini_array)
 .fini_array    0x000008d8        0x4 c:/program files (x86)/cypress/psoc creator/4.4/psoc creator/import/gnu/arm/5.4.1/bin/../lib/gcc/arm-none-eabi/5.4.1/armv7-m/crtbegin.o
 *(SORT(.fini_array.*))
                0x000008dc                __fini_array_end = .
                0x000008dc                . = ALIGN (0x4)
 *crtbegin.o(.ctors)
 *(EXCLUDE_FILE(*crtend.o) .ctors)
 *(SORT(.ctors.*))
 *crtend.o(.ctors)
                0x000008dc                . = ALIGN (0x4)
 *crtbegin.o(.dtors)
 *(EXCLUDE_FILE(*crtend.o) .dtors)
 *(SORT(.dtors.*))
 *crtend.o(.dtors)
                0x000008dc                . = ALIGN (0x4)
                0x000008dc                __cy_regions = .
                0x000008dc        0x4 LONG 0x8f0 __cy_region_init_ram
                0x000008e0        0x4 LONG 0x1fff80c8 __cy_region_start_data
                0x000008e4        0x4 LONG 0x78 __cy_region_init_size_ram
                0x000008e8        0x4 LONG 0x30 __cy_region_zero_size_ram
                0x000008ec                __cy_regions_end = .
                0x000008f0                . = ALIGN (0x8)
 *fill*         0x000008ec        0x4 
                0x000008f0                _etext = .

.cy_checksum_exclude
                0x000008f0        0x0
 *(.cy_checksum_exclude)

.ramvectors     0x1fff8000       0xc0
                0x1fff8000                __cy_region_start_ram = .
 *(.ramvectors)
 .ramvectors    0x1fff8000       0xc0 .\CortexM3\ARM_GCC_541\Debug\Cm3Start.o
                0x1fff8000                CyRamVectors

.noinit         0x1fff80c0        0x1
 *(.noinit)
 .noinit        0x1fff80c0        0x1 .\CortexM3\ARM_GCC_541\Debug\eylons_project.a(CyLib.o)
                0x1fff80c0                CyResetStatus

.data           0x1fff80c8       0x78 load address 0x000008f0
                0x1fff80c8                __cy_region_start_data = .
 *(.jcr)
 .jcr           0x1fff80c8        0x0 c:/program files (x86)/cypress/psoc creator/4.4/psoc creator/import/gnu/arm/5.4.1/bin/../lib/gcc/arm-none-eabi/5.4.1/armv7-m/crtbegin.o
 .jcr           0x1fff80c8        0x4 c:/program files (x86)/cypress/psoc creator/4.4/psoc creator/import/gnu/arm/5.4.1/bin/../lib/gcc/arm-none-eabi/5.4.1/armv7-m/crtend.o
 *(.got.plt)
 *(.got)
 *(.shdata)
 *(.data .data.* .gnu.linkonce.d.*)
 .data          0x1fff80cc       0x10 .\CortexM3\ARM_GCC_541\Debug\eylons_project.a(CyLib.o)
                0x1fff80cc                cydelay_32k_ms
                0x1fff80d0                cydelay_freq_khz
                0x1fff80d4                cydelay_freq_mhz
                0x1fff80d8                cydelay_freq_hz
 .data.impure_data
                0x1fff80dc       0x60 c:/program files (x86)/cypress/psoc creator/4.4/psoc creator/import/gnu/arm/5.4.1/bin/../lib/gcc/arm-none-eabi/5.4.1/../../../../arm-none-eabi/lib/armv7-m\libg_nano.a(lib_a-impure.o)
 .data._impure_ptr
                0x1fff813c        0x4 c:/program files (x86)/cypress/psoc creator/4.4/psoc creator/import/gnu/arm/5.4.1/bin/../lib/gcc/arm-none-eabi/5.4.1/../../../../arm-none-eabi/lib/armv7-m\libg_nano.a(lib_a-impure.o)
                0x1fff813c                _impure_ptr
                0x1fff8140                . = ALIGN (0x8)
 *(.ram)
                0x1fff8140                _edata = .

.igot.plt       0x1fff8140        0x0 load address 0x00000968
 .igot.plt      0x1fff8140        0x0 c:/program files (x86)/cypress/psoc creator/4.4/psoc creator/import/gnu/arm/5.4.1/bin/../lib/gcc/arm-none-eabi/5.4.1/armv7-m/crtbegin.o

.bss            0x1fff8140       0x30 load address 0x00000968
                0x1fff8140                PROVIDE (__bss_start__, .)
 *(.shbss)
 *(.bss .bss.* .gnu.linkonce.b.*)
 .bss           0x1fff8140       0x1c c:/program files (x86)/cypress/psoc creator/4.4/psoc creator/import/gnu/arm/5.4.1/bin/../lib/gcc/arm-none-eabi/5.4.1/armv7-m/crtbegin.o
 .bss           0x1fff815c        0x8 .\CortexM3\ARM_GCC_541\Debug\main.o
                0x1fff815c                direction
                0x1fff815d                state
                0x1fff8160                current_step
 .bss           0x1fff8164        0x1 .\CortexM3\ARM_GCC_541\Debug\eylons_project.a(VDAC8_1.o)
                0x1fff8164                VDAC8_1_initVar
 .bss           0x1fff8165        0x1 .\CortexM3\ARM_GCC_541\Debug\eylons_project.a(Opamp_1.o)
                0x1fff8165                Opamp_1_initVar
 .bss           0x1fff8166        0x1 .\CortexM3\ARM_GCC_541\Debug\eylons_project.a(PWM_1.o)
                0x1fff8166                PWM_1_initVar
 *(COMMON)
 *fill*         0x1fff8167        0x1 
 COMMON         0x1fff8168        0x8 .\CortexM3\ARM_GCC_541\Debug\main.o
                0x1fff8168                current_delay
                0x1fff816c                first_moving_state
                0x1fff8170                . = ALIGN (0x8)
 *(.ram.b)
                0x1fff8170                _end = .
                0x1fff8170                __end = .
                0x1fff8170                PROVIDE (end, .)
                0x1fff8170                PROVIDE (__bss_end__, .)
                0x000008f0                __cy_region_init_ram = LOADADDR (.data)
                0x00000078                __cy_region_init_size_ram = (_edata - ADDR (.data))
                0x00000030                __cy_region_zero_size_ram = (_end - _edata)

.heap           0x1fff8170       0x80 load address 0x00000968
                0x1fff8170                . = _end
                0x1fff81f0                . = (. + 0x80)
 *fill*         0x1fff8170       0x80 
                0x1fff81f0                __cy_heap_limit = .

.stack          0x20007800      0x800
                0x20007800                __cy_stack_limit = .
                0x20008000                . = (. + 0x800)
 *fill*         0x20007800      0x800 
                0x00000001                ASSERT ((__cy_stack_limit >= __cy_heap_limit), region RAM overflowed with stack)
                0x00000000                cy_checksum_exclude_size = (CY_APPL_LOADABLE == 0x1)?SIZEOF (.cy_checksum_exclude):0x0
                0x00000001                ASSERT ((cy_checksum_exclude_size <= CY_CHECKSUM_EXCLUDE_SIZE), CY_BOOT: Section .cy_checksum_exclude size exceedes specified limit.)

.cyloadermeta
 *(.cyloadermeta)

.cyloadablemeta
 *(.cyloadablemeta)

.cyconfigecc    0x80000000      0x124
 *(.cyconfigecc)
 .cyconfigecc   0x80000000      0x124 .\CortexM3\ARM_GCC_541\Debug\cymetadata.o
                0x80000000                cy_meta_configecc

.cycustnvl      0x90000000        0x4
 *(.cycustnvl)
 .cycustnvl     0x90000000        0x4 .\CortexM3\ARM_GCC_541\Debug\cymetadata.o
                0x90000000                cy_meta_custnvl

.cywolatch      0x90100000        0x4
 *(.cywolatch)
 .cywolatch     0x90100000        0x4 .\CortexM3\ARM_GCC_541\Debug\cymetadata.o
                0x90100000                cy_meta_wonvl

.cyeeprom       0x90200000        0x0
 *(.cyeeprom)
                0x00000001                ASSERT ((. <= ((0x90200000 + ee_offset) + ee_size)), .cyeeprom data will not fit in EEPROM)

.cyflashprotect
                0x90400000      0x100
 *(.cyflashprotect)
 .cyflashprotect
                0x90400000      0x100 .\CortexM3\ARM_GCC_541\Debug\cymetadata.o
                0x90400000                cy_meta_flashprotect

.cymeta         0x90500000        0xc
 *(.cymeta)
 .cymeta        0x90500000        0xc .\CortexM3\ARM_GCC_541\Debug\cymetadata.o
                0x90500000                cy_metadata

.rel.dyn        0x00000968        0x0 load address 0x9050000c
 .rel.iplt      0x00000968        0x0 c:/program files (x86)/cypress/psoc creator/4.4/psoc creator/import/gnu/arm/5.4.1/bin/../lib/gcc/arm-none-eabi/5.4.1/armv7-m/crtbegin.o

.stab
 *(.stab)

.stabstr
 *(.stabstr)

.debug
 *(.debug)

.line
 *(.line)

.debug_srcinfo
 *(.debug_srcinfo)

.debug_sfnames
 *(.debug_sfnames)

.debug_aranges  0x00000000      0x790
 *(.debug_aranges)
 .debug_aranges
                0x00000000       0x20 .\CortexM3\ARM_GCC_541\Debug\main.o
 .debug_aranges
                0x00000020       0x58 .\CortexM3\ARM_GCC_541\Debug\cyfitter_cfg.o
 .debug_aranges
                0x00000078       0x18 .\CortexM3\ARM_GCC_541\Debug\cymetadata.o
 .debug_aranges
                0x00000090       0x48 .\CortexM3\ARM_GCC_541\Debug\Cm3Start.o
 .debug_aranges
                0x000000d8      0x2a0 .\CortexM3\ARM_GCC_541\Debug\eylons_project.a(CyLib.o)
 .debug_aranges
                0x00000378       0x98 .\CortexM3\ARM_GCC_541\Debug\eylons_project.a(cyPm.o)
 .debug_aranges
                0x00000410       0x38 .\CortexM3\ARM_GCC_541\Debug\eylons_project.a(pulse_out.o)
 .debug_aranges
                0x00000448       0x38 .\CortexM3\ARM_GCC_541\Debug\eylons_project.a(direction_out.o)
 .debug_aranges
                0x00000480       0x38 .\CortexM3\ARM_GCC_541\Debug\eylons_project.a(sensor_left.o)
 .debug_aranges
                0x000004b8       0x38 .\CortexM3\ARM_GCC_541\Debug\eylons_project.a(sensor_right.o)
 .debug_aranges
                0x000004f0       0x38 .\CortexM3\ARM_GCC_541\Debug\eylons_project.a(operation_input.o)
 .debug_aranges
                0x00000528       0x58 .\CortexM3\ARM_GCC_541\Debug\eylons_project.a(VDAC8_1.o)
 .debug_aranges
                0x00000580       0x40 .\CortexM3\ARM_GCC_541\Debug\eylons_project.a(Opamp_1.o)
 .debug_aranges
                0x000005c0       0x38 .\CortexM3\ARM_GCC_541\Debug\eylons_project.a(leds_enable.o)
 .debug_aranges
                0x000005f8       0x70 .\CortexM3\ARM_GCC_541\Debug\eylons_project.a(PWM_1.o)
 .debug_aranges
                0x00000668       0x20 .\CortexM3\ARM_GCC_541\Debug\eylons_project.a(CyBootAsmGnu.o)
 .debug_aranges
                0x00000688       0x88 .\CortexM3\ARM_GCC_541\Debug\eylons_project.a(CyFlash.o)
 .debug_aranges
                0x00000710       0x80 .\CortexM3\ARM_GCC_541\Debug\eylons_project.a(CySpc.o)

.debug_pubnames
 *(.debug_pubnames)

.debug_info     0x00000000     0x432e
 *(.debug_info .gnu.linkonce.wi.*)
 .debug_info    0x00000000      0x375 .\CortexM3\ARM_GCC_541\Debug\main.o
 .debug_info    0x00000375      0x4c9 .\CortexM3\ARM_GCC_541\Debug\cyfitter_cfg.o
 .debug_info    0x0000083e      0x135 .\CortexM3\ARM_GCC_541\Debug\cymetadata.o
 .debug_info    0x00000973      0x3bb .\CortexM3\ARM_GCC_541\Debug\Cm3Start.o
 .debug_info    0x00000d2e     0x1374 .\CortexM3\ARM_GCC_541\Debug\eylons_project.a(CyLib.o)
 .debug_info    0x000020a2      0xa2a .\CortexM3\ARM_GCC_541\Debug\eylons_project.a(cyPm.o)
 .debug_info    0x00002acc      0x11f .\CortexM3\ARM_GCC_541\Debug\eylons_project.a(pulse_out.o)
 .debug_info    0x00002beb      0x11f .\CortexM3\ARM_GCC_541\Debug\eylons_project.a(direction_out.o)
 .debug_info    0x00002d0a      0x11f .\CortexM3\ARM_GCC_541\Debug\eylons_project.a(sensor_left.o)
 .debug_info    0x00002e29      0x11f .\CortexM3\ARM_GCC_541\Debug\eylons_project.a(sensor_right.o)
 .debug_info    0x00002f48      0x11f .\CortexM3\ARM_GCC_541\Debug\eylons_project.a(operation_input.o)
 .debug_info    0x00003067      0x1de .\CortexM3\ARM_GCC_541\Debug\eylons_project.a(VDAC8_1.o)
 .debug_info    0x00003245      0x151 .\CortexM3\ARM_GCC_541\Debug\eylons_project.a(Opamp_1.o)
 .debug_info    0x00003396      0x11f .\CortexM3\ARM_GCC_541\Debug\eylons_project.a(leds_enable.o)
 .debug_info    0x000034b5      0x232 .\CortexM3\ARM_GCC_541\Debug\eylons_project.a(PWM_1.o)
 .debug_info    0x000036e7       0xaa .\CortexM3\ARM_GCC_541\Debug\eylons_project.a(CyBootAsmGnu.o)
 .debug_info    0x00003791      0x64d .\CortexM3\ARM_GCC_541\Debug\eylons_project.a(CyFlash.o)
 .debug_info    0x00003dde      0x550 .\CortexM3\ARM_GCC_541\Debug\eylons_project.a(CySpc.o)

.debug_abbrev   0x00000000     0x126b
 *(.debug_abbrev)
 .debug_abbrev  0x00000000       0xd5 .\CortexM3\ARM_GCC_541\Debug\main.o
 .debug_abbrev  0x000000d5      0x1fe .\CortexM3\ARM_GCC_541\Debug\cyfitter_cfg.o
 .debug_abbrev  0x000002d3       0x66 .\CortexM3\ARM_GCC_541\Debug\cymetadata.o
 .debug_abbrev  0x00000339      0x1e8 .\CortexM3\ARM_GCC_541\Debug\Cm3Start.o
 .debug_abbrev  0x00000521      0x254 .\CortexM3\ARM_GCC_541\Debug\eylons_project.a(CyLib.o)
 .debug_abbrev  0x00000775      0x1ab .\CortexM3\ARM_GCC_541\Debug\eylons_project.a(cyPm.o)
 .debug_abbrev  0x00000920       0x90 .\CortexM3\ARM_GCC_541\Debug\eylons_project.a(pulse_out.o)
 .debug_abbrev  0x000009b0       0x90 .\CortexM3\ARM_GCC_541\Debug\eylons_project.a(direction_out.o)
 .debug_abbrev  0x00000a40       0x90 .\CortexM3\ARM_GCC_541\Debug\eylons_project.a(sensor_left.o)
 .debug_abbrev  0x00000ad0       0x90 .\CortexM3\ARM_GCC_541\Debug\eylons_project.a(sensor_right.o)
 .debug_abbrev  0x00000b60       0x90 .\CortexM3\ARM_GCC_541\Debug\eylons_project.a(operation_input.o)
 .debug_abbrev  0x00000bf0       0xf7 .\CortexM3\ARM_GCC_541\Debug\eylons_project.a(VDAC8_1.o)
 .debug_abbrev  0x00000ce7       0xb2 .\CortexM3\ARM_GCC_541\Debug\eylons_project.a(Opamp_1.o)
 .debug_abbrev  0x00000d99       0x90 .\CortexM3\ARM_GCC_541\Debug\eylons_project.a(leds_enable.o)
 .debug_abbrev  0x00000e29       0xf3 .\CortexM3\ARM_GCC_541\Debug\eylons_project.a(PWM_1.o)
 .debug_abbrev  0x00000f1c       0x14 .\CortexM3\ARM_GCC_541\Debug\eylons_project.a(CyBootAsmGnu.o)
 .debug_abbrev  0x00000f30      0x1a7 .\CortexM3\ARM_GCC_541\Debug\eylons_project.a(CyFlash.o)
 .debug_abbrev  0x000010d7      0x194 .\CortexM3\ARM_GCC_541\Debug\eylons_project.a(CySpc.o)

.debug_line     0x00000000     0x1e10
 *(.debug_line)
 .debug_line    0x00000000      0x22d .\CortexM3\ARM_GCC_541\Debug\main.o
 .debug_line    0x0000022d      0x1de .\CortexM3\ARM_GCC_541\Debug\cyfitter_cfg.o
 .debug_line    0x0000040b      0x141 .\CortexM3\ARM_GCC_541\Debug\cymetadata.o
 .debug_line    0x0000054c      0x234 .\CortexM3\ARM_GCC_541\Debug\Cm3Start.o
 .debug_line    0x00000780      0x816 .\CortexM3\ARM_GCC_541\Debug\eylons_project.a(CyLib.o)
 .debug_line    0x00000f96      0x367 .\CortexM3\ARM_GCC_541\Debug\eylons_project.a(cyPm.o)
 .debug_line    0x000012fd       0x96 .\CortexM3\ARM_GCC_541\Debug\eylons_project.a(pulse_out.o)
 .debug_line    0x00001393       0x9a .\CortexM3\ARM_GCC_541\Debug\eylons_project.a(direction_out.o)
 .debug_line    0x0000142d       0x98 .\CortexM3\ARM_GCC_541\Debug\eylons_project.a(sensor_left.o)
 .debug_line    0x000014c5       0x99 .\CortexM3\ARM_GCC_541\Debug\eylons_project.a(sensor_right.o)
 .debug_line    0x0000155e       0x9c .\CortexM3\ARM_GCC_541\Debug\eylons_project.a(operation_input.o)
 .debug_line    0x000015fa       0xe3 .\CortexM3\ARM_GCC_541\Debug\eylons_project.a(VDAC8_1.o)
 .debug_line    0x000016dd       0xaa .\CortexM3\ARM_GCC_541\Debug\eylons_project.a(Opamp_1.o)
 .debug_line    0x00001787       0x98 .\CortexM3\ARM_GCC_541\Debug\eylons_project.a(leds_enable.o)
 .debug_line    0x0000181f      0x111 .\CortexM3\ARM_GCC_541\Debug\eylons_project.a(PWM_1.o)
 .debug_line    0x00001930       0x66 .\CortexM3\ARM_GCC_541\Debug\eylons_project.a(CyBootAsmGnu.o)
 .debug_line    0x00001996      0x21a .\CortexM3\ARM_GCC_541\Debug\eylons_project.a(CyFlash.o)
 .debug_line    0x00001bb0      0x260 .\CortexM3\ARM_GCC_541\Debug\eylons_project.a(CySpc.o)

.debug_frame    0x00000000     0x12ac
 *(.debug_frame)
 .debug_frame   0x00000000       0x2c .\CortexM3\ARM_GCC_541\Debug\main.o
 .debug_frame   0x0000002c       0xe4 .\CortexM3\ARM_GCC_541\Debug\cyfitter_cfg.o
 .debug_frame   0x00000110       0xb8 .\CortexM3\ARM_GCC_541\Debug\Cm3Start.o
 .debug_frame   0x000001c8      0x738 .\CortexM3\ARM_GCC_541\Debug\eylons_project.a(CyLib.o)
 .debug_frame   0x00000900      0x1f8 .\CortexM3\ARM_GCC_541\Debug\eylons_project.a(cyPm.o)
 .debug_frame   0x00000af8       0x50 .\CortexM3\ARM_GCC_541\Debug\eylons_project.a(pulse_out.o)
 .debug_frame   0x00000b48       0x50 .\CortexM3\ARM_GCC_541\Debug\eylons_project.a(direction_out.o)
 .debug_frame   0x00000b98       0x50 .\CortexM3\ARM_GCC_541\Debug\eylons_project.a(sensor_left.o)
 .debug_frame   0x00000be8       0x50 .\CortexM3\ARM_GCC_541\Debug\eylons_project.a(sensor_right.o)
 .debug_frame   0x00000c38       0x50 .\CortexM3\ARM_GCC_541\Debug\eylons_project.a(operation_input.o)
 .debug_frame   0x00000c88       0xb4 .\CortexM3\ARM_GCC_541\Debug\eylons_project.a(VDAC8_1.o)
 .debug_frame   0x00000d3c       0x78 .\CortexM3\ARM_GCC_541\Debug\eylons_project.a(Opamp_1.o)
 .debug_frame   0x00000db4       0x50 .\CortexM3\ARM_GCC_541\Debug\eylons_project.a(leds_enable.o)
 .debug_frame   0x00000e04       0xd8 .\CortexM3\ARM_GCC_541\Debug\eylons_project.a(PWM_1.o)
 .debug_frame   0x00000edc      0x194 .\CortexM3\ARM_GCC_541\Debug\eylons_project.a(CyFlash.o)
 .debug_frame   0x00001070      0x180 .\CortexM3\ARM_GCC_541\Debug\eylons_project.a(CySpc.o)
 .debug_frame   0x000011f0       0x20 c:/program files (x86)/cypress/psoc creator/4.4/psoc creator/import/gnu/arm/5.4.1/bin/../lib/gcc/arm-none-eabi/5.4.1/../../../../arm-none-eabi/lib/armv7-m\libg_nano.a(lib_a-errno.o)
 .debug_frame   0x00001210       0x28 c:/program files (x86)/cypress/psoc creator/4.4/psoc creator/import/gnu/arm/5.4.1/bin/../lib/gcc/arm-none-eabi/5.4.1/../../../../arm-none-eabi/lib/armv7-m\libg_nano.a(lib_a-exit.o)
 .debug_frame   0x00001238       0x2c c:/program files (x86)/cypress/psoc creator/4.4/psoc creator/import/gnu/arm/5.4.1/bin/../lib/gcc/arm-none-eabi/5.4.1/../../../../arm-none-eabi/lib/armv7-m\libg_nano.a(lib_a-init.o)
 .debug_frame   0x00001264       0x28 c:/program files (x86)/cypress/psoc creator/4.4/psoc creator/import/gnu/arm/5.4.1/bin/../lib/gcc/arm-none-eabi/5.4.1/../../../../arm-none-eabi/lib/armv7-m\libg_nano.a(lib_a-memcpy-stub.o)
 .debug_frame   0x0000128c       0x20 c:/program files (x86)/cypress/psoc creator/4.4/psoc creator/import/gnu/arm/5.4.1/bin/../lib/gcc/arm-none-eabi/5.4.1/../../../../arm-none-eabi/lib/armv7-m\libg_nano.a(lib_a-memset.o)

.debug_str      0x00000000     0x18f2
 *(.debug_str)
 .debug_str     0x00000000      0x33f .\CortexM3\ARM_GCC_541\Debug\main.o
                                0x3a3 (size before relaxing)
 .debug_str     0x0000033f      0x187 .\CortexM3\ARM_GCC_541\Debug\cyfitter_cfg.o
                                0x329 (size before relaxing)
 .debug_str     0x000004c6       0x7f .\CortexM3\ARM_GCC_541\Debug\cymetadata.o
                                0x1fe (size before relaxing)
 .debug_str     0x00000545      0x144 .\CortexM3\ARM_GCC_541\Debug\Cm3Start.o
                                0x324 (size before relaxing)
 .debug_str     0x00000689      0x844 .\CortexM3\ARM_GCC_541\Debug\eylons_project.a(CyLib.o)
                                0xa61 (size before relaxing)
 .debug_str     0x00000ecd      0x365 .\CortexM3\ARM_GCC_541\Debug\eylons_project.a(cyPm.o)
                                0x74d (size before relaxing)
 .debug_str     0x00001232       0x5b .\CortexM3\ARM_GCC_541\Debug\eylons_project.a(pulse_out.o)
                                0x210 (size before relaxing)
 .debug_str     0x0000128d       0x6f .\CortexM3\ARM_GCC_541\Debug\eylons_project.a(direction_out.o)
                                0x224 (size before relaxing)
 .debug_str     0x000012fc       0x68 .\CortexM3\ARM_GCC_541\Debug\eylons_project.a(sensor_left.o)
                                0x21a (size before relaxing)
 .debug_str     0x00001364       0x6c .\CortexM3\ARM_GCC_541\Debug\eylons_project.a(sensor_right.o)
                                0x21f (size before relaxing)
 .debug_str     0x000013d0       0x78 .\CortexM3\ARM_GCC_541\Debug\eylons_project.a(operation_input.o)
                                0x22e (size before relaxing)
 .debug_str     0x00001448       0x98 .\CortexM3\ARM_GCC_541\Debug\eylons_project.a(VDAC8_1.o)
                                0x24d (size before relaxing)
 .debug_str     0x000014e0       0x5e .\CortexM3\ARM_GCC_541\Debug\eylons_project.a(Opamp_1.o)
                                0x21f (size before relaxing)
 .debug_str     0x0000153e       0x67 .\CortexM3\ARM_GCC_541\Debug\eylons_project.a(leds_enable.o)
                                0x21a (size before relaxing)
 .debug_str     0x000015a5       0xe6 .\CortexM3\ARM_GCC_541\Debug\eylons_project.a(PWM_1.o)
                                0x29f (size before relaxing)
 .debug_str     0x0000168b      0x1bb .\CortexM3\ARM_GCC_541\Debug\eylons_project.a(CyFlash.o)
                                0x3da (size before relaxing)
 .debug_str     0x00001846       0xac .\CortexM3\ARM_GCC_541\Debug\eylons_project.a(CySpc.o)
                                0x352 (size before relaxing)

.debug_loc      0x00000000     0x1bed
 *(.debug_loc)
 .debug_loc     0x00000000      0x1d7 .\CortexM3\ARM_GCC_541\Debug\cyfitter_cfg.o
 .debug_loc     0x000001d7      0x144 .\CortexM3\ARM_GCC_541\Debug\Cm3Start.o
 .debug_loc     0x0000031b      0xa11 .\CortexM3\ARM_GCC_541\Debug\eylons_project.a(CyLib.o)
 .debug_loc     0x00000d2c      0x1e4 .\CortexM3\ARM_GCC_541\Debug\eylons_project.a(cyPm.o)
 .debug_loc     0x00000f10       0x42 .\CortexM3\ARM_GCC_541\Debug\eylons_project.a(pulse_out.o)
 .debug_loc     0x00000f52       0x42 .\CortexM3\ARM_GCC_541\Debug\eylons_project.a(direction_out.o)
 .debug_loc     0x00000f94       0x42 .\CortexM3\ARM_GCC_541\Debug\eylons_project.a(sensor_left.o)
 .debug_loc     0x00000fd6       0x42 .\CortexM3\ARM_GCC_541\Debug\eylons_project.a(sensor_right.o)
 .debug_loc     0x00001018       0x42 .\CortexM3\ARM_GCC_541\Debug\eylons_project.a(operation_input.o)
 .debug_loc     0x0000105a       0x79 .\CortexM3\ARM_GCC_541\Debug\eylons_project.a(VDAC8_1.o)
 .debug_loc     0x000010d3       0x21 .\CortexM3\ARM_GCC_541\Debug\eylons_project.a(Opamp_1.o)
 .debug_loc     0x000010f4       0x42 .\CortexM3\ARM_GCC_541\Debug\eylons_project.a(leds_enable.o)
 .debug_loc     0x00001136      0x3b2 .\CortexM3\ARM_GCC_541\Debug\eylons_project.a(CyFlash.o)
 .debug_loc     0x000014e8      0x705 .\CortexM3\ARM_GCC_541\Debug\eylons_project.a(CySpc.o)

.debug_macinfo
 *(.debug_macinfo)

.debug_ranges   0x00000000      0x658
 *(.debug_ranges)
 .debug_ranges  0x00000000       0x10 .\CortexM3\ARM_GCC_541\Debug\main.o
 .debug_ranges  0x00000010       0x48 .\CortexM3\ARM_GCC_541\Debug\cyfitter_cfg.o
 .debug_ranges  0x00000058       0x38 .\CortexM3\ARM_GCC_541\Debug\Cm3Start.o
 .debug_ranges  0x00000090      0x290 .\CortexM3\ARM_GCC_541\Debug\eylons_project.a(CyLib.o)
 .debug_ranges  0x00000320       0x88 .\CortexM3\ARM_GCC_541\Debug\eylons_project.a(cyPm.o)
 .debug_ranges  0x000003a8       0x28 .\CortexM3\ARM_GCC_541\Debug\eylons_project.a(pulse_out.o)
 .debug_ranges  0x000003d0       0x28 .\CortexM3\ARM_GCC_541\Debug\eylons_project.a(direction_out.o)
 .debug_ranges  0x000003f8       0x28 .\CortexM3\ARM_GCC_541\Debug\eylons_project.a(sensor_left.o)
 .debug_ranges  0x00000420       0x28 .\CortexM3\ARM_GCC_541\Debug\eylons_project.a(sensor_right.o)
 .debug_ranges  0x00000448       0x28 .\CortexM3\ARM_GCC_541\Debug\eylons_project.a(operation_input.o)
 .debug_ranges  0x00000470       0x48 .\CortexM3\ARM_GCC_541\Debug\eylons_project.a(VDAC8_1.o)
 .debug_ranges  0x000004b8       0x30 .\CortexM3\ARM_GCC_541\Debug\eylons_project.a(Opamp_1.o)
 .debug_ranges  0x000004e8       0x28 .\CortexM3\ARM_GCC_541\Debug\eylons_project.a(leds_enable.o)
 .debug_ranges  0x00000510       0x60 .\CortexM3\ARM_GCC_541\Debug\eylons_project.a(PWM_1.o)
 .debug_ranges  0x00000570       0x78 .\CortexM3\ARM_GCC_541\Debug\eylons_project.a(CyFlash.o)
 .debug_ranges  0x000005e8       0x70 .\CortexM3\ARM_GCC_541\Debug\eylons_project.a(CySpc.o)

.comment        0x00000000       0x6e
 .comment       0x00000000       0x6e .\CortexM3\ARM_GCC_541\Debug\main.o
                                 0x6f (size before relaxing)
 .comment       0x0000006e       0x6f .\CortexM3\ARM_GCC_541\Debug\cyfitter_cfg.o
 .comment       0x0000006e       0x6f .\CortexM3\ARM_GCC_541\Debug\cymetadata.o
 .comment       0x0000006e       0x6f .\CortexM3\ARM_GCC_541\Debug\Cm3Start.o
 .comment       0x0000006e       0x6f .\CortexM3\ARM_GCC_541\Debug\eylons_project.a(CyLib.o)
 .comment       0x0000006e       0x6f .\CortexM3\ARM_GCC_541\Debug\eylons_project.a(cyPm.o)
 .comment       0x0000006e       0x6f .\CortexM3\ARM_GCC_541\Debug\eylons_project.a(pulse_out.o)
 .comment       0x0000006e       0x6f .\CortexM3\ARM_GCC_541\Debug\eylons_project.a(direction_out.o)
 .comment       0x0000006e       0x6f .\CortexM3\ARM_GCC_541\Debug\eylons_project.a(sensor_left.o)
 .comment       0x0000006e       0x6f .\CortexM3\ARM_GCC_541\Debug\eylons_project.a(sensor_right.o)
 .comment       0x0000006e       0x6f .\CortexM3\ARM_GCC_541\Debug\eylons_project.a(operation_input.o)
 .comment       0x0000006e       0x6f .\CortexM3\ARM_GCC_541\Debug\eylons_project.a(VDAC8_1.o)
 .comment       0x0000006e       0x6f .\CortexM3\ARM_GCC_541\Debug\eylons_project.a(Opamp_1.o)
 .comment       0x0000006e       0x6f .\CortexM3\ARM_GCC_541\Debug\eylons_project.a(leds_enable.o)
 .comment       0x0000006e       0x6f .\CortexM3\ARM_GCC_541\Debug\eylons_project.a(PWM_1.o)
 .comment       0x0000006e       0x6f .\CortexM3\ARM_GCC_541\Debug\eylons_project.a(CyFlash.o)
 .comment       0x0000006e       0x6f .\CortexM3\ARM_GCC_541\Debug\eylons_project.a(CySpc.o)

.debug_weaknames
 *(.debug_weaknames)

.debug_funcnames
 *(.debug_funcnames)

.debug_typenames
 *(.debug_typenames)

.debug_varnames
 *(.debug_varnames)

.note.gnu.arm.ident
 *(.note.gnu.arm.ident)

.ARM.attributes
                0x00000000       0x29
 *(.ARM.attributes)
 .ARM.attributes
                0x00000000       0x1d c:/program files (x86)/cypress/psoc creator/4.4/psoc creator/import/gnu/arm/5.4.1/bin/../lib/gcc/arm-none-eabi/5.4.1/armv7-m/crti.o
 .ARM.attributes
                0x0000001d       0x2d c:/program files (x86)/cypress/psoc creator/4.4/psoc creator/import/gnu/arm/5.4.1/bin/../lib/gcc/arm-none-eabi/5.4.1/armv7-m/crtbegin.o
 .ARM.attributes
                0x0000004a       0x1b c:/program files (x86)/cypress/psoc creator/4.4/psoc creator/import/gnu/arm/5.4.1/bin/../lib/gcc/arm-none-eabi/5.4.1/../../../../arm-none-eabi/lib/armv7-m/crt0.o
 .ARM.attributes
                0x00000065       0x33 .\CortexM3\ARM_GCC_541\Debug\main.o
 .ARM.attributes
                0x00000098       0x33 .\CortexM3\ARM_GCC_541\Debug\cyfitter_cfg.o
 .ARM.attributes
                0x000000cb       0x33 .\CortexM3\ARM_GCC_541\Debug\cymetadata.o
 .ARM.attributes
                0x000000fe       0x33 .\CortexM3\ARM_GCC_541\Debug\Cm3Start.o
 .ARM.attributes
                0x00000131       0x33 .\CortexM3\ARM_GCC_541\Debug\eylons_project.a(CyLib.o)
 .ARM.attributes
                0x00000164       0x33 .\CortexM3\ARM_GCC_541\Debug\eylons_project.a(cyPm.o)
 .ARM.attributes
                0x00000197       0x33 .\CortexM3\ARM_GCC_541\Debug\eylons_project.a(pulse_out.o)
 .ARM.attributes
                0x000001ca       0x33 .\CortexM3\ARM_GCC_541\Debug\eylons_project.a(direction_out.o)
 .ARM.attributes
                0x000001fd       0x33 .\CortexM3\ARM_GCC_541\Debug\eylons_project.a(sensor_left.o)
 .ARM.attributes
                0x00000230       0x33 .\CortexM3\ARM_GCC_541\Debug\eylons_project.a(sensor_right.o)
 .ARM.attributes
                0x00000263       0x33 .\CortexM3\ARM_GCC_541\Debug\eylons_project.a(operation_input.o)
 .ARM.attributes
                0x00000296       0x33 .\CortexM3\ARM_GCC_541\Debug\eylons_project.a(VDAC8_1.o)
 .ARM.attributes
                0x000002c9       0x33 .\CortexM3\ARM_GCC_541\Debug\eylons_project.a(Opamp_1.o)
 .ARM.attributes
                0x000002fc       0x33 .\CortexM3\ARM_GCC_541\Debug\eylons_project.a(leds_enable.o)
 .ARM.attributes
                0x0000032f       0x33 .\CortexM3\ARM_GCC_541\Debug\eylons_project.a(PWM_1.o)
 .ARM.attributes
                0x00000362       0x21 .\CortexM3\ARM_GCC_541\Debug\eylons_project.a(CyBootAsmGnu.o)
 .ARM.attributes
                0x00000383       0x33 .\CortexM3\ARM_GCC_541\Debug\eylons_project.a(CyFlash.o)
 .ARM.attributes
                0x000003b6       0x33 .\CortexM3\ARM_GCC_541\Debug\eylons_project.a(CySpc.o)
 .ARM.attributes
                0x000003e9       0x2d c:/program files (x86)/cypress/psoc creator/4.4/psoc creator/import/gnu/arm/5.4.1/bin/../lib/gcc/arm-none-eabi/5.4.1/../../../../arm-none-eabi/lib/armv7-m\libg_nano.a(lib_a-errno.o)
 .ARM.attributes
                0x00000416       0x2d c:/program files (x86)/cypress/psoc creator/4.4/psoc creator/import/gnu/arm/5.4.1/bin/../lib/gcc/arm-none-eabi/5.4.1/../../../../arm-none-eabi/lib/armv7-m\libg_nano.a(lib_a-exit.o)
 .ARM.attributes
                0x00000443       0x2d c:/program files (x86)/cypress/psoc creator/4.4/psoc creator/import/gnu/arm/5.4.1/bin/../lib/gcc/arm-none-eabi/5.4.1/../../../../arm-none-eabi/lib/armv7-m\libg_nano.a(lib_a-impure.o)
 .ARM.attributes
                0x00000470       0x2d c:/program files (x86)/cypress/psoc creator/4.4/psoc creator/import/gnu/arm/5.4.1/bin/../lib/gcc/arm-none-eabi/5.4.1/../../../../arm-none-eabi/lib/armv7-m\libg_nano.a(lib_a-init.o)
 .ARM.attributes
                0x0000049d       0x2d c:/program files (x86)/cypress/psoc creator/4.4/psoc creator/import/gnu/arm/5.4.1/bin/../lib/gcc/arm-none-eabi/5.4.1/../../../../arm-none-eabi/lib/armv7-m\libg_nano.a(lib_a-memcpy-stub.o)
 .ARM.attributes
                0x000004ca       0x2d c:/program files (x86)/cypress/psoc creator/4.4/psoc creator/import/gnu/arm/5.4.1/bin/../lib/gcc/arm-none-eabi/5.4.1/../../../../arm-none-eabi/lib/armv7-m\libg_nano.a(lib_a-memset.o)
 .ARM.attributes
                0x000004f7       0x2d c:/program files (x86)/cypress/psoc creator/4.4/psoc creator/import/gnu/arm/5.4.1/bin/../lib/gcc/arm-none-eabi/5.4.1/armv7-m/crtend.o
 .ARM.attributes
                0x00000524       0x1d c:/program files (x86)/cypress/psoc creator/4.4/psoc creator/import/gnu/arm/5.4.1/bin/../lib/gcc/arm-none-eabi/5.4.1/armv7-m/crtn.o

/DISCARD/
 *(.note.GNU-stack)
OUTPUT(C:\Users\eylonk\university_project\university_project\main\Workspace01\eylons_project.cydsn\CortexM3\ARM_GCC_541\Debug\eylons_project.elf elf32-littlearm)
